Archive member included to satisfy reference by file (symbol)

/usr/lib/gcc/arm-none-eabi/6.3.1/thumb/v6-m/libgcc.a(_dvmd_tls.o)
                              CMakeFiles/main.dir/home/jgettys/Development/pico-sdk/src/rp2_common/pico_divider/divider.S.obj (__aeabi_idiv0)
/usr/lib/gcc/arm-none-eabi/6.3.1/../../../arm-none-eabi/lib/thumb/v6-m/libg.a(lib_a-atexit.o)
                              /usr/lib/gcc/arm-none-eabi/6.3.1/../../../arm-none-eabi/lib/thumb/v6-m/crt0.o (atexit)
/usr/lib/gcc/arm-none-eabi/6.3.1/../../../arm-none-eabi/lib/thumb/v6-m/libg.a(lib_a-calloc.o)
                              CMakeFiles/main.dir/home/jgettys/Development/pico-sdk/src/rp2_common/pico_malloc/pico_malloc.c.obj (calloc)
/usr/lib/gcc/arm-none-eabi/6.3.1/../../../arm-none-eabi/lib/thumb/v6-m/libg.a(lib_a-callocr.o)
                              /usr/lib/gcc/arm-none-eabi/6.3.1/../../../arm-none-eabi/lib/thumb/v6-m/libg.a(lib_a-calloc.o) (_calloc_r)
/usr/lib/gcc/arm-none-eabi/6.3.1/../../../arm-none-eabi/lib/thumb/v6-m/libg.a(lib_a-fini.o)
                              /usr/lib/gcc/arm-none-eabi/6.3.1/../../../arm-none-eabi/lib/thumb/v6-m/crt0.o (__libc_fini_array)
/usr/lib/gcc/arm-none-eabi/6.3.1/../../../arm-none-eabi/lib/thumb/v6-m/libg.a(lib_a-impure.o)
                              CMakeFiles/main.dir/home/jgettys/Development/pico-sdk/src/common/pico_util/pheap.c.obj (_impure_ptr)
/usr/lib/gcc/arm-none-eabi/6.3.1/../../../arm-none-eabi/lib/thumb/v6-m/libg.a(lib_a-init.o)
                              /usr/lib/gcc/arm-none-eabi/6.3.1/../../../arm-none-eabi/lib/thumb/v6-m/crt0.o (__libc_init_array)
/usr/lib/gcc/arm-none-eabi/6.3.1/../../../arm-none-eabi/lib/thumb/v6-m/libg.a(lib_a-malloc.o)
                              CMakeFiles/main.dir/home/jgettys/Development/pico-sdk/src/rp2_common/pico_malloc/pico_malloc.c.obj (malloc)
/usr/lib/gcc/arm-none-eabi/6.3.1/../../../arm-none-eabi/lib/thumb/v6-m/libg.a(lib_a-mallocr.o)
                              /usr/lib/gcc/arm-none-eabi/6.3.1/../../../arm-none-eabi/lib/thumb/v6-m/libg.a(lib_a-callocr.o) (_malloc_r)
/usr/lib/gcc/arm-none-eabi/6.3.1/../../../arm-none-eabi/lib/thumb/v6-m/libg.a(lib_a-mlock.o)
                              /usr/lib/gcc/arm-none-eabi/6.3.1/../../../arm-none-eabi/lib/thumb/v6-m/libg.a(lib_a-mallocr.o) (__malloc_lock)
/usr/lib/gcc/arm-none-eabi/6.3.1/../../../arm-none-eabi/lib/thumb/v6-m/libg.a(lib_a-sbrkr.o)
                              /usr/lib/gcc/arm-none-eabi/6.3.1/../../../arm-none-eabi/lib/thumb/v6-m/libg.a(lib_a-mallocr.o) (_sbrk_r)
/usr/lib/gcc/arm-none-eabi/6.3.1/../../../arm-none-eabi/lib/thumb/v6-m/libg.a(lib_a-strlen-stub.o)
                              CMakeFiles/main.dir/home/jgettys/Development/pico-sdk/src/rp2_common/pico_stdio/stdio.c.obj (strlen)
/usr/lib/gcc/arm-none-eabi/6.3.1/../../../arm-none-eabi/lib/thumb/v6-m/libg.a(lib_a-wbuf.o)
                              CMakeFiles/main.dir/home/jgettys/Development/pico-sdk/src/common/pico_util/pheap.c.obj (__swbuf_r)
/usr/lib/gcc/arm-none-eabi/6.3.1/../../../arm-none-eabi/lib/thumb/v6-m/libg.a(lib_a-wsetup.o)
                              /usr/lib/gcc/arm-none-eabi/6.3.1/../../../arm-none-eabi/lib/thumb/v6-m/libg.a(lib_a-wbuf.o) (__swsetup_r)
/usr/lib/gcc/arm-none-eabi/6.3.1/../../../arm-none-eabi/lib/thumb/v6-m/libg.a(lib_a-__atexit.o)
                              /usr/lib/gcc/arm-none-eabi/6.3.1/../../../arm-none-eabi/lib/thumb/v6-m/libg.a(lib_a-atexit.o) (__register_exitproc)
/usr/lib/gcc/arm-none-eabi/6.3.1/../../../arm-none-eabi/lib/thumb/v6-m/libg.a(lib_a-fflush.o)
                              /usr/lib/gcc/arm-none-eabi/6.3.1/../../../arm-none-eabi/lib/thumb/v6-m/libg.a(lib_a-wbuf.o) (_fflush_r)
/usr/lib/gcc/arm-none-eabi/6.3.1/../../../arm-none-eabi/lib/thumb/v6-m/libg.a(lib_a-findfp.o)
                              /usr/lib/gcc/arm-none-eabi/6.3.1/../../../arm-none-eabi/lib/thumb/v6-m/libg.a(lib_a-wbuf.o) (__sinit)
/usr/lib/gcc/arm-none-eabi/6.3.1/../../../arm-none-eabi/lib/thumb/v6-m/libg.a(lib_a-freer.o)
                              /usr/lib/gcc/arm-none-eabi/6.3.1/../../../arm-none-eabi/lib/thumb/v6-m/libg.a(lib_a-malloc.o) (_free_r)
/usr/lib/gcc/arm-none-eabi/6.3.1/../../../arm-none-eabi/lib/thumb/v6-m/libg.a(lib_a-fwalk.o)
                              /usr/lib/gcc/arm-none-eabi/6.3.1/../../../arm-none-eabi/lib/thumb/v6-m/libg.a(lib_a-findfp.o) (_fwalk)
/usr/lib/gcc/arm-none-eabi/6.3.1/../../../arm-none-eabi/lib/thumb/v6-m/libg.a(lib_a-makebuf.o)
                              /usr/lib/gcc/arm-none-eabi/6.3.1/../../../arm-none-eabi/lib/thumb/v6-m/libg.a(lib_a-wsetup.o) (__smakebuf_r)
/usr/lib/gcc/arm-none-eabi/6.3.1/../../../arm-none-eabi/lib/thumb/v6-m/libg.a(lib_a-reent.o)
                              /usr/lib/gcc/arm-none-eabi/6.3.1/../../../arm-none-eabi/lib/thumb/v6-m/libg.a(lib_a-sbrkr.o) (errno)
/usr/lib/gcc/arm-none-eabi/6.3.1/../../../arm-none-eabi/lib/thumb/v6-m/libg.a(lib_a-stdio.o)
[...]
Memory Configuration

Name             Origin             Length             Attributes
FLASH            0x0000000010000000 0x0000000000200000 xr
RAM              0x0000000020000000 0x0000000000040000 xrw
SCRATCH_X        0x0000000020040000 0x0000000000001000 xrw
SCRATCH_Y        0x0000000020041000 0x0000000000001000 xrw
*default*        0x0000000000000000 0xffffffffffffffff

Linker script and memory map

LOAD /usr/lib/gcc/arm-none-eabi/6.3.1/thumb/v6-m/crti.o
LOAD /usr/lib/gcc/arm-none-eabi/6.3.1/thumb/v6-m/crtbegin.o
LOAD /usr/lib/gcc/arm-none-eabi/6.3.1/../../../arm-none-eabi/lib/thumb/v6-m/crt0.o

.flash_begin    0x0000000010000000        0x0
                0x0000000010000000                __flash_binary_start = .

.boot2          0x0000000010000000      0x100
                0x0000000010000000                __boot2_start__ = .
 *(.boot2)
 .boot2         0x0000000010000000      0x100 /tmp/ccZm4KP1.o
                0x0000000010000100                __boot2_end__ = .
                0x0000000000000001                ASSERT (((__boot2_end__ - __boot2_start__) == 0x100), ERROR: Pico second stage bootloader must be 256 bytes in size)

.text           0x0000000010000100     0x7bd0
                0x0000000010000100                __logical_binary_start = .
 *(.vectors)
 .vectors       0x0000000010000100       0xd4 CMakeFiles/main.dir/home/jgettys/Development/pico-sdk/src/rp2_common/pico_standard_link/crt0.S.obj
                0x0000000010000100                __vectors
                0x00000000100001c0                isr_invalid
                0x00000000100001c2                isr_nmi
                0x00000000100001c4                isr_hardfault
                0x00000000100001c6                isr_svcall
                0x00000000100001cc                isr_irq30
                0x00000000100001cc                __unhandled_user_irq
                0x00000000100001cc                isr_irq13
                0x00000000100001cc                isr_irq27
                0x00000000100001cc                isr_irq31
                0x00000000100001cc                isr_irq5
                0x00000000100001cc                isr_irq11
                0x00000000100001cc                isr_irq23
                0x00000000100001cc                isr_irq18
                0x00000000100001cc                isr_irq28
                0x00000000100001cc                isr_irq19
                0x00000000100001cc                isr_irq0
                0x00000000100001cc                isr_irq6
                0x00000000100001cc                isr_irq22
                0x00000000100001cc                isr_irq17
                0x00000000100001cc                isr_irq14
                0x00000000100001cc                isr_irq2
                0x00000000100001cc                isr_irq10
                0x00000000100001cc                isr_irq8
                0x00000000100001cc                isr_irq24
                0x00000000100001cc                isr_irq1
                0x00000000100001cc                isr_irq7
                0x00000000100001cc                isr_irq21
                0x00000000100001cc                isr_irq20
                0x00000000100001cc                isr_irq15
                0x00000000100001cc                isr_irq25
                0x00000000100001cc                isr_irq4
                0x00000000100001cc                isr_irq16
                0x00000000100001cc                isr_irq29
                0x00000000100001cc                isr_irq26
                0x00000000100001cc                isr_irq3
                0x00000000100001cc                isr_irq12
                0x00000000100001cc                isr_irq9
                0x00000000100001d2                unhandled_user_irq_num_in_r0
 *(.binary_info_header)
 .binary_info_header
                0x00000000100001d4       0x14 CMakeFiles/main.dir/home/jgettys/Development/pico-sdk/src/rp2_common/pico_standard_link/crt0.S.obj
                0x00000000100001e8                __binary_info_header_end = .
 *(.reset)
 .reset         0x00000000100001e8       0xa8 CMakeFiles/main.dir/home/jgettys/Development/pico-sdk/src/rp2_common/pico_standard_link/crt0.S.obj
                0x00000000100001e8                _entry_point
                0x0000000010000266                __get_current_exception
 .reset         0x0000000010000290       0x30 CMakeFiles/main.dir/home/jgettys/Development/pico-sdk/src/rp2_common/pico_standard_link/binary_info.c.obj
 *(.init)
 .init          0x00000000100002c0        0x4 /usr/lib/gcc/arm-none-eabi/6.3.1/thumb/v6-m/crti.o
                0x00000000100002c0                _init
 *(EXCLUDE_FILE(*libm.a: *libc.a:*lib_a-mem*.o *libgcc.a:) .text*)
 .text          0x00000000100002c4       0xb4 /usr/lib/gcc/arm-none-eabi/6.3.1/thumb/v6-m/crtbegin.o
 .text.gpio_set_dir_out_masked
                0x0000000010000378       0x18 CMakeFiles/main.dir/main.c.obj
 .text.gpio_set_dir_in_masked
                0x0000000010000390       0x18 CMakeFiles/main.dir/main.c.obj
 .text.gpio_set_dir
                0x00000000100003a8       0x3a CMakeFiles/main.dir/main.c.obj
 *fill*         0x00000000100003e2        0x2 
 .text.getTimeUs
                0x00000000100003e4       0x40 CMakeFiles/main.dir/main.c.obj
                0x00000000100003e4                getTimeUs
 .text.contextLock
                0x0000000010000424       0x38 CMakeFiles/main.dir/main.c.obj
 .text.contextUnlock
                0x000000001000045c       0x14 CMakeFiles/main.dir/main.c.obj
 .text.isr_systick
                0x0000000010000470       0x44 CMakeFiles/main.dir/main.c.obj
                0x0000000010000470                isr_systick
 .text.contextSwitch
                0x00000000100004b4      0x3d4 CMakeFiles/main.dir/main.c.obj
                0x00000000100004b4                contextSwitch
 .text.idle     0x0000000010000888        0x8 CMakeFiles/main.dir/main.c.obj
                0x0000000010000888                idle
 .text.setupIdle
                0x0000000010000890       0xe4 CMakeFiles/main.dir/main.c.obj
                0x0000000010000890                setupIdle
 .text.core1_main
                0x0000000010000974       0x44 CMakeFiles/main.dir/main.c.obj
                0x0000000010000974                core1_main
 .text.setupSched
                0x00000000100009b8       0x90 CMakeFiles/main.dir/main.c.obj
                0x00000000100009b8                setupSched
 .text.yield    0x0000000010000a48       0x38 CMakeFiles/main.dir/main.c.obj
 .text.addThread
                0x0000000010000a80       0xc8 CMakeFiles/main.dir/main.c.obj
                0x0000000010000a80                addThread
 .text.delayus  0x0000000010000b48       0x64 CMakeFiles/main.dir/main.c.obj
 .text.blink    0x0000000010000bac       0x34 CMakeFiles/main.dir/main.c.obj
                0x0000000010000bac                blink
 .text.blink2   0x0000000010000be0       0x38 CMakeFiles/main.dir/main.c.obj
                0x0000000010000be0                blink2
 .text.report   0x0000000010000c18      0x320 CMakeFiles/main.dir/main.c.obj
                0x0000000010000c18                report
 .text.hog      0x0000000010000f38       0x34 CMakeFiles/main.dir/main.c.obj
                0x0000000010000f38                hog
 .text.spinner  0x0000000010000f6c        0x6 CMakeFiles/main.dir/main.c.obj
                0x0000000010000f6c                spinner
 *fill*         0x0000000010000f72        0x2 
 .text.main     0x0000000010000f74       0xe0 CMakeFiles/main.dir/main.c.obj
                0x0000000010000f74                main
 .text          0x0000000010001054       0x94 CMakeFiles/main.dir/func.s.obj
                0x0000000010001054                setPSPControl
                0x0000000010001070                isr_pendsv
                0x00000000100010c6                startStackThread
 .text.hw_xor_bits
                0x00000000100010e8       0x1e CMakeFiles/main.dir/home/jgettys/Development/pico-sdk/src/rp2_common/hardware_gpio/gpio.c.obj
 .text.hw_write_masked
                0x0000000010001106       0x2a CMakeFiles/main.dir/home/jgettys/Development/pico-sdk/src/rp2_common/hardware_gpio/gpio.c.obj
 .text.gpio_set_function
                0x0000000010001130       0x44 CMakeFiles/main.dir/home/jgettys/Development/pico-sdk/src/rp2_common/hardware_gpio/gpio.c.obj
                0x0000000010001130                gpio_set_function
 .text.gpio_init
                0x0000000010001174       0x36 CMakeFiles/main.dir/home/jgettys/Development/pico-sdk/src/rp2_common/hardware_gpio/gpio.c.obj
                0x0000000010001174                gpio_init
 .text.__dmb    0x00000000100011aa        0xe CMakeFiles/main.dir/home/jgettys/Development/pico-sdk/src/rp2_common/hardware_claim/claim.c.obj
 .text.__mem_fence_acquire
                0x00000000100011b8        0xe CMakeFiles/main.dir/home/jgettys/Development/pico-sdk/src/rp2_common/hardware_claim/claim.c.obj
 .text.__mem_fence_release
                0x00000000100011c6        0xe CMakeFiles/main.dir/home/jgettys/Development/pico-sdk/src/rp2_common/hardware_claim/claim.c.obj
 .text.save_and_disable_interrupts
                0x00000000100011d4       0x18 CMakeFiles/main.dir/home/jgettys/Development/pico-sdk/src/rp2_common/hardware_claim/claim.c.obj
 .text.restore_interrupts
                0x00000000100011ec       0x16 CMakeFiles/main.dir/home/jgettys/Development/pico-sdk/src/rp2_common/hardware_claim/claim.c.obj
 *fill*         0x0000000010001202        0x2 
 .text.spin_lock_instance
                0x0000000010001204       0x20 CMakeFiles/main.dir/home/jgettys/Development/pico-sdk/src/rp2_common/hardware_claim/claim.c.obj
 .text.spin_lock_unsafe_blocking
                0x0000000010001224       0x24 CMakeFiles/main.dir/home/jgettys/Development/pico-sdk/src/rp2_common/hardware_claim/claim.c.obj
 .text.spin_unlock_unsafe
                0x0000000010001248       0x1a CMakeFiles/main.dir/home/jgettys/Development/pico-sdk/src/rp2_common/hardware_claim/claim.c.obj
 .text.spin_lock_blocking
                0x0000000010001262       0x22 CMakeFiles/main.dir/home/jgettys/Development/pico-sdk/src/rp2_common/hardware_claim/claim.c.obj
 .text.spin_unlock
                0x0000000010001284       0x22 CMakeFiles/main.dir/home/jgettys/Development/pico-sdk/src/rp2_common/hardware_claim/claim.c.obj
 .text.hw_claim_lock
                0x00000000100012a6       0x1a CMakeFiles/main.dir/home/jgettys/Development/pico-sdk/src/rp2_common/hardware_claim/claim.c.obj
                0x00000000100012a6                hw_claim_lock
 .text.hw_claim_unlock
                0x00000000100012c0       0x22 CMakeFiles/main.dir/home/jgettys/Development/pico-sdk/src/rp2_common/hardware_claim/claim.c.obj
                0x00000000100012c0                hw_claim_unlock
 .text.hw_claim_or_assert
                0x00000000100012e2       0x72 CMakeFiles/main.dir/home/jgettys/Development/pico-sdk/src/rp2_common/hardware_claim/claim.c.obj
                0x00000000100012e2                hw_claim_or_assert
 .text.__dmb    0x0000000010001354        0xe CMakeFiles/main.dir/home/jgettys/Development/pico-sdk/src/rp2_common/hardware_sync/sync.c.obj
 .text.__mem_fence_release
                0x0000000010001362        0xe CMakeFiles/main.dir/home/jgettys/Development/pico-sdk/src/rp2_common/hardware_sync/sync.c.obj
 .text.spin_lock_instance
                0x0000000010001370       0x20 CMakeFiles/main.dir/home/jgettys/Development/pico-sdk/src/rp2_common/hardware_sync/sync.c.obj
 .text.spin_unlock_unsafe
                0x0000000010001390       0x1a CMakeFiles/main.dir/home/jgettys/Development/pico-sdk/src/rp2_common/hardware_sync/sync.c.obj
 .text.spin_locks_reset
                0x00000000100013aa       0x30 CMakeFiles/main.dir/home/jgettys/Development/pico-sdk/src/rp2_common/hardware_sync/sync.c.obj
                0x00000000100013aa                spin_locks_reset
 *fill*         0x00000000100013da        0x2 
 .text.next_striped_spin_lock_num
                0x00000000100013dc       0x30 CMakeFiles/main.dir/home/jgettys/Development/pico-sdk/src/rp2_common/hardware_sync/sync.c.obj
                0x00000000100013dc                next_striped_spin_lock_num
 .text.running_on_fpga
                0x000000001000140c       0x1c CMakeFiles/main.dir/home/jgettys/Development/pico-sdk/src/rp2_common/pico_platform/platform.c.obj
                0x000000001000140c                running_on_fpga
 .text.tight_loop_contents
                0x0000000010001428        0xa CMakeFiles/main.dir/home/jgettys/Development/pico-sdk/src/rp2_common/hardware_uart/uart.c.obj
 .text.hw_set_bits
                0x0000000010001432       0x1e CMakeFiles/main.dir/home/jgettys/Development/pico-sdk/src/rp2_common/hardware_uart/uart.c.obj
 .text.hw_clear_bits
                0x0000000010001450       0x1e CMakeFiles/main.dir/home/jgettys/Development/pico-sdk/src/rp2_common/hardware_uart/uart.c.obj
 .text.hw_xor_bits
                0x000000001000146e       0x1e CMakeFiles/main.dir/home/jgettys/Development/pico-sdk/src/rp2_common/hardware_uart/uart.c.obj
 .text.hw_write_masked
                0x000000001000148c       0x2a CMakeFiles/main.dir/home/jgettys/Development/pico-sdk/src/rp2_common/hardware_uart/uart.c.obj
 *fill*         0x00000000100014b6        0x2 
 .text.uart_get_index
                0x00000000100014b8       0x24 CMakeFiles/main.dir/home/jgettys/Development/pico-sdk/src/rp2_common/hardware_uart/uart.c.obj
 .text.uart_get_hw
                0x00000000100014dc       0x1a CMakeFiles/main.dir/home/jgettys/Development/pico-sdk/src/rp2_common/hardware_uart/uart.c.obj
 .text.uart_set_format
                0x00000000100014f6       0x5e CMakeFiles/main.dir/home/jgettys/Development/pico-sdk/src/rp2_common/hardware_uart/uart.c.obj
 .text.reset_block
                0x0000000010001554       0x20 CMakeFiles/main.dir/home/jgettys/Development/pico-sdk/src/rp2_common/hardware_uart/uart.c.obj
 .text.unreset_block_wait
                0x0000000010001574       0x34 CMakeFiles/main.dir/home/jgettys/Development/pico-sdk/src/rp2_common/hardware_uart/uart.c.obj
 .text.uart_reset
                0x00000000100015a8       0x2c CMakeFiles/main.dir/home/jgettys/Development/pico-sdk/src/rp2_common/hardware_uart/uart.c.obj
 .text.uart_unreset
                0x00000000100015d4       0x2c CMakeFiles/main.dir/home/jgettys/Development/pico-sdk/src/rp2_common/hardware_uart/uart.c.obj
 .text.uart_init
                0x0000000010001600       0x8c CMakeFiles/main.dir/home/jgettys/Development/pico-sdk/src/rp2_common/hardware_uart/uart.c.obj
                0x0000000010001600                uart_init
 .text.uart_set_baudrate
                0x000000001000168c       0xac CMakeFiles/main.dir/home/jgettys/Development/pico-sdk/src/rp2_common/hardware_uart/uart.c.obj
                0x000000001000168c                uart_set_baudrate
 .text.uart_set_translate_crlf
                0x0000000010001738       0x3c CMakeFiles/main.dir/home/jgettys/Development/pico-sdk/src/rp2_common/hardware_uart/uart.c.obj
                0x0000000010001738                uart_set_translate_crlf
 .text.to_us_since_boot
                0x0000000010001774       0x18 CMakeFiles/main.dir/home/jgettys/Development/pico-sdk/src/common/pico_time/time.c.obj
 .text.update_us_since_boot
                0x000000001000178c       0x1e CMakeFiles/main.dir/home/jgettys/Development/pico-sdk/src/common/pico_time/time.c.obj
 .text.get_absolute_time
                0x00000000100017aa       0x30 CMakeFiles/main.dir/home/jgettys/Development/pico-sdk/src/common/pico_time/time.c.obj
 .text.delayed_by_us
                0x00000000100017da       0x76 CMakeFiles/main.dir/home/jgettys/Development/pico-sdk/src/common/pico_time/time.c.obj
 .text.absolute_time_diff_us
                0x0000000010001850       0x40 CMakeFiles/main.dir/home/jgettys/Development/pico-sdk/src/common/pico_time/time.c.obj
 .text.ph_get_node
                0x0000000010001890       0x54 CMakeFiles/main.dir/home/jgettys/Development/pico-sdk/src/common/pico_time/time.c.obj
 .text.ph_add_child_node
                0x00000000100018e4       0xc4 CMakeFiles/main.dir/home/jgettys/Development/pico-sdk/src/common/pico_time/time.c.obj
 .text.ph_merge_nodes
                0x00000000100019a8       0x7e CMakeFiles/main.dir/home/jgettys/Development/pico-sdk/src/common/pico_time/time.c.obj
 .text.ph_new_node
                0x0000000010001a26       0x52 CMakeFiles/main.dir/home/jgettys/Development/pico-sdk/src/common/pico_time/time.c.obj
 .text.ph_insert
                0x0000000010001a78       0x7c CMakeFiles/main.dir/home/jgettys/Development/pico-sdk/src/common/pico_time/time.c.obj
 .text.ph_peek_head
                0x0000000010001af4       0x14 CMakeFiles/main.dir/home/jgettys/Development/pico-sdk/src/common/pico_time/time.c.obj
 .text.ph_contains
                0x0000000010001b08       0x46 CMakeFiles/main.dir/home/jgettys/Development/pico-sdk/src/common/pico_time/time.c.obj
 *fill*         0x0000000010001b4e        0x2 
 .text.ph_add_to_free_list
                0x0000000010001b50       0x70 CMakeFiles/main.dir/home/jgettys/Development/pico-sdk/src/common/pico_time/time.c.obj
 .text.__dmb    0x0000000010001bc0        0xe CMakeFiles/main.dir/home/jgettys/Development/pico-sdk/src/common/pico_time/time.c.obj
 .text.__mem_fence_acquire
                0x0000000010001bce        0xe CMakeFiles/main.dir/home/jgettys/Development/pico-sdk/src/common/pico_time/time.c.obj
 .text.__mem_fence_release
                0x0000000010001bdc        0xe CMakeFiles/main.dir/home/jgettys/Development/pico-sdk/src/common/pico_time/time.c.obj
 .text.save_and_disable_interrupts
                0x0000000010001bea       0x18 CMakeFiles/main.dir/home/jgettys/Development/pico-sdk/src/common/pico_time/time.c.obj
 .text.restore_interrupts
                0x0000000010001c02       0x16 CMakeFiles/main.dir/home/jgettys/Development/pico-sdk/src/common/pico_time/time.c.obj
 .text.spin_lock_instance
                0x0000000010001c18       0x20 CMakeFiles/main.dir/home/jgettys/Development/pico-sdk/src/common/pico_time/time.c.obj
 .text.spin_lock_unsafe_blocking
                0x0000000010001c38       0x24 CMakeFiles/main.dir/home/jgettys/Development/pico-sdk/src/common/pico_time/time.c.obj
 .text.spin_unlock_unsafe
                0x0000000010001c5c       0x1a CMakeFiles/main.dir/home/jgettys/Development/pico-sdk/src/common/pico_time/time.c.obj
 .text.spin_lock_blocking
                0x0000000010001c76       0x22 CMakeFiles/main.dir/home/jgettys/Development/pico-sdk/src/common/pico_time/time.c.obj
 .text.spin_unlock
                0x0000000010001c98       0x22 CMakeFiles/main.dir/home/jgettys/Development/pico-sdk/src/common/pico_time/time.c.obj
 *fill*         0x0000000010001cba        0x2 
 .text.alarm_pool_init_default
                0x0000000010001cbc       0x24 CMakeFiles/main.dir/home/jgettys/Development/pico-sdk/src/common/pico_time/time.c.obj
                0x0000000010001cbc                alarm_pool_init_default
 .text.get_entry
                0x0000000010001ce0       0x5c CMakeFiles/main.dir/home/jgettys/Development/pico-sdk/src/common/pico_time/time.c.obj
 .text.get_entry_id_high
                0x0000000010001d3c       0x50 CMakeFiles/main.dir/home/jgettys/Development/pico-sdk/src/common/pico_time/time.c.obj
 .text.timer_pool_entry_comparator
                0x0000000010001d8c       0x76 CMakeFiles/main.dir/home/jgettys/Development/pico-sdk/src/common/pico_time/time.c.obj
                0x0000000010001d8c                timer_pool_entry_comparator
 .text.make_public_id
                0x0000000010001e02       0x26 CMakeFiles/main.dir/home/jgettys/Development/pico-sdk/src/common/pico_time/time.c.obj
 .text.add_alarm_under_lock
                0x0000000010001e28      0x104 CMakeFiles/main.dir/home/jgettys/Development/pico-sdk/src/common/pico_time/time.c.obj
 .text.alarm_pool_alarm_callback
                0x0000000010001f2c      0x308 CMakeFiles/main.dir/home/jgettys/Development/pico-sdk/src/common/pico_time/time.c.obj
 .text.alarm_pool_create
                0x0000000010002234       0xa0 CMakeFiles/main.dir/home/jgettys/Development/pico-sdk/src/common/pico_time/time.c.obj
                0x0000000010002234                alarm_pool_create
 .text.to_us_since_boot
                0x00000000100022d4       0x18 CMakeFiles/main.dir/home/jgettys/Development/pico-sdk/src/rp2_common/hardware_timer/timer.c.obj
 .text.hw_set_bits
                0x00000000100022ec       0x1e CMakeFiles/main.dir/home/jgettys/Development/pico-sdk/src/rp2_common/hardware_timer/timer.c.obj
 .text.check_hardware_alarm_num_param
                0x000000001000230a       0x10 CMakeFiles/main.dir/home/jgettys/Development/pico-sdk/src/rp2_common/hardware_timer/timer.c.obj
 .text.__dmb    0x000000001000231a        0xe CMakeFiles/main.dir/home/jgettys/Development/pico-sdk/src/rp2_common/hardware_timer/timer.c.obj
 .text.__mem_fence_acquire
                0x0000000010002328        0xe CMakeFiles/main.dir/home/jgettys/Development/pico-sdk/src/rp2_common/hardware_timer/timer.c.obj
 .text.__mem_fence_release
                0x0000000010002336        0xe CMakeFiles/main.dir/home/jgettys/Development/pico-sdk/src/rp2_common/hardware_timer/timer.c.obj
 .text.save_and_disable_interrupts
                0x0000000010002344       0x18 CMakeFiles/main.dir/home/jgettys/Development/pico-sdk/src/rp2_common/hardware_timer/timer.c.obj
 .text.restore_interrupts
                0x000000001000235c       0x16 CMakeFiles/main.dir/home/jgettys/Development/pico-sdk/src/rp2_common/hardware_timer/timer.c.obj
 *fill*         0x0000000010002372        0x2 
 .text.spin_lock_instance
                0x0000000010002374       0x20 CMakeFiles/main.dir/home/jgettys/Development/pico-sdk/src/rp2_common/hardware_timer/timer.c.obj
 .text.spin_lock_unsafe_blocking
                0x0000000010002394       0x24 CMakeFiles/main.dir/home/jgettys/Development/pico-sdk/src/rp2_common/hardware_timer/timer.c.obj
 .text.spin_unlock_unsafe
                0x00000000100023b8       0x1a CMakeFiles/main.dir/home/jgettys/Development/pico-sdk/src/rp2_common/hardware_timer/timer.c.obj
 .text.spin_lock_blocking
                0x00000000100023d2       0x22 CMakeFiles/main.dir/home/jgettys/Development/pico-sdk/src/rp2_common/hardware_timer/timer.c.obj
 .text.spin_unlock
                0x00000000100023f4       0x22 CMakeFiles/main.dir/home/jgettys/Development/pico-sdk/src/rp2_common/hardware_timer/timer.c.obj
 *fill*         0x0000000010002416        0x2 
 .text.hardware_alarm_claim
                0x0000000010002418       0x2c CMakeFiles/main.dir/home/jgettys/Development/pico-sdk/src/rp2_common/hardware_timer/timer.c.obj
                0x0000000010002418                hardware_alarm_claim
 .text.time_us_64
                0x0000000010002444       0x60 CMakeFiles/main.dir/home/jgettys/Development/pico-sdk/src/rp2_common/hardware_timer/timer.c.obj
                0x0000000010002444                time_us_64
 .text.harware_alarm_irq_number
                0x00000000100024a4       0x12 CMakeFiles/main.dir/home/jgettys/Development/pico-sdk/src/rp2_common/hardware_timer/timer.c.obj
 *fill*         0x00000000100024b6        0x2 
 .text.hardware_alarm_irq_handler
                0x00000000100024b8       0xd4 CMakeFiles/main.dir/home/jgettys/Development/pico-sdk/src/rp2_common/hardware_timer/timer.c.obj
 .text.hardware_alarm_set_callback
                0x000000001000258c       0xdc CMakeFiles/main.dir/home/jgettys/Development/pico-sdk/src/rp2_common/hardware_timer/timer.c.obj
                0x000000001000258c                hardware_alarm_set_callback
 .text.hardware_alarm_set_target
                0x0000000010002668      0x160 CMakeFiles/main.dir/home/jgettys/Development/pico-sdk/src/rp2_common/hardware_timer/timer.c.obj
                0x0000000010002668                hardware_alarm_set_target
 .text.hardware_alarm_cancel
                0x00000000100027c8       0x68 CMakeFiles/main.dir/home/jgettys/Development/pico-sdk/src/rp2_common/hardware_timer/timer.c.obj
                0x00000000100027c8                hardware_alarm_cancel
 .text.spin_lock_instance
                0x0000000010002830       0x20 CMakeFiles/main.dir/home/jgettys/Development/pico-sdk/src/common/pico_sync/lock_core.c.obj
 .text.lock_init
                0x0000000010002850       0x40 CMakeFiles/main.dir/home/jgettys/Development/pico-sdk/src/common/pico_sync/lock_core.c.obj
                0x0000000010002850                lock_init
 .text.__sev    0x0000000010002890        0xc CMakeFiles/main.dir/home/jgettys/Development/pico-sdk/src/common/pico_sync/mutex.c.obj
 .text.__wfe    0x000000001000289c        0xc CMakeFiles/main.dir/home/jgettys/Development/pico-sdk/src/common/pico_sync/mutex.c.obj
 .text.__dmb    0x00000000100028a8        0xe CMakeFiles/main.dir/home/jgettys/Development/pico-sdk/src/common/pico_sync/mutex.c.obj
 .text.__mem_fence_acquire
                0x00000000100028b6        0xe CMakeFiles/main.dir/home/jgettys/Development/pico-sdk/src/common/pico_sync/mutex.c.obj
 .text.__mem_fence_release
                0x00000000100028c4        0xe CMakeFiles/main.dir/home/jgettys/Development/pico-sdk/src/common/pico_sync/mutex.c.obj
 .text.save_and_disable_interrupts
                0x00000000100028d2       0x18 CMakeFiles/main.dir/home/jgettys/Development/pico-sdk/src/common/pico_sync/mutex.c.obj
 .text.restore_interrupts
                0x00000000100028ea       0x16 CMakeFiles/main.dir/home/jgettys/Development/pico-sdk/src/common/pico_sync/mutex.c.obj
 .text.spin_lock_unsafe_blocking
                0x0000000010002900       0x24 CMakeFiles/main.dir/home/jgettys/Development/pico-sdk/src/common/pico_sync/mutex.c.obj
 .text.spin_unlock_unsafe
                0x0000000010002924       0x1a CMakeFiles/main.dir/home/jgettys/Development/pico-sdk/src/common/pico_sync/mutex.c.obj
 .text.spin_lock_blocking
                0x000000001000293e       0x22 CMakeFiles/main.dir/home/jgettys/Development/pico-sdk/src/common/pico_sync/mutex.c.obj
 .text.spin_unlock
                0x0000000010002960       0x22 CMakeFiles/main.dir/home/jgettys/Development/pico-sdk/src/common/pico_sync/mutex.c.obj
 .text.get_core_num
                0x0000000010002982       0x10 CMakeFiles/main.dir/home/jgettys/Development/pico-sdk/src/common/pico_sync/mutex.c.obj
 .text.mutex_init
                0x0000000010002992       0x2a CMakeFiles/main.dir/home/jgettys/Development/pico-sdk/src/common/pico_sync/mutex.c.obj
                0x0000000010002992                mutex_init
 .text.ph_get_node
                0x00000000100029bc       0x54 CMakeFiles/main.dir/home/jgettys/Development/pico-sdk/src/common/pico_util/pheap.c.obj
 .text.ph_add_child_node
                0x0000000010002a10       0xc4 CMakeFiles/main.dir/home/jgettys/Development/pico-sdk/src/common/pico_util/pheap.c.obj
 .text.ph_merge_nodes
                0x0000000010002ad4       0x7e CMakeFiles/main.dir/home/jgettys/Development/pico-sdk/src/common/pico_util/pheap.c.obj
 .text.ph_peek_head
                0x0000000010002b52       0x14 CMakeFiles/main.dir/home/jgettys/Development/pico-sdk/src/common/pico_util/pheap.c.obj
 .text.ph_remove_head
                0x0000000010002b66       0x1c CMakeFiles/main.dir/home/jgettys/Development/pico-sdk/src/common/pico_util/pheap.c.obj
 .text.ph_create
                0x0000000010002b82       0x50 CMakeFiles/main.dir/home/jgettys/Development/pico-sdk/src/common/pico_util/pheap.c.obj
                0x0000000010002b82                ph_create
 .text.ph_clear
                0x0000000010002bd2       0x6a CMakeFiles/main.dir/home/jgettys/Development/pico-sdk/src/common/pico_util/pheap.c.obj
                0x0000000010002bd2                ph_clear
 .text.ph_merge_two_pass
                0x0000000010002c3c       0xda CMakeFiles/main.dir/home/jgettys/Development/pico-sdk/src/common/pico_util/pheap.c.obj
                0x0000000010002c3c                ph_merge_two_pass
 *fill*         0x0000000010002d16        0x2 
 .text.ph_remove_any_head
                0x0000000010002d18      0x120 CMakeFiles/main.dir/home/jgettys/Development/pico-sdk/src/common/pico_util/pheap.c.obj
 .text.ph_remove_head_reserve
                0x0000000010002e38       0x46 CMakeFiles/main.dir/home/jgettys/Development/pico-sdk/src/common/pico_util/pheap.c.obj
                0x0000000010002e38                ph_remove_head_reserve
 *fill*         0x0000000010002e7e        0x2 
 .text.ph_delete
                0x0000000010002e80      0x158 CMakeFiles/main.dir/home/jgettys/Development/pico-sdk/src/common/pico_util/pheap.c.obj
                0x0000000010002e80                ph_delete
 .text.__breakpoint
                0x0000000010002fd8        0xc CMakeFiles/main.dir/home/jgettys/Development/pico-sdk/src/rp2_common/pico_runtime/runtime.c.obj
 .text.tight_loop_contents
                0x0000000010002fe4        0xa CMakeFiles/main.dir/home/jgettys/Development/pico-sdk/src/rp2_common/pico_runtime/runtime.c.obj
 .text.hw_set_bits
                0x0000000010002fee       0x1e CMakeFiles/main.dir/home/jgettys/Development/pico-sdk/src/rp2_common/pico_runtime/runtime.c.obj
 .text.hw_clear_bits
                0x000000001000300c       0x1e CMakeFiles/main.dir/home/jgettys/Development/pico-sdk/src/rp2_common/pico_runtime/runtime.c.obj
 *fill*         0x000000001000302a        0x2 
 .text.reset_block
                0x000000001000302c       0x20 CMakeFiles/main.dir/home/jgettys/Development/pico-sdk/src/rp2_common/pico_runtime/runtime.c.obj
 .text.unreset_block_wait
                0x000000001000304c       0x34 CMakeFiles/main.dir/home/jgettys/Development/pico-sdk/src/rp2_common/pico_runtime/runtime.c.obj
 .text.runtime_init
                0x0000000010003080       0xf4 CMakeFiles/main.dir/home/jgettys/Development/pico-sdk/src/rp2_common/pico_runtime/runtime.c.obj
                0x0000000010003080                runtime_init
 .text._exit    0x0000000010003174        0xe CMakeFiles/main.dir/home/jgettys/Development/pico-sdk/src/rp2_common/pico_runtime/runtime.c.obj
                0x0000000010003174                _exit
 *fill*         0x0000000010003182        0x2 
 .text._sbrk    0x0000000010003184       0x58 CMakeFiles/main.dir/home/jgettys/Development/pico-sdk/src/rp2_common/pico_runtime/runtime.c.obj
                0x0000000010003184                _sbrk
 .text.exit     0x00000000100031dc       0x10 CMakeFiles/main.dir/home/jgettys/Development/pico-sdk/src/rp2_common/pico_runtime/runtime.c.obj
                0x00000000100031dc                exit
 .text.__assert_func
                0x00000000100031ec       0x4c CMakeFiles/main.dir/home/jgettys/Development/pico-sdk/src/rp2_common/pico_runtime/runtime.c.obj
                0x00000000100031ec                __assert_func
 .text.panic    0x0000000010003238       0x40 CMakeFiles/main.dir/home/jgettys/Development/pico-sdk/src/rp2_common/pico_runtime/runtime.c.obj
                0x0000000010003238                panic
 .text.tight_loop_contents
                0x0000000010003278        0xa CMakeFiles/main.dir/home/jgettys/Development/pico-sdk/src/rp2_common/hardware_clocks/clocks.c.obj
 .text.hw_set_bits
                0x0000000010003282       0x1e CMakeFiles/main.dir/home/jgettys/Development/pico-sdk/src/rp2_common/hardware_clocks/clocks.c.obj
 .text.hw_clear_bits
                0x00000000100032a0       0x1e CMakeFiles/main.dir/home/jgettys/Development/pico-sdk/src/rp2_common/hardware_clocks/clocks.c.obj
 .text.hw_xor_bits
                0x00000000100032be       0x1e CMakeFiles/main.dir/home/jgettys/Development/pico-sdk/src/rp2_common/hardware_clocks/clocks.c.obj
 .text.hw_write_masked
                0x00000000100032dc       0x2a CMakeFiles/main.dir/home/jgettys/Development/pico-sdk/src/rp2_common/hardware_clocks/clocks.c.obj
 *fill*         0x0000000010003306        0x2 
 .text.reset_block
                0x0000000010003308       0x20 CMakeFiles/main.dir/home/jgettys/Development/pico-sdk/src/rp2_common/hardware_clocks/clocks.c.obj
 .text.unreset_block_wait
                0x0000000010003328       0x34 CMakeFiles/main.dir/home/jgettys/Development/pico-sdk/src/rp2_common/hardware_clocks/clocks.c.obj
 .text.has_glitchless_mux
                0x000000001000335c       0x32 CMakeFiles/main.dir/home/jgettys/Development/pico-sdk/src/rp2_common/hardware_clocks/clocks.c.obj
 *fill*         0x000000001000338e        0x2 
 .text.clock_configure
                0x0000000010003390      0x1a4 CMakeFiles/main.dir/home/jgettys/Development/pico-sdk/src/rp2_common/hardware_clocks/clocks.c.obj
                0x0000000010003390                clock_configure
 .text.clocks_init
                0x0000000010003534      0x148 CMakeFiles/main.dir/home/jgettys/Development/pico-sdk/src/rp2_common/hardware_clocks/clocks.c.obj
                0x0000000010003534                clocks_init
 .text.clock_get_hz
                0x000000001000367c       0x24 CMakeFiles/main.dir/home/jgettys/Development/pico-sdk/src/rp2_common/hardware_clocks/clocks.c.obj
                0x000000001000367c                clock_get_hz
 .text.watchdog_start_tick
                0x00000000100036a0       0x20 CMakeFiles/main.dir/home/jgettys/Development/pico-sdk/src/rp2_common/hardware_watchdog/watchdog.c.obj
                0x00000000100036a0                watchdog_start_tick
 .text.hw_set_bits
                0x00000000100036c0       0x1e CMakeFiles/main.dir/home/jgettys/Development/pico-sdk/src/rp2_common/hardware_xosc/xosc.c.obj
 *fill*         0x00000000100036de        0x2 
 .text.xosc_init
                0x00000000100036e0       0x40 CMakeFiles/main.dir/home/jgettys/Development/pico-sdk/src/rp2_common/hardware_xosc/xosc.c.obj
                0x00000000100036e0                xosc_init
 .text.tight_loop_contents
                0x0000000010003720        0xa CMakeFiles/main.dir/home/jgettys/Development/pico-sdk/src/rp2_common/hardware_pll/pll.c.obj
 .text.hw_clear_bits
                0x000000001000372a       0x1e CMakeFiles/main.dir/home/jgettys/Development/pico-sdk/src/rp2_common/hardware_pll/pll.c.obj
 .text.pll_init
                0x0000000010003748      0x124 CMakeFiles/main.dir/home/jgettys/Development/pico-sdk/src/rp2_common/hardware_pll/pll.c.obj
                0x0000000010003748                pll_init
 .text.__dmb    0x000000001000386c        0xe CMakeFiles/main.dir/home/jgettys/Development/pico-sdk/src/rp2_common/hardware_irq/irq.c.obj
 .text.__mem_fence_acquire
                0x000000001000387a        0xe CMakeFiles/main.dir/home/jgettys/Development/pico-sdk/src/rp2_common/hardware_irq/irq.c.obj
 .text.__mem_fence_release
                0x0000000010003888        0xe CMakeFiles/main.dir/home/jgettys/Development/pico-sdk/src/rp2_common/hardware_irq/irq.c.obj
 .text.save_and_disable_interrupts
                0x0000000010003896       0x18 CMakeFiles/main.dir/home/jgettys/Development/pico-sdk/src/rp2_common/hardware_irq/irq.c.obj
 .text.restore_interrupts
                0x00000000100038ae       0x16 CMakeFiles/main.dir/home/jgettys/Development/pico-sdk/src/rp2_common/hardware_irq/irq.c.obj
 .text.spin_lock_instance
                0x00000000100038c4       0x20 CMakeFiles/main.dir/home/jgettys/Development/pico-sdk/src/rp2_common/hardware_irq/irq.c.obj
 .text.spin_lock_unsafe_blocking
                0x00000000100038e4       0x24 CMakeFiles/main.dir/home/jgettys/Development/pico-sdk/src/rp2_common/hardware_irq/irq.c.obj
 .text.spin_unlock_unsafe
                0x0000000010003908       0x1a CMakeFiles/main.dir/home/jgettys/Development/pico-sdk/src/rp2_common/hardware_irq/irq.c.obj
 .text.spin_lock_blocking
                0x0000000010003922       0x22 CMakeFiles/main.dir/home/jgettys/Development/pico-sdk/src/rp2_common/hardware_irq/irq.c.obj
 .text.spin_unlock
                0x0000000010003944       0x22 CMakeFiles/main.dir/home/jgettys/Development/pico-sdk/src/rp2_common/hardware_irq/irq.c.obj
 *fill*         0x0000000010003966        0x2 
 .text.get_vtable
                0x0000000010003968       0x14 CMakeFiles/main.dir/home/jgettys/Development/pico-sdk/src/rp2_common/hardware_irq/irq.c.obj
 .text.add_thumb_bit
                0x000000001000397c       0x16 CMakeFiles/main.dir/home/jgettys/Development/pico-sdk/src/rp2_common/hardware_irq/irq.c.obj
 .text.remove_thumb_bit
                0x0000000010003992       0x16 CMakeFiles/main.dir/home/jgettys/Development/pico-sdk/src/rp2_common/hardware_irq/irq.c.obj
 .text.set_raw_irq_handler_and_unlock
                0x00000000100039a8       0x3c CMakeFiles/main.dir/home/jgettys/Development/pico-sdk/src/rp2_common/hardware_irq/irq.c.obj
 .text.check_irq_param
                0x00000000100039e4       0x10 CMakeFiles/main.dir/home/jgettys/Development/pico-sdk/src/rp2_common/hardware_irq/irq.c.obj
 .text.irq_set_enabled
                0x00000000100039f4       0x30 CMakeFiles/main.dir/home/jgettys/Development/pico-sdk/src/rp2_common/hardware_irq/irq.c.obj
                0x00000000100039f4                irq_set_enabled
 .text.irq_is_enabled
                0x0000000010003a24       0x30 CMakeFiles/main.dir/home/jgettys/Development/pico-sdk/src/rp2_common/hardware_irq/irq.c.obj
                0x0000000010003a24                irq_is_enabled
 .text.irq_set_mask_enabled
                0x0000000010003a54       0x40 CMakeFiles/main.dir/home/jgettys/Development/pico-sdk/src/rp2_common/hardware_irq/irq.c.obj
                0x0000000010003a54                irq_set_mask_enabled
 .text.is_shared_irq_raw_handler
                0x0000000010003a94       0x24 CMakeFiles/main.dir/home/jgettys/Development/pico-sdk/src/rp2_common/hardware_irq/irq.c.obj
 .text.irq_get_vtable_handler
                0x0000000010003ab8       0x28 CMakeFiles/main.dir/home/jgettys/Development/pico-sdk/src/rp2_common/hardware_irq/irq.c.obj
                0x0000000010003ab8                irq_get_vtable_handler
 .text.irq_set_exclusive_handler
                0x0000000010003ae0       0x74 CMakeFiles/main.dir/home/jgettys/Development/pico-sdk/src/rp2_common/hardware_irq/irq.c.obj
                0x0000000010003ae0                irq_set_exclusive_handler
 .text.make_branch
                0x0000000010003b54       0x58 CMakeFiles/main.dir/home/jgettys/Development/pico-sdk/src/rp2_common/hardware_irq/irq.c.obj
 .text.insert_branch_and_link
                0x0000000010003bac       0x74 CMakeFiles/main.dir/home/jgettys/Development/pico-sdk/src/rp2_common/hardware_irq/irq.c.obj
 .text.resolve_branch
                0x0000000010003c20       0x5c CMakeFiles/main.dir/home/jgettys/Development/pico-sdk/src/rp2_common/hardware_irq/irq.c.obj
 .text.irq_remove_handler
                0x0000000010003c7c      0x220 CMakeFiles/main.dir/home/jgettys/Development/pico-sdk/src/rp2_common/hardware_irq/irq.c.obj
                0x0000000010003c7c                irq_remove_handler
 .text.irq_set_priority
                0x0000000010003e9c       0x5c CMakeFiles/main.dir/home/jgettys/Development/pico-sdk/src/rp2_common/hardware_irq/irq.c.obj
                0x0000000010003e9c                irq_set_priority
 .text.irq_add_tail_to_free_list
                0x0000000010003ef8      0x16c CMakeFiles/main.dir/home/jgettys/Development/pico-sdk/src/rp2_common/hardware_irq/irq.c.obj
                0x0000000010003ef8                irq_add_tail_to_free_list
 .text.irq_init_priorities
                0x0000000010004064       0x2a CMakeFiles/main.dir/home/jgettys/Development/pico-sdk/src/rp2_common/hardware_irq/irq.c.obj
                0x0000000010004064                irq_init_priorities
 .text._out_null
                0x000000001000408e       0x1c CMakeFiles/main.dir/home/jgettys/Development/pico-sdk/src/rp2_common/pico_printf/printf.c.obj
 .text._out_fct
                0x00000000100040aa       0x38 CMakeFiles/main.dir/home/jgettys/Development/pico-sdk/src/rp2_common/pico_printf/printf.c.obj
 .text._strnlen_s
                0x00000000100040e2       0x36 CMakeFiles/main.dir/home/jgettys/Development/pico-sdk/src/rp2_common/pico_printf/printf.c.obj
 .text._is_digit
                0x0000000010004118       0x32 CMakeFiles/main.dir/home/jgettys/Development/pico-sdk/src/rp2_common/pico_printf/printf.c.obj
 .text._atoi    0x000000001000414a       0x46 CMakeFiles/main.dir/home/jgettys/Development/pico-sdk/src/rp2_common/pico_printf/printf.c.obj
 .text._out_rev
                0x0000000010004190       0x9a CMakeFiles/main.dir/home/jgettys/Development/pico-sdk/src/rp2_common/pico_printf/printf.c.obj
 .text._ntoa_format
                0x000000001000422a      0x1ac CMakeFiles/main.dir/home/jgettys/Development/pico-sdk/src/rp2_common/pico_printf/printf.c.obj
 .text._ntoa_long
                0x00000000100043d6       0xd4 CMakeFiles/main.dir/home/jgettys/Development/pico-sdk/src/rp2_common/pico_printf/printf.c.obj
 .text._ntoa_long_long
                0x00000000100044aa       0xec CMakeFiles/main.dir/home/jgettys/Development/pico-sdk/src/rp2_common/pico_printf/printf.c.obj
 *fill*         0x0000000010004596        0x2 
 .text._ftoa    0x0000000010004598      0x4ac CMakeFiles/main.dir/home/jgettys/Development/pico-sdk/src/rp2_common/pico_printf/printf.c.obj
 .text._etoa    0x0000000010004a44      0x59c CMakeFiles/main.dir/home/jgettys/Development/pico-sdk/src/rp2_common/pico_printf/printf.c.obj
 .text._vsnprintf
                0x0000000010004fe0      0x8a0 CMakeFiles/main.dir/home/jgettys/Development/pico-sdk/src/rp2_common/pico_printf/printf.c.obj
 .text.vfctprintf
                0x0000000010005880       0x44 CMakeFiles/main.dir/home/jgettys/Development/pico-sdk/src/rp2_common/pico_printf/printf.c.obj
                0x0000000010005880                vfctprintf
 .text          0x00000000100058c4       0x10 CMakeFiles/main.dir/home/jgettys/Development/pico-sdk/src/rp2_common/pico_bit_ops/bit_ops_aeabi.S.obj
 .text.rom_func_lookup
                0x00000000100058d4       0x28 CMakeFiles/main.dir/home/jgettys/Development/pico-sdk/src/rp2_common/pico_bootrom/bootrom.c.obj
                0x00000000100058d4                rom_func_lookup
 .text.rom_data_lookup
                0x00000000100058fc       0x28 CMakeFiles/main.dir/home/jgettys/Development/pico-sdk/src/rp2_common/pico_bootrom/bootrom.c.obj
                0x00000000100058fc                rom_data_lookup
 .text.rom_funcs_lookup
                0x0000000010005924       0x66 CMakeFiles/main.dir/home/jgettys/Development/pico-sdk/src/rp2_common/pico_bootrom/bootrom.c.obj
                0x0000000010005924                rom_funcs_lookup
 *fill*         0x000000001000598a        0x2 
 .text.__wrap___aeabi_idiv
                0x000000001000598c       0x58 CMakeFiles/main.dir/home/jgettys/Development/pico-sdk/src/rp2_common/pico_divider/divider.S.obj
                0x000000001000598c                __wrap___aeabi_idivmod
                0x000000001000598c                divmod_s32s32
                0x000000001000598c                div_s32s32
                0x000000001000598c                __wrap___aeabi_idiv
                0x0000000010005994                divmod_s32s32_unsafe
                0x00000000100059c0                divmod_s32s32_savestate
 .text.__wrap___aeabi_uidiv
                0x00000000100059e4       0x54 CMakeFiles/main.dir/home/jgettys/Development/pico-sdk/src/rp2_common/pico_divider/divider.S.obj
                0x00000000100059e4                __wrap___aeabi_uidiv
                0x00000000100059e4                __wrap___aeabi_uidivmod
                0x00000000100059e4                div_u32u32
                0x00000000100059e4                divmod_u32u32
                0x00000000100059ec                divmod_u32u32_unsafe
                0x0000000010005a14                divmod_u32u32_savestate
 .text.__wrap___aeabi_ldiv
                0x0000000010005a38      0x430 CMakeFiles/main.dir/home/jgettys/Development/pico-sdk/src/rp2_common/pico_divider/divider.S.obj
                0x0000000010005a38                div_s64s64
                0x0000000010005a38                divmod_s64s64
                0x0000000010005a38                __wrap___aeabi_ldivmod
                0x0000000010005a70                div_u64u64
                0x0000000010005a70                divmod_u64u64
                0x0000000010005a70                __wrap___aeabi_uldivmod
                0x0000000010005a80                divmod_u64u64_savestate
                0x0000000010005aa8                divmod_s64s64_unsafe
                0x0000000010005b30                divmod_u64u64_unsafe
 .text.__wrap___aeabi_darithmetic
                0x0000000010005e68       0x54 CMakeFiles/main.dir/home/jgettys/Development/pico-sdk/src/rp2_common/pico_double/double_aeabi.S.obj
                0x0000000010005e68                __wrap___aeabi_drsub
                0x0000000010005e6e                __wrap___aeabi_dsub
                0x0000000010005e80                __wrap___aeabi_dadd
                0x0000000010005e92                __wrap___aeabi_ddiv
                0x0000000010005ea4                __wrap___aeabi_dmul
 .text.__wrap___aeabi_cdcmple
                0x0000000010005ebc       0x6c CMakeFiles/main.dir/home/jgettys/Development/pico-sdk/src/rp2_common/pico_double/double_aeabi.S.obj
                0x0000000010005ebc                __wrap___aeabi_cdrcmple
                0x0000000010005ecc                __wrap___aeabi_cdcmple
                0x0000000010005ecc                __wrap___aeabi_cdcmpeq
 .text.__wrap___aeabi_dcmplt
                0x0000000010005f28        0xc CMakeFiles/main.dir/home/jgettys/Development/pico-sdk/src/rp2_common/pico_double/double_aeabi.S.obj
                0x0000000010005f28                __wrap___aeabi_dcmplt
 .text.__wrap___aeabi_dcmpge
                0x0000000010005f34       0x10 CMakeFiles/main.dir/home/jgettys/Development/pico-sdk/src/rp2_common/pico_double/double_aeabi.S.obj
                0x0000000010005f34                __wrap___aeabi_dcmpge
 .text.__wrap___aeabi_dcmpgt
                0x0000000010005f44        0xa CMakeFiles/main.dir/home/jgettys/Development/pico-sdk/src/rp2_common/pico_double/double_aeabi.S.obj
                0x0000000010005f44                __wrap___aeabi_dcmpgt
 .text.__wrap___aeabi_dcmpun
                0x0000000010005f4e       0x1c CMakeFiles/main.dir/home/jgettys/Development/pico-sdk/src/rp2_common/pico_double/double_aeabi.S.obj
                0x0000000010005f4e                __wrap___aeabi_dcmpun
 *fill*         0x0000000010005f6a        0x2 
 .text.__wrap___aeabi_i2d
                0x0000000010005f6c       0x38 CMakeFiles/main.dir/home/jgettys/Development/pico-sdk/src/rp2_common/pico_double/double_aeabi.S.obj
                0x0000000010005f6c                __wrap___aeabi_ui2d
                0x0000000010005f74                __wrap___aeabi_i2d
 .text.__wrap___aeabi_d2iz
                0x0000000010005fa4       0x48 CMakeFiles/main.dir/home/jgettys/Development/pico-sdk/src/rp2_common/pico_double/double_aeabi.S.obj
                0x0000000010005fa4                __wrap___aeabi_d2iz
                0x0000000010005fa4                double2int_z
 .text.__wrap___aeabi_d2uiz
                0x0000000010005fec       0x18 CMakeFiles/main.dir/home/jgettys/Development/pico-sdk/src/rp2_common/pico_double/double_aeabi.S.obj
                0x0000000010005fec                double2uint
                0x0000000010005fec                __wrap___aeabi_d2uiz
 .text.__wrap___aeabi_ul2d
                0x0000000010006004       0x18 CMakeFiles/main.dir/home/jgettys/Development/pico-sdk/src/rp2_common/pico_double/double_aeabi.S.obj
                0x0000000010006004                __wrap___aeabi_ul2d
 .text.rp2040_rom_version
                0x000000001000601c        0xe CMakeFiles/main.dir/home/jgettys/Development/pico-sdk/src/rp2_common/pico_double/double_init_rom.c.obj
 .text.rom_table_code
                0x000000001000602a       0x26 CMakeFiles/main.dir/home/jgettys/Development/pico-sdk/src/rp2_common/pico_double/double_init_rom.c.obj
 .text.__aeabi_double_init
                0x0000000010006050       0xe8 CMakeFiles/main.dir/home/jgettys/Development/pico-sdk/src/rp2_common/pico_double/double_init_rom.c.obj
                0x0000000010006050                __aeabi_double_init
 .text.double_table_shim_on_use_helper
                0x0000000010006138       0x34 CMakeFiles/main.dir/home/jgettys/Development/pico-sdk/src/rp2_common/pico_double/double_v1_rom_shim.S.obj
                0x0000000010006138                double_table_shim_on_use_helper
 .text.__wrap___aeabi_dsub
                0x000000001000616c       0x10 CMakeFiles/main.dir/home/jgettys/Development/pico-sdk/src/rp2_common/pico_double/double_v1_rom_shim.S.obj
                0x000000001000616c                drsub_shim
                0x0000000010006172                dsub_shim
 .text.dadd_shim
                0x000000001000617c      0x15c CMakeFiles/main.dir/home/jgettys/Development/pico-sdk/src/rp2_common/pico_double/double_v1_rom_shim.S.obj
                0x000000001000617c                dadd_shim
 .text.dmul_shim
                0x00000000100062d8      0x15c CMakeFiles/main.dir/home/jgettys/Development/pico-sdk/src/rp2_common/pico_double/double_v1_rom_shim.S.obj
                0x00000000100062d8                dmul_shim
 .text.ddiv_shim
                0x0000000010006434      0x1b0 CMakeFiles/main.dir/home/jgettys/Development/pico-sdk/src/rp2_common/pico_double/double_v1_rom_shim.S.obj
                0x0000000010006434                ddiv_shim
 .text.dcordic_rot_step
                0x00000000100065e4       0x7c CMakeFiles/main.dir/home/jgettys/Development/pico-sdk/src/rp2_common/pico_double/double_v1_rom_shim.S.obj
                0x00000000100065e4                dcordic_rot_step
 .text.double2uint_shim
                0x0000000010006660        0xe CMakeFiles/main.dir/home/jgettys/Development/pico-sdk/src/rp2_common/pico_double/double_v1_rom_shim.S.obj
                0x0000000010006660                double2uint_shim
                0x0000000010006662                double2ufix_shim
 *fill*         0x000000001000666e        0x2 
 .text.double2uint64_shim
                0x0000000010006670       0x6c CMakeFiles/main.dir/home/jgettys/Development/pico-sdk/src/rp2_common/pico_double/double_v1_rom_shim.S.obj
                0x0000000010006670                double2uint64_shim
                0x0000000010006672                double2ufix64_shim
                0x000000001000668c                d2fix_a
 .text.x2double_shims
                0x00000000100066dc       0x90 CMakeFiles/main.dir/home/jgettys/Development/pico-sdk/src/rp2_common/pico_double/double_v1_rom_shim.S.obj
                0x00000000100066dc                uint2double_shim
                0x00000000100066de                ufix2double_shim
                0x00000000100066e4                int2double_shim
                0x00000000100066e6                fix2double_shim
                0x00000000100066ec                uint642double_shim
                0x00000000100066ee                ufix642double_shim
                0x00000000100066f4                int642double_shim
                0x00000000100066f6                fix642double_shim
 .text.dunpacks
                0x000000001000676c       0x3c CMakeFiles/main.dir/home/jgettys/Development/pico-sdk/src/rp2_common/pico_double/double_v1_rom_shim.S.obj
                0x000000001000676c                dunpacks
 .text.rp2040_rom_version
                0x00000000100067a8        0xe CMakeFiles/main.dir/home/jgettys/Development/pico-sdk/src/rp2_common/pico_float/float_init_rom.c.obj
 .text.rom_table_code
                0x00000000100067b6       0x26 CMakeFiles/main.dir/home/jgettys/Development/pico-sdk/src/rp2_common/pico_float/float_init_rom.c.obj
 .text.__aeabi_float_init
                0x00000000100067dc      0x134 CMakeFiles/main.dir/home/jgettys/Development/pico-sdk/src/rp2_common/pico_float/float_init_rom.c.obj
                0x00000000100067dc                __aeabi_float_init
 .text.float_table_shim_on_use_helper
                0x0000000010006910       0x34 CMakeFiles/main.dir/home/jgettys/Development/pico-sdk/src/rp2_common/pico_float/float_v1_rom_shim.S.obj
                0x0000000010006910                float_table_shim_on_use_helper
 .text.check_alloc
                0x0000000010006944       0x16 CMakeFiles/main.dir/home/jgettys/Development/pico-sdk/src/rp2_common/pico_malloc/pico_malloc.c.obj
 .text.__wrap_malloc
                0x000000001000695a       0x2c CMakeFiles/main.dir/home/jgettys/Development/pico-sdk/src/rp2_common/pico_malloc/pico_malloc.c.obj
                0x000000001000695a                __wrap_malloc
 .text.__wrap_calloc
                0x0000000010006986       0x32 CMakeFiles/main.dir/home/jgettys/Development/pico-sdk/src/rp2_common/pico_malloc/pico_malloc.c.obj
                0x0000000010006986                __wrap_calloc
 .text          0x00000000100069b8       0x10 CMakeFiles/main.dir/home/jgettys/Development/pico-sdk/src/rp2_common/pico_mem_ops/mem_ops_aeabi.S.obj
                0x00000000100069b8                __aeabi_mem_init
 .text.memset   0x00000000100069c8        0xc CMakeFiles/main.dir/home/jgettys/Development/pico-sdk/src/rp2_common/pico_mem_ops/mem_ops_aeabi.S.obj
                0x00000000100069c8                __wrap_memset
 .text.memcpy   0x00000000100069d4        0xc CMakeFiles/main.dir/home/jgettys/Development/pico-sdk/src/rp2_common/pico_mem_ops/mem_ops_aeabi.S.obj
                0x00000000100069d4                __wrap___aeabi_memcpy
                0x00000000100069d4                __wrap_memcpy
 .text.get_core_num
                0x00000000100069e0       0x10 CMakeFiles/main.dir/home/jgettys/Development/pico-sdk/src/rp2_common/pico_stdio/stdio.c.obj
 .text.stdout_serialize_begin
                0x00000000100069f0       0x4c CMakeFiles/main.dir/home/jgettys/Development/pico-sdk/src/rp2_common/pico_stdio/stdio.c.obj
                0x00000000100069f0                stdout_serialize_begin
 .text.stdout_serialize_end
                0x0000000010006a3c       0x18 CMakeFiles/main.dir/home/jgettys/Development/pico-sdk/src/rp2_common/pico_stdio/stdio.c.obj
                0x0000000010006a3c                stdout_serialize_end
 .text.stdio_out_chars_crlf
                0x0000000010006a54       0xf8 CMakeFiles/main.dir/home/jgettys/Development/pico-sdk/src/rp2_common/pico_stdio/stdio.c.obj
 .text.stdio_put_string
                0x0000000010006b4c       0xb4 CMakeFiles/main.dir/home/jgettys/Development/pico-sdk/src/rp2_common/pico_stdio/stdio.c.obj
 .text.__wrap_puts
                0x0000000010006c00       0x2e CMakeFiles/main.dir/home/jgettys/Development/pico-sdk/src/rp2_common/pico_stdio/stdio.c.obj
                0x0000000010006c00                __wrap_puts
 *fill*         0x0000000010006c2e        0x2 
 .text.stdio_set_driver_enabled
                0x0000000010006c30       0x7c CMakeFiles/main.dir/home/jgettys/Development/pico-sdk/src/rp2_common/pico_stdio/stdio.c.obj
                0x0000000010006c30                stdio_set_driver_enabled
 .text.stdio_flush
                0x0000000010006cac       0x34 CMakeFiles/main.dir/home/jgettys/Development/pico-sdk/src/rp2_common/pico_stdio/stdio.c.obj
                0x0000000010006cac                stdio_flush
 .text.stdio_stack_buffer_flush
                0x0000000010006ce0       0x70 CMakeFiles/main.dir/home/jgettys/Development/pico-sdk/src/rp2_common/pico_stdio/stdio.c.obj
 .text.stdio_buffered_printer
                0x0000000010006d50       0x3e CMakeFiles/main.dir/home/jgettys/Development/pico-sdk/src/rp2_common/pico_stdio/stdio.c.obj
 *fill*         0x0000000010006d8e        0x2 
 .text.__wrap_vprintf
                0x0000000010006d90       0x6c CMakeFiles/main.dir/home/jgettys/Development/pico-sdk/src/rp2_common/pico_stdio/stdio.c.obj
                0x0000000010006d90                __wrap_vprintf
 .text.__wrap_printf
                0x0000000010006dfc       0x2e CMakeFiles/main.dir/home/jgettys/Development/pico-sdk/src/rp2_common/pico_stdio/stdio.c.obj
                0x0000000010006dfc                __wrap_printf
 .text.stdio_init_all
                0x0000000010006e2a        0xe CMakeFiles/main.dir/home/jgettys/Development/pico-sdk/src/rp2_common/pico_stdio/stdio.c.obj
                0x0000000010006e2a                stdio_init_all
 .text.tight_loop_contents
                0x0000000010006e38        0xa CMakeFiles/main.dir/home/jgettys/Development/pico-sdk/src/rp2_common/pico_stdio_uart/stdio_uart.c.obj
 *fill*         0x0000000010006e42        0x2 
 .text.uart_get_index
                0x0000000010006e44       0x24 CMakeFiles/main.dir/home/jgettys/Development/pico-sdk/src/rp2_common/pico_stdio_uart/stdio_uart.c.obj
 .text.uart_get_hw
                0x0000000010006e68       0x1a CMakeFiles/main.dir/home/jgettys/Development/pico-sdk/src/rp2_common/pico_stdio_uart/stdio_uart.c.obj
 .text.uart_is_writable
                0x0000000010006e82       0x26 CMakeFiles/main.dir/home/jgettys/Development/pico-sdk/src/rp2_common/pico_stdio_uart/stdio_uart.c.obj
 .text.uart_is_readable
                0x0000000010006ea8       0x26 CMakeFiles/main.dir/home/jgettys/Development/pico-sdk/src/rp2_common/pico_stdio_uart/stdio_uart.c.obj
 .text.uart_write_blocking
                0x0000000010006ece       0x56 CMakeFiles/main.dir/home/jgettys/Development/pico-sdk/src/rp2_common/pico_stdio_uart/stdio_uart.c.obj
 .text.uart_read_blocking
                0x0000000010006f24       0x58 CMakeFiles/main.dir/home/jgettys/Development/pico-sdk/src/rp2_common/pico_stdio_uart/stdio_uart.c.obj
 .text.uart_putc_raw
                0x0000000010006f7c       0x22 CMakeFiles/main.dir/home/jgettys/Development/pico-sdk/src/rp2_common/pico_stdio_uart/stdio_uart.c.obj
 *fill*         0x0000000010006f9e        0x2 
 .text.uart_putc
                0x0000000010006fa0       0x4c CMakeFiles/main.dir/home/jgettys/Development/pico-sdk/src/rp2_common/pico_stdio_uart/stdio_uart.c.obj
 .text.uart_getc
                0x0000000010006fec       0x24 CMakeFiles/main.dir/home/jgettys/Development/pico-sdk/src/rp2_common/pico_stdio_uart/stdio_uart.c.obj
 .text.stdio_uart_init
                0x0000000010007010       0x48 CMakeFiles/main.dir/home/jgettys/Development/pico-sdk/src/rp2_common/pico_stdio_uart/stdio_uart.c.obj
                0x0000000010007010                stdio_uart_init
 .text.stdio_uart_init_full
                0x0000000010007058       0x5c CMakeFiles/main.dir/home/jgettys/Development/pico-sdk/src/rp2_common/pico_stdio_uart/stdio_uart.c.obj
                0x0000000010007058                stdio_uart_init_full
 .text.stdio_uart_out_chars
                0x00000000100070b4       0x3c CMakeFiles/main.dir/home/jgettys/Development/pico-sdk/src/rp2_common/pico_stdio_uart/stdio_uart.c.obj
 .text.stdio_uart_in_chars
                0x00000000100070f0       0x58 CMakeFiles/main.dir/home/jgettys/Development/pico-sdk/src/rp2_common/pico_stdio_uart/stdio_uart.c.obj
                0x00000000100070f0                stdio_uart_in_chars
 .text.tight_loop_contents
                0x0000000010007148        0xa CMakeFiles/main.dir/home/jgettys/Development/pico-sdk/src/rp2_common/pico_multicore/multicore.c.obj
 .text.__sev    0x0000000010007152        0xc CMakeFiles/main.dir/home/jgettys/Development/pico-sdk/src/rp2_common/pico_multicore/multicore.c.obj
 .text.__wfe    0x000000001000715e        0xc CMakeFiles/main.dir/home/jgettys/Development/pico-sdk/src/rp2_common/pico_multicore/multicore.c.obj
 .text.multicore_fifo_rvalid
                0x000000001000716a       0x1a CMakeFiles/main.dir/home/jgettys/Development/pico-sdk/src/rp2_common/pico_multicore/multicore.c.obj
 .text.multicore_fifo_wready
                0x0000000010007184       0x1a CMakeFiles/main.dir/home/jgettys/Development/pico-sdk/src/rp2_common/pico_multicore/multicore.c.obj
 .text.multicore_fifo_drain
                0x000000001000719e       0x1a CMakeFiles/main.dir/home/jgettys/Development/pico-sdk/src/rp2_common/pico_multicore/multicore.c.obj
 .text.multicore_fifo_push_blocking_inline
                0x00000000100071b8       0x34 CMakeFiles/main.dir/home/jgettys/Development/pico-sdk/src/rp2_common/pico_multicore/multicore.c.obj
 .text.multicore_fifo_push_blocking
                0x00000000100071ec       0x18 CMakeFiles/main.dir/home/jgettys/Development/pico-sdk/src/rp2_common/pico_multicore/multicore.c.obj
                0x00000000100071ec                multicore_fifo_push_blocking
 .text.multicore_fifo_pop_blocking_inline
                0x0000000010007204       0x28 CMakeFiles/main.dir/home/jgettys/Development/pico-sdk/src/rp2_common/pico_multicore/multicore.c.obj
 .text.multicore_fifo_pop_blocking
                0x000000001000722c       0x10 CMakeFiles/main.dir/home/jgettys/Development/pico-sdk/src/rp2_common/pico_multicore/multicore.c.obj
                0x000000001000722c                multicore_fifo_pop_blocking
 .text.core1_trampoline
                0x000000001000723c        0x4 CMakeFiles/main.dir/home/jgettys/Development/pico-sdk/src/rp2_common/pico_multicore/multicore.c.obj
 .text.core1_wrapper
                0x0000000010007240       0x1c CMakeFiles/main.dir/home/jgettys/Development/pico-sdk/src/rp2_common/pico_multicore/multicore.c.obj
                0x0000000010007240                core1_wrapper
 .text.multicore_launch_core1_with_stack
                0x000000001000725c       0x78 CMakeFiles/main.dir/home/jgettys/Development/pico-sdk/src/rp2_common/pico_multicore/multicore.c.obj
                0x000000001000725c                multicore_launch_core1_with_stack
 .text.multicore_launch_core1
                0x00000000100072d4       0x3c CMakeFiles/main.dir/home/jgettys/Development/pico-sdk/src/rp2_common/pico_multicore/multicore.c.obj
                0x00000000100072d4                multicore_launch_core1
 .text.multicore_launch_core1_raw
                0x0000000010007310       0x8a CMakeFiles/main.dir/home/jgettys/Development/pico-sdk/src/rp2_common/pico_multicore/multicore.c.obj
                0x0000000010007310                multicore_launch_core1_raw
 *fill*         0x000000001000739a        0x2 
 .text          0x000000001000739c       0x18 /usr/lib/gcc/arm-none-eabi/6.3.1/../../../arm-none-eabi/lib/thumb/v6-m/libg.a(lib_a-calloc.o)
                0x000000001000739c                calloc
 .text          0x00000000100073b4       0x58 /usr/lib/gcc/arm-none-eabi/6.3.1/../../../arm-none-eabi/lib/thumb/v6-m/libg.a(lib_a-callocr.o)
                0x00000000100073b4                _calloc_r
 .text          0x000000001000740c       0x28 /usr/lib/gcc/arm-none-eabi/6.3.1/../../../arm-none-eabi/lib/thumb/v6-m/libg.a(lib_a-malloc.o)
                0x000000001000740c                malloc
                0x0000000010007420                free
 .text          0x0000000010007434      0x558 /usr/lib/gcc/arm-none-eabi/6.3.1/../../../arm-none-eabi/lib/thumb/v6-m/libg.a(lib_a-mallocr.o)
                0x0000000010007434                _malloc_r
 .text          0x000000001000798c        0x8 /usr/lib/gcc/arm-none-eabi/6.3.1/../../../arm-none-eabi/lib/thumb/v6-m/libg.a(lib_a-mlock.o)
                0x000000001000798c                __malloc_lock
                0x0000000010007990                __malloc_unlock
 .text          0x0000000010007994       0x24 /usr/lib/gcc/arm-none-eabi/6.3.1/../../../arm-none-eabi/lib/thumb/v6-m/libg.a(lib_a-sbrkr.o)
                0x0000000010007994                _sbrk_r
 .text          0x00000000100079b8       0x64 /usr/lib/gcc/arm-none-eabi/6.3.1/../../../arm-none-eabi/lib/thumb/v6-m/libg.a(lib_a-strlen-stub.o)
                0x00000000100079b8                strlen
 .text          0x0000000010007a1c      0x25c /usr/lib/gcc/arm-none-eabi/6.3.1/../../../arm-none-eabi/lib/thumb/v6-m/libg.a(lib_a-freer.o)
                0x0000000010007a1c                _malloc_trim_r
                0x0000000010007abc                _free_r
 *(.fini)
 .fini          0x0000000010007c78        0x4 /usr/lib/gcc/arm-none-eabi/6.3.1/thumb/v6-m/crti.o
                0x0000000010007c78                _fini
 *fill*         0x0000000010007c7c        0x4 
 .fini.__stub   0x0000000010007c80       0x50 linker stubs
 *crtbegin.o(.ctors)
 *crtbegin?.o(.ctors)
 *(EXCLUDE_FILE(*crtend.o *crtend?.o) .ctors)
 *(SORT(.ctors.*))
 *(.ctors)
 *crtbegin.o(.dtors)
 *crtbegin?.o(.dtors)
 *(EXCLUDE_FILE(*crtend.o *crtend?.o) .dtors)
 *(SORT(.dtors.*))
 *(.dtors)
 *(.eh_frame*)
 .eh_frame      0x0000000010007cd0        0x0 /usr/lib/gcc/arm-none-eabi/6.3.1/thumb/v6-m/crtbegin.o
                0x0000000010007cd0                . = ALIGN (0x4)

.glue_7         0x0000000010007cd0        0x0
 .glue_7        0x0000000010007cd0        0x0 linker stubs

.glue_7t        0x0000000010007cd0        0x0
 .glue_7t       0x0000000010007cd0        0x0 linker stubs

.vfp11_veneer   0x0000000010007cd0        0x0
 .vfp11_veneer  0x0000000010007cd0        0x0 linker stubs

.v4_bx          0x0000000010007cd0        0x0
 .v4_bx         0x0000000010007cd0        0x0 linker stubs

.iplt           0x0000000010007cd0        0x0
 .iplt          0x0000000010007cd0        0x0 /usr/lib/gcc/arm-none-eabi/6.3.1/thumb/v6-m/crtbegin.o

.rodata         0x0000000010007cd0     0x10dc
 *(EXCLUDE_FILE(*libm.a: *libc.a:*lib_a-mem*.o *libgcc.a:) .rodata*)
 .rodata        0x0000000010007cd0       0xd0 CMakeFiles/main.dir/main.c.obj
 .rodata        0x0000000010007da0      0x21f CMakeFiles/main.dir/home/jgettys/Development/pico-sdk/src/common/pico_time/time.c.obj
 *fill*         0x0000000010007fbf        0x1 
 .rodata.__func__.5838
                0x0000000010007fc0       0x12 CMakeFiles/main.dir/home/jgettys/Development/pico-sdk/src/common/pico_time/time.c.obj
 *fill*         0x0000000010007fd2        0x2 
 .rodata.__func__.5831
                0x0000000010007fd4        0xc CMakeFiles/main.dir/home/jgettys/Development/pico-sdk/src/common/pico_time/time.c.obj
 .rodata.__func__.6150
                0x0000000010007fe0        0xa CMakeFiles/main.dir/home/jgettys/Development/pico-sdk/src/common/pico_time/time.c.obj
 *fill*         0x0000000010007fea        0x2 
 .rodata.__func__.6176
                0x0000000010007fec       0x15 CMakeFiles/main.dir/home/jgettys/Development/pico-sdk/src/common/pico_time/time.c.obj
 *fill*         0x0000000010008001        0x3 
 .rodata.__func__.5853
                0x0000000010008004        0xa CMakeFiles/main.dir/home/jgettys/Development/pico-sdk/src/common/pico_time/time.c.obj
 *fill*         0x000000001000800e        0x2 
 .rodata.__func__.6193
                0x0000000010008010       0x1a CMakeFiles/main.dir/home/jgettys/Development/pico-sdk/src/common/pico_time/time.c.obj
 *fill*         0x000000001000802a        0x2 
 .rodata.__func__.5875
                0x000000001000802c       0x14 CMakeFiles/main.dir/home/jgettys/Development/pico-sdk/src/common/pico_time/time.c.obj
 .rodata.__func__.6155
                0x0000000010008040       0x12 CMakeFiles/main.dir/home/jgettys/Development/pico-sdk/src/common/pico_time/time.c.obj
 *fill*         0x0000000010008052        0x2 
 .rodata        0x0000000010008054       0x91 CMakeFiles/main.dir/home/jgettys/Development/pico-sdk/src/rp2_common/hardware_timer/timer.c.obj
 *fill*         0x00000000100080e5        0x3 
 .rodata.__func__.4474
                0x00000000100080e8       0x1a CMakeFiles/main.dir/home/jgettys/Development/pico-sdk/src/rp2_common/hardware_timer/timer.c.obj
 *fill*         0x0000000010008102        0x2 
 .rodata        0x0000000010008104       0x70 CMakeFiles/main.dir/home/jgettys/Development/pico-sdk/src/common/pico_sync/lock_core.c.obj
 .rodata.__func__.4316
                0x0000000010008174        0xa CMakeFiles/main.dir/home/jgettys/Development/pico-sdk/src/common/pico_sync/lock_core.c.obj
 *fill*         0x000000001000817e        0x2 
 .rodata        0x0000000010008180       0x64 CMakeFiles/main.dir/home/jgettys/Development/pico-sdk/src/common/pico_sync/mutex.c.obj
 .rodata.__func__.4531
                0x00000000100081e4       0x15 CMakeFiles/main.dir/home/jgettys/Development/pico-sdk/src/common/pico_sync/mutex.c.obj
 *fill*         0x00000000100081f9        0x3 
 .rodata.__func__.4559
                0x00000000100081fc        0xb CMakeFiles/main.dir/home/jgettys/Development/pico-sdk/src/common/pico_sync/mutex.c.obj
 *fill*         0x0000000010008207        0x1 
 .rodata        0x0000000010008208      0x183 CMakeFiles/main.dir/home/jgettys/Development/pico-sdk/src/common/pico_util/pheap.c.obj
 *fill*         0x000000001000838b        0x1 
 .rodata.__func__.5619
                0x000000001000838c       0x12 CMakeFiles/main.dir/home/jgettys/Development/pico-sdk/src/common/pico_util/pheap.c.obj
 *fill*         0x000000001000839e        0x2 
 .rodata.__func__.5612
                0x00000000100083a0        0xc CMakeFiles/main.dir/home/jgettys/Development/pico-sdk/src/common/pico_util/pheap.c.obj
 .rodata.__func__.5692
                0x00000000100083ac       0x13 CMakeFiles/main.dir/home/jgettys/Development/pico-sdk/src/common/pico_util/pheap.c.obj
 *fill*         0x00000000100083bf        0x1 
 .rodata.__func__.5710
                0x00000000100083c0        0xa CMakeFiles/main.dir/home/jgettys/Development/pico-sdk/src/common/pico_util/pheap.c.obj
 *fill*         0x00000000100083ca        0x2 
 .rodata        0x00000000100083cc       0x74 CMakeFiles/main.dir/home/jgettys/Development/pico-sdk/src/rp2_common/pico_runtime/runtime.c.obj
 .rodata        0x0000000010008440      0x103 CMakeFiles/main.dir/home/jgettys/Development/pico-sdk/src/rp2_common/hardware_clocks/clocks.c.obj
 *fill*         0x0000000010008543        0x1 
 .rodata.__func__.4610
                0x0000000010008544       0x10 CMakeFiles/main.dir/home/jgettys/Development/pico-sdk/src/rp2_common/hardware_clocks/clocks.c.obj
 .rodata        0x0000000010008554       0xe3 CMakeFiles/main.dir/home/jgettys/Development/pico-sdk/src/rp2_common/hardware_pll/pll.c.obj
 *fill*         0x0000000010008637        0x1 
 .rodata.__func__.4344
                0x0000000010008638        0x9 CMakeFiles/main.dir/home/jgettys/Development/pico-sdk/src/rp2_common/hardware_pll/pll.c.obj
 *fill*         0x0000000010008641        0x3 
 .rodata        0x0000000010008644      0x1d2 CMakeFiles/main.dir/home/jgettys/Development/pico-sdk/src/rp2_common/hardware_irq/irq.c.obj
 *fill*         0x0000000010008816        0x2 
 .rodata.__func__.4435
                0x0000000010008818       0x1a CMakeFiles/main.dir/home/jgettys/Development/pico-sdk/src/rp2_common/hardware_irq/irq.c.obj
 *fill*         0x0000000010008832        0x2 
 .rodata.__func__.4449
                0x0000000010008834        0xc CMakeFiles/main.dir/home/jgettys/Development/pico-sdk/src/rp2_common/hardware_irq/irq.c.obj
 .rodata.__func__.4457
                0x0000000010008840       0x17 CMakeFiles/main.dir/home/jgettys/Development/pico-sdk/src/rp2_common/hardware_irq/irq.c.obj
 *fill*         0x0000000010008857        0x1 
 .rodata.__func__.4461
                0x0000000010008858        0xf CMakeFiles/main.dir/home/jgettys/Development/pico-sdk/src/rp2_common/hardware_irq/irq.c.obj
 *fill*         0x0000000010008867        0x1 
 .rodata.__func__.4497
                0x0000000010008868       0x13 CMakeFiles/main.dir/home/jgettys/Development/pico-sdk/src/rp2_common/hardware_irq/irq.c.obj
 *fill*         0x000000001000887b        0x1 
 .rodata.__func__.4516
                0x000000001000887c       0x1a CMakeFiles/main.dir/home/jgettys/Development/pico-sdk/src/rp2_common/hardware_irq/irq.c.obj
 *fill*         0x0000000010008896        0x2 
 .rodata        0x0000000010008898       0x18 CMakeFiles/main.dir/home/jgettys/Development/pico-sdk/src/rp2_common/pico_printf/printf.c.obj
 .rodata._vsnprintf
                0x00000000100088b0      0x1e0 CMakeFiles/main.dir/home/jgettys/Development/pico-sdk/src/rp2_common/pico_printf/printf.c.obj
 .rodata.pow10.5331
                0x0000000010008a90       0x50 CMakeFiles/main.dir/home/jgettys/Development/pico-sdk/src/rp2_common/pico_printf/printf.c.obj
 .rodata        0x0000000010008ae0       0xb0 CMakeFiles/main.dir/home/jgettys/Development/pico-sdk/src/rp2_common/pico_double/double_init_rom.c.obj
 .rodata.__func__.4588
                0x0000000010008b90       0x14 CMakeFiles/main.dir/home/jgettys/Development/pico-sdk/src/rp2_common/pico_double/double_init_rom.c.obj
 .rodata        0x0000000010008ba4       0x86 CMakeFiles/main.dir/home/jgettys/Development/pico-sdk/src/rp2_common/pico_float/float_init_rom.c.obj
 *fill*         0x0000000010008c2a        0x2 
 .rodata.__func__.4590
                0x0000000010008c2c       0x13 CMakeFiles/main.dir/home/jgettys/Development/pico-sdk/src/rp2_common/pico_float/float_init_rom.c.obj
 *fill*         0x0000000010008c3f        0x1 
 .rodata        0x0000000010008c40       0x2a CMakeFiles/main.dir/home/jgettys/Development/pico-sdk/src/rp2_common/pico_standard_link/binary_info.c.obj
 *fill*         0x0000000010008c6a        0x2 
 .rodata.__bi_40
                0x0000000010008c6c        0xc CMakeFiles/main.dir/home/jgettys/Development/pico-sdk/src/rp2_common/pico_standard_link/binary_info.c.obj
 .rodata.__bi_71
                0x0000000010008c78        0xc CMakeFiles/main.dir/home/jgettys/Development/pico-sdk/src/rp2_common/pico_standard_link/binary_info.c.obj
 .rodata.crlf_str.5838
                0x0000000010008c84        0x2 CMakeFiles/main.dir/home/jgettys/Development/pico-sdk/src/rp2_common/pico_stdio/stdio.c.obj
 *fill*         0x0000000010008c86        0x2 
 .rodata.__bi_28.4661
                0x0000000010008c88        0x8 CMakeFiles/main.dir/home/jgettys/Development/pico-sdk/src/rp2_common/pico_stdio_uart/stdio_uart.c.obj
 .rodata        0x0000000010008c90       0x2b CMakeFiles/main.dir/home/jgettys/Development/pico-sdk/src/rp2_common/pico_stdio_uart/stdio_uart.c.obj
 *fill*         0x0000000010008cbb        0x1 
 .rodata.__bi_27.4657
                0x0000000010008cbc        0xc CMakeFiles/main.dir/home/jgettys/Development/pico-sdk/src/rp2_common/pico_stdio_uart/stdio_uart.c.obj
 .rodata        0x0000000010008cc8       0xbc CMakeFiles/main.dir/home/jgettys/Development/pico-sdk/src/rp2_common/pico_multicore/multicore.c.obj
 .rodata.__func__.5076
                0x0000000010008d84       0x22 CMakeFiles/main.dir/home/jgettys/Development/pico-sdk/src/rp2_common/pico_multicore/multicore.c.obj
 *fill*         0x0000000010008da6        0x2 
 .rodata.str1.4
                0x0000000010008da8        0x4 /usr/lib/gcc/arm-none-eabi/6.3.1/../../../arm-none-eabi/lib/thumb/v6-m/libg.a(lib_a-impure.o)
                                          0x2 (size before relaxing)
                0x0000000010008dac                . = ALIGN (0x4)
 *(SORT(.flashdata*))
                0x0000000010008dac                . = ALIGN (0x4)

.rel.dyn        0x0000000010008dac        0x0
 .rel.iplt      0x0000000010008dac        0x0 /usr/lib/gcc/arm-none-eabi/6.3.1/thumb/v6-m/crtbegin.o

.ARM.extab
 *(.ARM.extab* .gnu.linkonce.armextab.*)
                0x0000000010008dac                __exidx_start = .

.ARM.exidx
 *(.ARM.exidx* .gnu.linkonce.armexidx.*)
                0x0000000010008dac                __exidx_end = .
                0x0000000010008dac                . = ALIGN (0x4)
                0x0000000010008dac                __binary_info_start = .

.binary_info    0x0000000010008dac       0x20
 *(.binary_info.keep.*)
 .binary_info.keep.__bi_ptr18
                0x0000000010008dac        0x4 CMakeFiles/main.dir/home/jgettys/Development/pico-sdk/src/rp2_common/pico_standard_link/binary_info.c.obj
 .binary_info.keep.__bi_ptr26
                0x0000000010008db0        0x4 CMakeFiles/main.dir/home/jgettys/Development/pico-sdk/src/rp2_common/pico_standard_link/binary_info.c.obj
 .binary_info.keep.__bi_ptr34
                0x0000000010008db4        0x4 CMakeFiles/main.dir/home/jgettys/Development/pico-sdk/src/rp2_common/pico_standard_link/binary_info.c.obj
 .binary_info.keep.__bi_ptr40
                0x0000000010008db8        0x4 CMakeFiles/main.dir/home/jgettys/Development/pico-sdk/src/rp2_common/pico_standard_link/binary_info.c.obj
 .binary_info.keep.__bi_ptr46
                0x0000000010008dbc        0x4 CMakeFiles/main.dir/home/jgettys/Development/pico-sdk/src/rp2_common/pico_standard_link/binary_info.c.obj
 .binary_info.keep.__bi_ptr71
                0x0000000010008dc0        0x4 CMakeFiles/main.dir/home/jgettys/Development/pico-sdk/src/rp2_common/pico_standard_link/binary_info.c.obj
 *(.binary_info.*)
 .binary_info.__bi_ptr27
                0x0000000010008dc4        0x4 CMakeFiles/main.dir/home/jgettys/Development/pico-sdk/src/rp2_common/pico_stdio_uart/stdio_uart.c.obj
 .binary_info.__bi_ptr28
                0x0000000010008dc8        0x4 CMakeFiles/main.dir/home/jgettys/Development/pico-sdk/src/rp2_common/pico_stdio_uart/stdio_uart.c.obj
                0x0000000010008dcc                __binary_info_end = .
                0x0000000010008dcc                . = ALIGN (0x4)
                0x0000000010008dcc                __etext = .

.ram_vector_table
                0x0000000020000000       0xc0
 *(.ram_vector_table)
 .ram_vector_table
                0x0000000020000000       0xc0 CMakeFiles/main.dir/home/jgettys/Development/pico-sdk/src/rp2_common/pico_runtime/runtime.c.obj
                0x0000000020000000                ram_vector_table

.data           0x00000000200000c0      0xaa4 load address 0x0000000010008dcc
                0x00000000200000c0                __data_start__ = .
 *(vtable)
 *(.time_critical*)
 .time_critical.mutex_enter_blocking
                0x00000000200000c0       0x8c CMakeFiles/main.dir/home/jgettys/Development/pico-sdk/src/common/pico_sync/mutex.c.obj
                0x00000000200000c0                mutex_enter_blocking
 .time_critical.mutex_try_enter
                0x000000002000014c       0x6e CMakeFiles/main.dir/home/jgettys/Development/pico-sdk/src/common/pico_sync/mutex.c.obj
                0x000000002000014c                mutex_try_enter
 *fill*         0x00000000200001ba        0x2 
 .time_critical.mutex_exit
                0x00000000200001bc       0x58 CMakeFiles/main.dir/home/jgettys/Development/pico-sdk/src/common/pico_sync/mutex.c.obj
                0x00000000200001bc                mutex_exit
 *(.text*)
 .text          0x0000000020000214        0x4 /usr/lib/gcc/arm-none-eabi/6.3.1/thumb/v6-m/libgcc.a(_dvmd_tls.o)
                0x0000000020000214                __aeabi_ldiv0
                0x0000000020000214                __aeabi_idiv0
 .text.__stub   0x0000000020000218       0x60 linker stubs
                0x0000000020000278                . = ALIGN (0x4)
 *(.rodata*)
                0x0000000020000278                . = ALIGN (0x4)
 *(.data*)
 .data.threadCount
                0x0000000020000278        0x1 CMakeFiles/main.dir/main.c.obj
                0x0000000020000278                threadCount
 .data.striped_spin_lock_num
                0x0000000020000279        0x1 CMakeFiles/main.dir/home/jgettys/Development/pico-sdk/src/rp2_common/hardware_sync/sync.c.obj
 *fill*         0x000000002000027a        0x2 
 .data          0x000000002000027c       0x48 CMakeFiles/main.dir/home/jgettys/Development/pico-sdk/src/rp2_common/hardware_irq/irq_handler_chain.S.obj
                0x000000002000027c                irq_handler_chain_slots
                0x00000000200002ac                irq_handler_chain_first_slot
                0x00000000200002b6                irq_handler_chain_remove_tail
 *fill*         0x00000000200002c4        0xc 
 .data.aeabi_bits_funcs
                0x00000000200002d0       0x10 CMakeFiles/main.dir/home/jgettys/Development/pico-sdk/src/rp2_common/pico_bit_ops/bit_ops_aeabi.S.obj
                0x00000000200002d0                aeabi_bits_funcs
                0x00000000200002e0                aeabi_bits_funcs_end
 .data.aeabi_mem_funcs
                0x00000000200002e0       0x10 CMakeFiles/main.dir/home/jgettys/Development/pico-sdk/src/rp2_common/pico_mem_ops/mem_ops_aeabi.S.obj
                0x00000000200002e0                aeabi_mem_funcs
                0x00000000200002f0                aeabi_mem_funcs_end
 .data.stdio_uart
                0x00000000200002f0       0x14 CMakeFiles/main.dir/home/jgettys/Development/pico-sdk/src/rp2_common/pico_stdio_uart/stdio_uart.c.obj
                0x00000000200002f0                stdio_uart
 *fill*         0x0000000020000304        0x4 
 .data          0x0000000020000308      0x430 /usr/lib/gcc/arm-none-eabi/6.3.1/../../../arm-none-eabi/lib/thumb/v6-m/libg.a(lib_a-impure.o)
                0x0000000020000308                _impure_ptr
 .data          0x0000000020000738      0x410 /usr/lib/gcc/arm-none-eabi/6.3.1/../../../arm-none-eabi/lib/thumb/v6-m/libg.a(lib_a-mallocr.o)
                0x0000000020000738                __malloc_av_
                0x0000000020000b40                __malloc_sbrk_base
                0x0000000020000b44                __malloc_trim_threshold
                0x0000000020000b48                . = ALIGN (0x4)
 *(.after_data.*)
                0x0000000020000b48                . = ALIGN (0x4)
                0x0000000020000b48                PROVIDE (__mutex_array_start, .)
 *(SORT(.mutex_array.*))
 *(.mutex_array)
 .mutex_array   0x0000000020000b48        0x8 CMakeFiles/main.dir/home/jgettys/Development/pico-sdk/src/rp2_common/pico_stdio/stdio.c.obj
                0x0000000020000b50                PROVIDE (__mutex_array_end, .)
                0x0000000020000b50                . = ALIGN (0x4)
                0x0000000020000b50                PROVIDE (__preinit_array_start, .)
 *(SORT(.preinit_array.*))
 .preinit_array.00001
                0x0000000020000b50        0x4 CMakeFiles/main.dir/home/jgettys/Development/pico-sdk/src/rp2_common/pico_mem_ops/mem_ops_aeabi.S.obj
 .preinit_array.00010
                0x0000000020000b54        0x4 CMakeFiles/main.dir/home/jgettys/Development/pico-sdk/src/rp2_common/pico_bit_ops/bit_ops_aeabi.S.obj
 .preinit_array.00020
                0x0000000020000b58        0x4 CMakeFiles/main.dir/home/jgettys/Development/pico-sdk/src/rp2_common/pico_double/double_aeabi.S.obj
 .preinit_array.00020
                0x0000000020000b5c        0x4 CMakeFiles/main.dir/home/jgettys/Development/pico-sdk/src/rp2_common/pico_float/float_aeabi.S.obj
 *(.preinit_array)
                0x0000000020000b60                PROVIDE (__preinit_array_end, .)
                0x0000000020000b60                . = ALIGN (0x4)
                0x0000000020000b60                PROVIDE (__init_array_start, .)
 *(SORT(.init_array.*))
 *(.init_array)
 .init_array    0x0000000020000b60        0x4 /usr/lib/gcc/arm-none-eabi/6.3.1/thumb/v6-m/crtbegin.o
                0x0000000020000b64                PROVIDE (__init_array_end, .)
                0x0000000020000b64                . = ALIGN (0x4)
                0x0000000020000b64                PROVIDE (__fini_array_start, .)
 *(SORT(.fini_array.*))
 *(.fini_array)
                0x0000000020000b64                PROVIDE (__fini_array_end, .)
 *(.jcr)
 .jcr           0x0000000020000b64        0x0 /usr/lib/gcc/arm-none-eabi/6.3.1/thumb/v6-m/crtbegin.o
                0x0000000020000b64                . = ALIGN (0x4)
                0x0000000020000b64                __data_end__ = .

.tm_clone_table
                0x0000000020000b64        0x0 load address 0x0000000010009870
 .tm_clone_table
                0x0000000020000b64        0x0 /usr/lib/gcc/arm-none-eabi/6.3.1/thumb/v6-m/crtbegin.o
 .tm_clone_table
                0x0000000020000b64        0x0 /usr/lib/gcc/arm-none-eabi/6.3.1/thumb/v6-m/crtend.o

.igot.plt       0x0000000020000b64        0x0 load address 0x0000000010009870
 .igot.plt      0x0000000020000b64        0x0 /usr/lib/gcc/arm-none-eabi/6.3.1/thumb/v6-m/crtbegin.o

.uninitialized_data
                0x0000000020000b64        0x0 load address 0x0000000010009870
                0x0000000020000b64                . = ALIGN (0x4)
 *(.uninitialized_data*)

.scratch_x      0x0000000020040000        0x0 load address 0x0000000010009870
                0x0000000020040000                __scratch_x_start__ = .
 *(.scratch_x.*)
                0x0000000020040000                . = ALIGN (0x4)
                0x0000000020040000                __scratch_x_end__ = .
                0x0000000010009870                __scratch_x_source__ = LOADADDR (.scratch_x)

.scratch_y      0x0000000020041000        0x0 load address 0x0000000010009870
                0x0000000020041000                __scratch_y_start__ = .
 *(.scratch_y.*)
                0x0000000020041000                . = ALIGN (0x4)
                0x0000000020041000                __scratch_y_end__ = .
                0x0000000010009870                __scratch_y_source__ = LOADADDR (.scratch_y)

.bss            0x0000000020000b68     0x131c
                0x0000000020000b68                . = ALIGN (0x4)
                0x0000000020000b68                __bss_start__ = .
 *(SORT(.bss*))
 .bss           0x0000000020000b68       0x1c /usr/lib/gcc/arm-none-eabi/6.3.1/thumb/v6-m/crtbegin.o
 .bss           0x0000000020000b84       0x34 /usr/lib/gcc/arm-none-eabi/6.3.1/../../../arm-none-eabi/lib/thumb/v6-m/libg.a(lib_a-mallocr.o)
                0x0000000020000b84                __malloc_top_pad
                0x0000000020000b88                __malloc_current_mallinfo
                0x0000000020000bb0                __malloc_max_sbrked_mem
                0x0000000020000bb4                __malloc_max_total_mem
 .bss.alarm_callbacks
                0x0000000020000bb8       0x10 CMakeFiles/main.dir/home/jgettys/Development/pico-sdk/src/rp2_common/hardware_timer/timer.c.obj
 .bss.blink2Stack
                0x0000000020000bc8      0x200 CMakeFiles/main.dir/main.c.obj
 .bss.blinkStack
                0x0000000020000dc8      0x200 CMakeFiles/main.dir/main.c.obj
 .bss.configured_freq
                0x0000000020000fc8       0x28 CMakeFiles/main.dir/home/jgettys/Development/pico-sdk/src/rp2_common/hardware_clocks/clocks.c.obj
 .bss.default_alarm_pool
                0x0000000020000ff0        0x4 CMakeFiles/main.dir/home/jgettys/Development/pico-sdk/src/common/pico_time/time.c.obj
 .bss.drivers   0x0000000020000ff4        0x4 CMakeFiles/main.dir/home/jgettys/Development/pico-sdk/src/rp2_common/pico_stdio/stdio.c.obj
 .bss.filter    0x0000000020000ff8        0x4 CMakeFiles/main.dir/home/jgettys/Development/pico-sdk/src/rp2_common/pico_stdio/stdio.c.obj
 .bss.heap_end.5676
                0x0000000020000ffc        0x4 CMakeFiles/main.dir/home/jgettys/Development/pico-sdk/src/rp2_common/pico_runtime/runtime.c.obj
 .bss.hogStack  0x0000000020001000      0x200 CMakeFiles/main.dir/main.c.obj
 .bss.idleStack
                0x0000000020001200      0x320 CMakeFiles/main.dir/main.c.obj
 .bss.pools     0x0000000020001520       0x10 CMakeFiles/main.dir/home/jgettys/Development/pico-sdk/src/common/pico_time/time.c.obj
 .bss.repStack  0x0000000020001530      0x400 CMakeFiles/main.dir/main.c.obj
 .bss.spinnerStack
                0x0000000020001930      0x200 CMakeFiles/main.dir/main.c.obj
 .bss.sysCount  0x0000000020001b30        0x4 CMakeFiles/main.dir/main.c.obj
 .bss.target_hi
                0x0000000020001b34       0x10 CMakeFiles/main.dir/home/jgettys/Development/pico-sdk/src/rp2_common/hardware_timer/timer.c.obj
 .bss.uart_instance
                0x0000000020001b44        0x4 CMakeFiles/main.dir/home/jgettys/Development/pico-sdk/src/rp2_common/pico_stdio_uart/stdio_uart.c.obj
 .bss.claimed   0x0000000020001b48        0x1 CMakeFiles/main.dir/home/jgettys/Development/pico-sdk/src/rp2_common/hardware_timer/timer.c.obj
 .bss.currentIdx
                0x0000000020001b49        0x1 CMakeFiles/main.dir/main.c.obj
                0x0000000020001b49                currentIdx
 .bss.irq_hander_chain_free_slot_head
                0x0000000020001b4a        0x1 CMakeFiles/main.dir/home/jgettys/Development/pico-sdk/src/rp2_common/hardware_irq/irq.c.obj
 .bss.timer_callbacks_pending
                0x0000000020001b4b        0x1 CMakeFiles/main.dir/home/jgettys/Development/pico-sdk/src/rp2_common/hardware_timer/timer.c.obj
 *(COMMON)
 *fill*         0x0000000020001b4c        0x4 
 COMMON         0x0000000020001b50      0x128 CMakeFiles/main.dir/main.c.obj
                0x0000000020001b50                threads
                0x0000000020001c30                currentThread
                0x0000000020001c38                cpuStats
 COMMON         0x0000000020001c78        0x4 CMakeFiles/main.dir/home/jgettys/Development/pico-sdk/src/rp2_common/hardware_uart/uart.c.obj
                0x0000000020001c78                uart_char_to_line_feed
 COMMON         0x0000000020001c7c      0x100 CMakeFiles/main.dir/home/jgettys/Development/pico-sdk/src/rp2_common/pico_double/double_init_rom.c.obj
                0x0000000020001c7c                sd_table
 COMMON         0x0000000020001d7c      0x104 CMakeFiles/main.dir/home/jgettys/Development/pico-sdk/src/rp2_common/pico_float/float_init_rom.c.obj
                0x0000000020001d7c                sf_table
                0x0000000020001e7c                sf_clz_func
 COMMON         0x0000000020001e80        0x4 /usr/lib/gcc/arm-none-eabi/6.3.1/../../../arm-none-eabi/lib/thumb/v6-m/libg.a(lib_a-reent.o)
                0x0000000020001e80                errno
                0x0000000020001e84                . = ALIGN (0x4)
                0x0000000020001e84                __bss_end__ = .

.heap           0x0000000020001e84      0x800
                0x0000000020001e84                __end__ = .
                0x0000000020001e84                end = __end__
 *(.heap*)
 .heap          0x0000000020001e84      0x800 CMakeFiles/main.dir/home/jgettys/Development/pico-sdk/src/rp2_common/pico_standard_link/crt0.S.obj
                0x0000000020002684                __HeapLimit = .

.stack1_dummy   0x0000000020040000      0x800
 *(.stack1*)
 .stack1        0x0000000020040000      0x800 CMakeFiles/main.dir/home/jgettys/Development/pico-sdk/src/rp2_common/pico_multicore/multicore.c.obj

.stack_dummy    0x0000000020041000      0x800
 *(.stack*)
 .stack         0x0000000020041000      0x800 CMakeFiles/main.dir/home/jgettys/Development/pico-sdk/src/rp2_common/pico_standard_link/crt0.S.obj

.flash_end      0x0000000010009870        0x0
                0x0000000010009870                __flash_binary_end = .
                0x0000000020040000                __StackLimit = (ORIGIN (RAM) + LENGTH (RAM))
                0x0000000020041000                __StackOneTop = (ORIGIN (SCRATCH_X) + LENGTH (SCRATCH_X))
                0x0000000020042000                __StackTop = (ORIGIN (SCRATCH_Y) + LENGTH (SCRATCH_Y))
                0x0000000020040800                __StackOneBottom = (__StackOneTop - SIZEOF (.stack1_dummy))
                0x0000000020041800                __StackBottom = (__StackTop - SIZEOF (.stack_dummy))
                0x0000000020042000                PROVIDE (__stack, __StackTop)
                0x0000000000000001                ASSERT ((__StackLimit >= __HeapLimit), region RAM overflowed)
                0x0000000000000001                ASSERT (((__binary_info_header_end - __logical_binary_start) <= 0x100), Binary info must be in first 256 bytes of the binary)
LOAD CMakeFiles/main.dir/main.c.obj
LOAD CMakeFiles/main.dir/func.s.obj
LOAD CMakeFiles/main.dir/home/jgettys/Development/pico-sdk/src/rp2_common/pico_stdlib/stdlib.c.obj
LOAD CMakeFiles/main.dir/home/jgettys/Development/pico-sdk/src/rp2_common/hardware_gpio/gpio.c.obj
LOAD CMakeFiles/main.dir/home/jgettys/Development/pico-sdk/src/rp2_common/hardware_claim/claim.c.obj
LOAD CMakeFiles/main.dir/home/jgettys/Development/pico-sdk/src/rp2_common/hardware_sync/sync.c.obj
LOAD CMakeFiles/main.dir/home/jgettys/Development/pico-sdk/src/rp2_common/pico_platform/platform.c.obj
LOAD CMakeFiles/main.dir/home/jgettys/Development/pico-sdk/src/rp2_common/hardware_uart/uart.c.obj
LOAD CMakeFiles/main.dir/home/jgettys/Development/pico-sdk/src/rp2_common/hardware_divider/divider.S.obj
LOAD CMakeFiles/main.dir/home/jgettys/Development/pico-sdk/src/common/pico_time/time.c.obj
LOAD CMakeFiles/main.dir/home/jgettys/Development/pico-sdk/src/common/pico_time/timeout_helper.c.obj
LOAD CMakeFiles/main.dir/home/jgettys/Development/pico-sdk/src/rp2_common/hardware_timer/timer.c.obj
LOAD CMakeFiles/main.dir/home/jgettys/Development/pico-sdk/src/common/pico_sync/sem.c.obj
LOAD CMakeFiles/main.dir/home/jgettys/Development/pico-sdk/src/common/pico_sync/lock_core.c.obj
LOAD CMakeFiles/main.dir/home/jgettys/Development/pico-sdk/src/common/pico_sync/mutex.c.obj
LOAD CMakeFiles/main.dir/home/jgettys/Development/pico-sdk/src/common/pico_sync/critical_section.c.obj
LOAD CMakeFiles/main.dir/home/jgettys/Development/pico-sdk/src/common/pico_util/datetime.c.obj
LOAD CMakeFiles/main.dir/home/jgettys/Development/pico-sdk/src/common/pico_util/pheap.c.obj
LOAD CMakeFiles/main.dir/home/jgettys/Development/pico-sdk/src/common/pico_util/queue.c.obj
LOAD CMakeFiles/main.dir/home/jgettys/Development/pico-sdk/src/rp2_common/pico_runtime/runtime.c.obj
LOAD CMakeFiles/main.dir/home/jgettys/Development/pico-sdk/src/rp2_common/hardware_clocks/clocks.c.obj
LOAD CMakeFiles/main.dir/home/jgettys/Development/pico-sdk/src/rp2_common/hardware_watchdog/watchdog.c.obj
LOAD CMakeFiles/main.dir/home/jgettys/Development/pico-sdk/src/rp2_common/hardware_xosc/xosc.c.obj
LOAD CMakeFiles/main.dir/home/jgettys/Development/pico-sdk/src/rp2_common/hardware_pll/pll.c.obj
LOAD CMakeFiles/main.dir/home/jgettys/Development/pico-sdk/src/rp2_common/hardware_vreg/vreg.c.obj
LOAD CMakeFiles/main.dir/home/jgettys/Development/pico-sdk/src/rp2_common/hardware_irq/irq.c.obj
LOAD CMakeFiles/main.dir/home/jgettys/Development/pico-sdk/src/rp2_common/hardware_irq/irq_handler_chain.S.obj
LOAD CMakeFiles/main.dir/home/jgettys/Development/pico-sdk/src/rp2_common/pico_printf/printf.c.obj
LOAD CMakeFiles/main.dir/home/jgettys/Development/pico-sdk/src/rp2_common/pico_bit_ops/bit_ops_aeabi.S.obj
LOAD CMakeFiles/main.dir/home/jgettys/Development/pico-sdk/src/rp2_common/pico_bootrom/bootrom.c.obj
LOAD CMakeFiles/main.dir/home/jgettys/Development/pico-sdk/src/rp2_common/pico_divider/divider.S.obj
LOAD CMakeFiles/main.dir/home/jgettys/Development/pico-sdk/src/rp2_common/pico_double/double_aeabi.S.obj
LOAD CMakeFiles/main.dir/home/jgettys/Development/pico-sdk/src/rp2_common/pico_double/double_init_rom.c.obj
LOAD CMakeFiles/main.dir/home/jgettys/Development/pico-sdk/src/rp2_common/pico_double/double_math.c.obj
LOAD CMakeFiles/main.dir/home/jgettys/Development/pico-sdk/src/rp2_common/pico_double/double_v1_rom_shim.S.obj
LOAD CMakeFiles/main.dir/home/jgettys/Development/pico-sdk/src/rp2_common/pico_int64_ops/pico_int64_ops_aeabi.S.obj