Archive member included to satisfy reference by file (symbol)

/usr/lib/gcc/arm-none-eabi/6.3.1/thumb/v6-m/libgcc.a(_dvmd_tls.o)
                              CMakeFiles/main.dir/home/jgettys/Development/pico-sdk/src/rp2_common/pico_divider/divider.S.obj (__aeabi_idiv0)
/usr/lib/gcc/arm-none-eabi/6.3.1/../../../arm-none-eabi/lib/thumb/v6-m/libg.a(lib_a-atexit.o)
                              /usr/lib/gcc/arm-none-eabi/6.3.1/../../../arm-none-eabi/lib/thumb/v6-m/crt0.o (atexit)
/usr/lib/gcc/arm-none-eabi/6.3.1/../../../arm-none-eabi/lib/thumb/v6-m/libg.a(lib_a-calloc.o)
                              CMakeFiles/main.dir/home/jgettys/Development/pico-sdk/src/rp2_common/pico_malloc/pico_malloc.c.obj (calloc)
/usr/lib/gcc/arm-none-eabi/6.3.1/../../../arm-none-eabi/lib/thumb/v6-m/libg.a(lib_a-callocr.o)
                              /usr/lib/gcc/arm-none-eabi/6.3.1/../../../arm-none-eabi/lib/thumb/v6-m/libg.a(lib_a-calloc.o) (_calloc_r)
/usr/lib/gcc/arm-none-eabi/6.3.1/../../../arm-none-eabi/lib/thumb/v6-m/libg.a(lib_a-fini.o)
                              /usr/lib/gcc/arm-none-eabi/6.3.1/../../../arm-none-eabi/lib/thumb/v6-m/crt0.o (__libc_fini_array)
/usr/lib/gcc/arm-none-eabi/6.3.1/../../../arm-none-eabi/lib/thumb/v6-m/libg.a(lib_a-impure.o)
                              CMakeFiles/main.dir/home/jgettys/Development/pico-sdk/src/common/pico_util/pheap.c.obj (_impure_ptr)
/usr/lib/gcc/arm-none-eabi/6.3.1/../../../arm-none-eabi/lib/thumb/v6-m/libg.a(lib_a-init.o)
                              /usr/lib/gcc/arm-none-eabi/6.3.1/../../../arm-none-eabi/lib/thumb/v6-m/crt0.o (__libc_init_array)
/usr/lib/gcc/arm-none-eabi/6.3.1/../../../arm-none-eabi/lib/thumb/v6-m/libg.a(lib_a-malloc.o)
                              CMakeFiles/main.dir/home/jgettys/Development/pico-sdk/src/rp2_common/pico_malloc/pico_malloc.c.obj (malloc)
/usr/lib/gcc/arm-none-eabi/6.3.1/../../../arm-none-eabi/lib/thumb/v6-m/libg.a(lib_a-mallocr.o)
                              /usr/lib/gcc/arm-none-eabi/6.3.1/../../../arm-none-eabi/lib/thumb/v6-m/libg.a(lib_a-callocr.o) (_malloc_r)
/usr/lib/gcc/arm-none-eabi/6.3.1/../../../arm-none-eabi/lib/thumb/v6-m/libg.a(lib_a-mlock.o)
                              /usr/lib/gcc/arm-none-eabi/6.3.1/../../../arm-none-eabi/lib/thumb/v6-m/libg.a(lib_a-mallocr.o) (__malloc_lock)
/usr/lib/gcc/arm-none-eabi/6.3.1/../../../arm-none-eabi/lib/thumb/v6-m/libg.a(lib_a-sbrkr.o)
                              /usr/lib/gcc/arm-none-eabi/6.3.1/../../../arm-none-eabi/lib/thumb/v6-m/libg.a(lib_a-mallocr.o) (_sbrk_r)
/usr/lib/gcc/arm-none-eabi/6.3.1/../../../arm-none-eabi/lib/thumb/v6-m/libg.a(lib_a-strlen-stub.o)
                              CMakeFiles/main.dir/home/jgettys/Development/pico-sdk/src/rp2_common/pico_stdio/stdio.c.obj (strlen)
/usr/lib/gcc/arm-none-eabi/6.3.1/../../../arm-none-eabi/lib/thumb/v6-m/libg.a(lib_a-wbuf.o)
                              CMakeFiles/main.dir/home/jgettys/Development/pico-sdk/src/common/pico_util/pheap.c.obj (__swbuf_r)
/usr/lib/gcc/arm-none-eabi/6.3.1/../../../arm-none-eabi/lib/thumb/v6-m/libg.a(lib_a-wsetup.o)
                              /usr/lib/gcc/arm-none-eabi/6.3.1/../../../arm-none-eabi/lib/thumb/v6-m/libg.a(lib_a-wbuf.o) (__swsetup_r)
/usr/lib/gcc/arm-none-eabi/6.3.1/../../../arm-none-eabi/lib/thumb/v6-m/libg.a(lib_a-__atexit.o)
                              /usr/lib/gcc/arm-none-eabi/6.3.1/../../../arm-none-eabi/lib/thumb/v6-m/libg.a(lib_a-atexit.o) (__register_exitproc)
/usr/lib/gcc/arm-none-eabi/6.3.1/../../../arm-none-eabi/lib/thumb/v6-m/libg.a(lib_a-fflush.o)
                              /usr/lib/gcc/arm-none-eabi/6.3.1/../../../arm-none-eabi/lib/thumb/v6-m/libg.a(lib_a-wbuf.o) (_fflush_r)
/usr/lib/gcc/arm-none-eabi/6.3.1/../../../arm-none-eabi/lib/thumb/v6-m/libg.a(lib_a-findfp.o)
                              /usr/lib/gcc/arm-none-eabi/6.3.1/../../../arm-none-eabi/lib/thumb/v6-m/libg.a(lib_a-wbuf.o) (__sinit)
/usr/lib/gcc/arm-none-eabi/6.3.1/../../../arm-none-eabi/lib/thumb/v6-m/libg.a(lib_a-freer.o)
                              /usr/lib/gcc/arm-none-eabi/6.3.1/../../../arm-none-eabi/lib/thumb/v6-m/libg.a(lib_a-malloc.o) (_free_r)
/usr/lib/gcc/arm-none-eabi/6.3.1/../../../arm-none-eabi/lib/thumb/v6-m/libg.a(lib_a-fwalk.o)
                              /usr/lib/gcc/arm-none-eabi/6.3.1/../../../arm-none-eabi/lib/thumb/v6-m/libg.a(lib_a-findfp.o) (_fwalk)
/usr/lib/gcc/arm-none-eabi/6.3.1/../../../arm-none-eabi/lib/thumb/v6-m/libg.a(lib_a-makebuf.o)
                              /usr/lib/gcc/arm-none-eabi/6.3.1/../../../arm-none-eabi/lib/thumb/v6-m/libg.a(lib_a-wsetup.o) (__smakebuf_r)
/usr/lib/gcc/arm-none-eabi/6.3.1/../../../arm-none-eabi/lib/thumb/v6-m/libg.a(lib_a-reent.o)
                              /usr/lib/gcc/arm-none-eabi/6.3.1/../../../arm-none-eabi/lib/thumb/v6-m/libg.a(lib_a-sbrkr.o) (errno)
/usr/lib/gcc/arm-none-eabi/6.3.1/../../../arm-none-eabi/lib/thumb/v6-m/libg.a(lib_a-stdio.o)
[...]
Memory Configuration

Name             Origin             Length             Attributes
FLASH            0x0000000010000000 0x0000000000200000 xr
RAM              0x0000000020000000 0x0000000000040000 xrw
SCRATCH_X        0x0000000020040000 0x0000000000001000 xrw
SCRATCH_Y        0x0000000020041000 0x0000000000001000 xrw
*default*        0x0000000000000000 0xffffffffffffffff

Linker script and memory map

LOAD /usr/lib/gcc/arm-none-eabi/6.3.1/thumb/v6-m/crti.o
LOAD /usr/lib/gcc/arm-none-eabi/6.3.1/thumb/v6-m/crtbegin.o
LOAD /usr/lib/gcc/arm-none-eabi/6.3.1/../../../arm-none-eabi/lib/thumb/v6-m/crt0.o

.flash_begin    0x0000000010000000        0x0
                0x0000000010000000                __flash_binary_start = .

.boot2          0x0000000010000000      0x100
                0x0000000010000000                __boot2_start__ = .
 *(.boot2)
 .boot2         0x0000000010000000      0x100 /tmp/cchnLvgN.o
                0x0000000010000100                __boot2_end__ = .
                0x0000000000000001                ASSERT (((__boot2_end__ - __boot2_start__) == 0x100), ERROR: Pico second stage bootloader must be 256 bytes in size)

.text           0x0000000010000100     0x7610
                0x0000000010000100                __logical_binary_start = .
 *(.vectors)
 .vectors       0x0000000010000100       0xd4 CMakeFiles/main.dir/home/jgettys/Development/pico-sdk/src/rp2_common/pico_standard_link/crt0.S.obj
                0x0000000010000100                __vectors
                0x00000000100001c0                isr_invalid
                0x00000000100001c2                isr_nmi
                0x00000000100001c4                isr_hardfault
                0x00000000100001c6                isr_svcall
                0x00000000100001cc                isr_irq30
                0x00000000100001cc                __unhandled_user_irq
                0x00000000100001cc                isr_irq13
                0x00000000100001cc                isr_irq27
                0x00000000100001cc                isr_irq31
                0x00000000100001cc                isr_irq5
                0x00000000100001cc                isr_irq11
                0x00000000100001cc                isr_irq23
                0x00000000100001cc                isr_irq18
                0x00000000100001cc                isr_irq28
                0x00000000100001cc                isr_irq19
                0x00000000100001cc                isr_irq0
                0x00000000100001cc                isr_irq6
                0x00000000100001cc                isr_irq22
                0x00000000100001cc                isr_irq17
                0x00000000100001cc                isr_irq14
                0x00000000100001cc                isr_irq2
                0x00000000100001cc                isr_irq10
                0x00000000100001cc                isr_irq8
                0x00000000100001cc                isr_irq24
                0x00000000100001cc                isr_irq1
                0x00000000100001cc                isr_irq7
                0x00000000100001cc                isr_irq21
                0x00000000100001cc                isr_irq20
                0x00000000100001cc                isr_irq15
                0x00000000100001cc                isr_irq25
                0x00000000100001cc                isr_irq4
                0x00000000100001cc                isr_irq16
                0x00000000100001cc                isr_irq29
                0x00000000100001cc                isr_irq26
                0x00000000100001cc                isr_irq3
                0x00000000100001cc                isr_irq12
                0x00000000100001cc                isr_irq9
                0x00000000100001d2                unhandled_user_irq_num_in_r0
 *(.binary_info_header)
 .binary_info_header
                0x00000000100001d4       0x14 CMakeFiles/main.dir/home/jgettys/Development/pico-sdk/src/rp2_common/pico_standard_link/crt0.S.obj
                0x00000000100001e8                __binary_info_header_end = .
 *(.reset)
 .reset         0x00000000100001e8       0xa8 CMakeFiles/main.dir/home/jgettys/Development/pico-sdk/src/rp2_common/pico_standard_link/crt0.S.obj
                0x00000000100001e8                _entry_point
                0x0000000010000266                __get_current_exception
 .reset         0x0000000010000290       0x30 CMakeFiles/main.dir/home/jgettys/Development/pico-sdk/src/rp2_common/pico_standard_link/binary_info.c.obj
 *(.init)
 .init          0x00000000100002c0        0x4 /usr/lib/gcc/arm-none-eabi/6.3.1/thumb/v6-m/crti.o
                0x00000000100002c0                _init
 *(EXCLUDE_FILE(*libm.a: *libc.a:*lib_a-mem*.o *libgcc.a:) .text*)
 .text          0x00000000100002c4       0xb4 /usr/lib/gcc/arm-none-eabi/6.3.1/thumb/v6-m/crtbegin.o
 .text.gpio_set_dir_out_masked
                0x0000000010000378       0x18 CMakeFiles/main.dir/main.c.obj
 .text.gpio_set_dir_in_masked
                0x0000000010000390       0x18 CMakeFiles/main.dir/main.c.obj
 .text.gpio_set_dir
                0x00000000100003a8       0x3a CMakeFiles/main.dir/main.c.obj
 *fill*         0x00000000100003e2        0x2 
 .text.blink    0x00000000100003e4       0x34 CMakeFiles/main.dir/main.c.obj
                0x00000000100003e4                blink
 .text.blink2   0x0000000010000418       0x38 CMakeFiles/main.dir/main.c.obj
                0x0000000010000418                blink2
 .text.spinner  0x0000000010000450       0x2c CMakeFiles/main.dir/main.c.obj
                0x0000000010000450                spinner
 .text.main     0x000000001000047c       0xa4 CMakeFiles/main.dir/main.c.obj
                0x000000001000047c                main
 .text.getTimeUs
                0x0000000010000520       0x40 CMakeFiles/main.dir/rp2040os.c.obj
                0x0000000010000520                getTimeUs
 .text.contextLock
                0x0000000010000560       0x18 CMakeFiles/main.dir/rp2040os.c.obj
 .text.contextUnlock
                0x0000000010000578       0x14 CMakeFiles/main.dir/rp2040os.c.obj
 .text.isr_systick
                0x000000001000058c       0x18 CMakeFiles/main.dir/rp2040os.c.obj
                0x000000001000058c                isr_systick
 .text.contextSwitch
                0x00000000100005a4      0x1e4 CMakeFiles/main.dir/rp2040os.c.obj
                0x00000000100005a4                contextSwitch
 .text.idle     0x0000000010000788        0x8 CMakeFiles/main.dir/rp2040os.c.obj
                0x0000000010000788                idle
 .text.setupIdle
                0x0000000010000790       0xdc CMakeFiles/main.dir/rp2040os.c.obj
                0x0000000010000790                setupIdle
 .text.core1_main
                0x000000001000086c       0x44 CMakeFiles/main.dir/rp2040os.c.obj
                0x000000001000086c                core1_main
 .text.setupSched
                0x00000000100008b0       0x90 CMakeFiles/main.dir/rp2040os.c.obj
                0x00000000100008b0                setupSched
 .text.getPID   0x0000000010000940       0x34 CMakeFiles/main.dir/rp2040os.c.obj
                0x0000000010000940                getPID
 .text.yield    0x0000000010000974       0x40 CMakeFiles/main.dir/rp2040os.c.obj
                0x0000000010000974                yield
 .text.addThread
                0x00000000100009b4       0xf0 CMakeFiles/main.dir/rp2040os.c.obj
                0x00000000100009b4                addThread
 .text.delayus  0x0000000010000aa4       0x60 CMakeFiles/main.dir/rp2040os.c.obj
                0x0000000010000aa4                delayus
 .text          0x0000000010000b04       0xcc CMakeFiles/main.dir/func.s.obj
                0x0000000010000b04                setPSPControl
                0x0000000010000b3c                isr_pendsv
                0x0000000010000ba6                startStackThread
 .text.hw_xor_bits
                0x0000000010000bd0       0x1e CMakeFiles/main.dir/home/jgettys/Development/pico-sdk/src/rp2_common/hardware_gpio/gpio.c.obj
 .text.hw_write_masked
                0x0000000010000bee       0x2a CMakeFiles/main.dir/home/jgettys/Development/pico-sdk/src/rp2_common/hardware_gpio/gpio.c.obj
 .text.gpio_set_function
                0x0000000010000c18       0x44 CMakeFiles/main.dir/home/jgettys/Development/pico-sdk/src/rp2_common/hardware_gpio/gpio.c.obj
                0x0000000010000c18                gpio_set_function
 .text.gpio_init
                0x0000000010000c5c       0x36 CMakeFiles/main.dir/home/jgettys/Development/pico-sdk/src/rp2_common/hardware_gpio/gpio.c.obj
                0x0000000010000c5c                gpio_init
 .text.__dmb    0x0000000010000c92        0xe CMakeFiles/main.dir/home/jgettys/Development/pico-sdk/src/rp2_common/hardware_claim/claim.c.obj
 .text.__mem_fence_acquire
                0x0000000010000ca0        0xe CMakeFiles/main.dir/home/jgettys/Development/pico-sdk/src/rp2_common/hardware_claim/claim.c.obj
 .text.__mem_fence_release
                0x0000000010000cae        0xe CMakeFiles/main.dir/home/jgettys/Development/pico-sdk/src/rp2_common/hardware_claim/claim.c.obj
 .text.save_and_disable_interrupts
                0x0000000010000cbc       0x18 CMakeFiles/main.dir/home/jgettys/Development/pico-sdk/src/rp2_common/hardware_claim/claim.c.obj
 .text.restore_interrupts
                0x0000000010000cd4       0x16 CMakeFiles/main.dir/home/jgettys/Development/pico-sdk/src/rp2_common/hardware_claim/claim.c.obj
 *fill*         0x0000000010000cea        0x2 
 .text.spin_lock_instance
                0x0000000010000cec       0x20 CMakeFiles/main.dir/home/jgettys/Development/pico-sdk/src/rp2_common/hardware_claim/claim.c.obj
 .text.spin_lock_unsafe_blocking
                0x0000000010000d0c       0x24 CMakeFiles/main.dir/home/jgettys/Development/pico-sdk/src/rp2_common/hardware_claim/claim.c.obj
 .text.spin_unlock_unsafe
                0x0000000010000d30       0x1a CMakeFiles/main.dir/home/jgettys/Development/pico-sdk/src/rp2_common/hardware_claim/claim.c.obj
 .text.spin_lock_blocking
                0x0000000010000d4a       0x22 CMakeFiles/main.dir/home/jgettys/Development/pico-sdk/src/rp2_common/hardware_claim/claim.c.obj
 .text.spin_unlock
                0x0000000010000d6c       0x22 CMakeFiles/main.dir/home/jgettys/Development/pico-sdk/src/rp2_common/hardware_claim/claim.c.obj
 .text.hw_claim_lock
                0x0000000010000d8e       0x1a CMakeFiles/main.dir/home/jgettys/Development/pico-sdk/src/rp2_common/hardware_claim/claim.c.obj
                0x0000000010000d8e                hw_claim_lock
 .text.hw_claim_unlock
                0x0000000010000da8       0x22 CMakeFiles/main.dir/home/jgettys/Development/pico-sdk/src/rp2_common/hardware_claim/claim.c.obj
                0x0000000010000da8                hw_claim_unlock
 .text.hw_claim_or_assert
                0x0000000010000dca       0x72 CMakeFiles/main.dir/home/jgettys/Development/pico-sdk/src/rp2_common/hardware_claim/claim.c.obj
                0x0000000010000dca                hw_claim_or_assert
 .text.__dmb    0x0000000010000e3c        0xe CMakeFiles/main.dir/home/jgettys/Development/pico-sdk/src/rp2_common/hardware_sync/sync.c.obj
 .text.__mem_fence_release
                0x0000000010000e4a        0xe CMakeFiles/main.dir/home/jgettys/Development/pico-sdk/src/rp2_common/hardware_sync/sync.c.obj
 .text.spin_lock_instance
                0x0000000010000e58       0x20 CMakeFiles/main.dir/home/jgettys/Development/pico-sdk/src/rp2_common/hardware_sync/sync.c.obj
 .text.spin_unlock_unsafe
                0x0000000010000e78       0x1a CMakeFiles/main.dir/home/jgettys/Development/pico-sdk/src/rp2_common/hardware_sync/sync.c.obj
 .text.spin_locks_reset
                0x0000000010000e92       0x30 CMakeFiles/main.dir/home/jgettys/Development/pico-sdk/src/rp2_common/hardware_sync/sync.c.obj
                0x0000000010000e92                spin_locks_reset
 *fill*         0x0000000010000ec2        0x2 
 .text.next_striped_spin_lock_num
                0x0000000010000ec4       0x30 CMakeFiles/main.dir/home/jgettys/Development/pico-sdk/src/rp2_common/hardware_sync/sync.c.obj
                0x0000000010000ec4                next_striped_spin_lock_num
 .text.running_on_fpga
                0x0000000010000ef4       0x1c CMakeFiles/main.dir/home/jgettys/Development/pico-sdk/src/rp2_common/pico_platform/platform.c.obj
                0x0000000010000ef4                running_on_fpga
 .text.tight_loop_contents
                0x0000000010000f10        0xa CMakeFiles/main.dir/home/jgettys/Development/pico-sdk/src/rp2_common/hardware_uart/uart.c.obj
 .text.hw_set_bits
                0x0000000010000f1a       0x1e CMakeFiles/main.dir/home/jgettys/Development/pico-sdk/src/rp2_common/hardware_uart/uart.c.obj
 .text.hw_clear_bits
                0x0000000010000f38       0x1e CMakeFiles/main.dir/home/jgettys/Development/pico-sdk/src/rp2_common/hardware_uart/uart.c.obj
 .text.hw_xor_bits
                0x0000000010000f56       0x1e CMakeFiles/main.dir/home/jgettys/Development/pico-sdk/src/rp2_common/hardware_uart/uart.c.obj
 .text.hw_write_masked
                0x0000000010000f74       0x2a CMakeFiles/main.dir/home/jgettys/Development/pico-sdk/src/rp2_common/hardware_uart/uart.c.obj
 *fill*         0x0000000010000f9e        0x2 
 .text.uart_get_index
                0x0000000010000fa0       0x24 CMakeFiles/main.dir/home/jgettys/Development/pico-sdk/src/rp2_common/hardware_uart/uart.c.obj
 .text.uart_get_hw
                0x0000000010000fc4       0x1a CMakeFiles/main.dir/home/jgettys/Development/pico-sdk/src/rp2_common/hardware_uart/uart.c.obj
 .text.uart_set_format
                0x0000000010000fde       0x5e CMakeFiles/main.dir/home/jgettys/Development/pico-sdk/src/rp2_common/hardware_uart/uart.c.obj
 .text.reset_block
                0x000000001000103c       0x20 CMakeFiles/main.dir/home/jgettys/Development/pico-sdk/src/rp2_common/hardware_uart/uart.c.obj
 .text.unreset_block_wait
                0x000000001000105c       0x34 CMakeFiles/main.dir/home/jgettys/Development/pico-sdk/src/rp2_common/hardware_uart/uart.c.obj
 .text.uart_reset
                0x0000000010001090       0x2c CMakeFiles/main.dir/home/jgettys/Development/pico-sdk/src/rp2_common/hardware_uart/uart.c.obj
 .text.uart_unreset
                0x00000000100010bc       0x2c CMakeFiles/main.dir/home/jgettys/Development/pico-sdk/src/rp2_common/hardware_uart/uart.c.obj
 .text.uart_init
                0x00000000100010e8       0x8c CMakeFiles/main.dir/home/jgettys/Development/pico-sdk/src/rp2_common/hardware_uart/uart.c.obj
                0x00000000100010e8                uart_init
 .text.uart_set_baudrate
                0x0000000010001174       0xac CMakeFiles/main.dir/home/jgettys/Development/pico-sdk/src/rp2_common/hardware_uart/uart.c.obj
                0x0000000010001174                uart_set_baudrate
 .text.uart_set_translate_crlf
                0x0000000010001220       0x3c CMakeFiles/main.dir/home/jgettys/Development/pico-sdk/src/rp2_common/hardware_uart/uart.c.obj
                0x0000000010001220                uart_set_translate_crlf
 .text.to_us_since_boot
                0x000000001000125c       0x18 CMakeFiles/main.dir/home/jgettys/Development/pico-sdk/src/common/pico_time/time.c.obj
 .text.update_us_since_boot
                0x0000000010001274       0x1e CMakeFiles/main.dir/home/jgettys/Development/pico-sdk/src/common/pico_time/time.c.obj
 .text.get_absolute_time
                0x0000000010001292       0x30 CMakeFiles/main.dir/home/jgettys/Development/pico-sdk/src/common/pico_time/time.c.obj
 .text.delayed_by_us
                0x00000000100012c2       0x76 CMakeFiles/main.dir/home/jgettys/Development/pico-sdk/src/common/pico_time/time.c.obj
 .text.absolute_time_diff_us
                0x0000000010001338       0x40 CMakeFiles/main.dir/home/jgettys/Development/pico-sdk/src/common/pico_time/time.c.obj
 .text.ph_get_node
                0x0000000010001378       0x54 CMakeFiles/main.dir/home/jgettys/Development/pico-sdk/src/common/pico_time/time.c.obj
 .text.ph_add_child_node
                0x00000000100013cc       0xc4 CMakeFiles/main.dir/home/jgettys/Development/pico-sdk/src/common/pico_time/time.c.obj
 .text.ph_merge_nodes
                0x0000000010001490       0x7e CMakeFiles/main.dir/home/jgettys/Development/pico-sdk/src/common/pico_time/time.c.obj
 .text.ph_new_node
                0x000000001000150e       0x52 CMakeFiles/main.dir/home/jgettys/Development/pico-sdk/src/common/pico_time/time.c.obj
 .text.ph_insert
                0x0000000010001560       0x7c CMakeFiles/main.dir/home/jgettys/Development/pico-sdk/src/common/pico_time/time.c.obj
 .text.ph_peek_head
                0x00000000100015dc       0x14 CMakeFiles/main.dir/home/jgettys/Development/pico-sdk/src/common/pico_time/time.c.obj
 .text.ph_contains
                0x00000000100015f0       0x46 CMakeFiles/main.dir/home/jgettys/Development/pico-sdk/src/common/pico_time/time.c.obj
 *fill*         0x0000000010001636        0x2 
 .text.ph_add_to_free_list
                0x0000000010001638       0x70 CMakeFiles/main.dir/home/jgettys/Development/pico-sdk/src/common/pico_time/time.c.obj
 .text.__dmb    0x00000000100016a8        0xe CMakeFiles/main.dir/home/jgettys/Development/pico-sdk/src/common/pico_time/time.c.obj
 .text.__mem_fence_acquire
                0x00000000100016b6        0xe CMakeFiles/main.dir/home/jgettys/Development/pico-sdk/src/common/pico_time/time.c.obj
 .text.__mem_fence_release
                0x00000000100016c4        0xe CMakeFiles/main.dir/home/jgettys/Development/pico-sdk/src/common/pico_time/time.c.obj
 .text.save_and_disable_interrupts
                0x00000000100016d2       0x18 CMakeFiles/main.dir/home/jgettys/Development/pico-sdk/src/common/pico_time/time.c.obj
 .text.restore_interrupts
                0x00000000100016ea       0x16 CMakeFiles/main.dir/home/jgettys/Development/pico-sdk/src/common/pico_time/time.c.obj
 .text.spin_lock_instance
                0x0000000010001700       0x20 CMakeFiles/main.dir/home/jgettys/Development/pico-sdk/src/common/pico_time/time.c.obj
 .text.spin_lock_unsafe_blocking
                0x0000000010001720       0x24 CMakeFiles/main.dir/home/jgettys/Development/pico-sdk/src/common/pico_time/time.c.obj
 .text.spin_unlock_unsafe
                0x0000000010001744       0x1a CMakeFiles/main.dir/home/jgettys/Development/pico-sdk/src/common/pico_time/time.c.obj
 .text.spin_lock_blocking
                0x000000001000175e       0x22 CMakeFiles/main.dir/home/jgettys/Development/pico-sdk/src/common/pico_time/time.c.obj
 .text.spin_unlock
                0x0000000010001780       0x22 CMakeFiles/main.dir/home/jgettys/Development/pico-sdk/src/common/pico_time/time.c.obj
 *fill*         0x00000000100017a2        0x2 
 .text.alarm_pool_init_default
                0x00000000100017a4       0x24 CMakeFiles/main.dir/home/jgettys/Development/pico-sdk/src/common/pico_time/time.c.obj
                0x00000000100017a4                alarm_pool_init_default
 .text.get_entry
                0x00000000100017c8       0x5c CMakeFiles/main.dir/home/jgettys/Development/pico-sdk/src/common/pico_time/time.c.obj
 .text.get_entry_id_high
                0x0000000010001824       0x50 CMakeFiles/main.dir/home/jgettys/Development/pico-sdk/src/common/pico_time/time.c.obj
 .text.timer_pool_entry_comparator
                0x0000000010001874       0x76 CMakeFiles/main.dir/home/jgettys/Development/pico-sdk/src/common/pico_time/time.c.obj
                0x0000000010001874                timer_pool_entry_comparator
 .text.make_public_id
                0x00000000100018ea       0x26 CMakeFiles/main.dir/home/jgettys/Development/pico-sdk/src/common/pico_time/time.c.obj
 .text.add_alarm_under_lock
                0x0000000010001910      0x104 CMakeFiles/main.dir/home/jgettys/Development/pico-sdk/src/common/pico_time/time.c.obj
 .text.alarm_pool_alarm_callback
                0x0000000010001a14      0x308 CMakeFiles/main.dir/home/jgettys/Development/pico-sdk/src/common/pico_time/time.c.obj
 .text.alarm_pool_create
                0x0000000010001d1c       0xa0 CMakeFiles/main.dir/home/jgettys/Development/pico-sdk/src/common/pico_time/time.c.obj
                0x0000000010001d1c                alarm_pool_create
 .text.to_us_since_boot
                0x0000000010001dbc       0x18 CMakeFiles/main.dir/home/jgettys/Development/pico-sdk/src/rp2_common/hardware_timer/timer.c.obj
 .text.hw_set_bits
                0x0000000010001dd4       0x1e CMakeFiles/main.dir/home/jgettys/Development/pico-sdk/src/rp2_common/hardware_timer/timer.c.obj
 .text.check_hardware_alarm_num_param
                0x0000000010001df2       0x10 CMakeFiles/main.dir/home/jgettys/Development/pico-sdk/src/rp2_common/hardware_timer/timer.c.obj
 .text.__dmb    0x0000000010001e02        0xe CMakeFiles/main.dir/home/jgettys/Development/pico-sdk/src/rp2_common/hardware_timer/timer.c.obj
 .text.__mem_fence_acquire
                0x0000000010001e10        0xe CMakeFiles/main.dir/home/jgettys/Development/pico-sdk/src/rp2_common/hardware_timer/timer.c.obj
 .text.__mem_fence_release
                0x0000000010001e1e        0xe CMakeFiles/main.dir/home/jgettys/Development/pico-sdk/src/rp2_common/hardware_timer/timer.c.obj
 .text.save_and_disable_interrupts
                0x0000000010001e2c       0x18 CMakeFiles/main.dir/home/jgettys/Development/pico-sdk/src/rp2_common/hardware_timer/timer.c.obj
 .text.restore_interrupts
                0x0000000010001e44       0x16 CMakeFiles/main.dir/home/jgettys/Development/pico-sdk/src/rp2_common/hardware_timer/timer.c.obj
 *fill*         0x0000000010001e5a        0x2 
 .text.spin_lock_instance
                0x0000000010001e5c       0x20 CMakeFiles/main.dir/home/jgettys/Development/pico-sdk/src/rp2_common/hardware_timer/timer.c.obj
 .text.spin_lock_unsafe_blocking
                0x0000000010001e7c       0x24 CMakeFiles/main.dir/home/jgettys/Development/pico-sdk/src/rp2_common/hardware_timer/timer.c.obj
 .text.spin_unlock_unsafe
                0x0000000010001ea0       0x1a CMakeFiles/main.dir/home/jgettys/Development/pico-sdk/src/rp2_common/hardware_timer/timer.c.obj
 .text.spin_lock_blocking
                0x0000000010001eba       0x22 CMakeFiles/main.dir/home/jgettys/Development/pico-sdk/src/rp2_common/hardware_timer/timer.c.obj
 .text.spin_unlock
                0x0000000010001edc       0x22 CMakeFiles/main.dir/home/jgettys/Development/pico-sdk/src/rp2_common/hardware_timer/timer.c.obj
 *fill*         0x0000000010001efe        0x2 
 .text.hardware_alarm_claim
                0x0000000010001f00       0x2c CMakeFiles/main.dir/home/jgettys/Development/pico-sdk/src/rp2_common/hardware_timer/timer.c.obj
                0x0000000010001f00                hardware_alarm_claim
 .text.time_us_64
                0x0000000010001f2c       0x60 CMakeFiles/main.dir/home/jgettys/Development/pico-sdk/src/rp2_common/hardware_timer/timer.c.obj
                0x0000000010001f2c                time_us_64
 .text.harware_alarm_irq_number
                0x0000000010001f8c       0x12 CMakeFiles/main.dir/home/jgettys/Development/pico-sdk/src/rp2_common/hardware_timer/timer.c.obj
 *fill*         0x0000000010001f9e        0x2 
 .text.hardware_alarm_irq_handler
                0x0000000010001fa0       0xd4 CMakeFiles/main.dir/home/jgettys/Development/pico-sdk/src/rp2_common/hardware_timer/timer.c.obj
 .text.hardware_alarm_set_callback
                0x0000000010002074       0xdc CMakeFiles/main.dir/home/jgettys/Development/pico-sdk/src/rp2_common/hardware_timer/timer.c.obj
                0x0000000010002074                hardware_alarm_set_callback
 .text.hardware_alarm_set_target
                0x0000000010002150      0x160 CMakeFiles/main.dir/home/jgettys/Development/pico-sdk/src/rp2_common/hardware_timer/timer.c.obj
                0x0000000010002150                hardware_alarm_set_target
 .text.hardware_alarm_cancel
                0x00000000100022b0       0x68 CMakeFiles/main.dir/home/jgettys/Development/pico-sdk/src/rp2_common/hardware_timer/timer.c.obj
                0x00000000100022b0                hardware_alarm_cancel
 .text.spin_lock_instance
                0x0000000010002318       0x20 CMakeFiles/main.dir/home/jgettys/Development/pico-sdk/src/common/pico_sync/lock_core.c.obj
 .text.lock_init
                0x0000000010002338       0x40 CMakeFiles/main.dir/home/jgettys/Development/pico-sdk/src/common/pico_sync/lock_core.c.obj
                0x0000000010002338                lock_init
 .text.__sev    0x0000000010002378        0xc CMakeFiles/main.dir/home/jgettys/Development/pico-sdk/src/common/pico_sync/mutex.c.obj
 .text.__wfe    0x0000000010002384        0xc CMakeFiles/main.dir/home/jgettys/Development/pico-sdk/src/common/pico_sync/mutex.c.obj
 .text.__dmb    0x0000000010002390        0xe CMakeFiles/main.dir/home/jgettys/Development/pico-sdk/src/common/pico_sync/mutex.c.obj
 .text.__mem_fence_acquire
                0x000000001000239e        0xe CMakeFiles/main.dir/home/jgettys/Development/pico-sdk/src/common/pico_sync/mutex.c.obj
 .text.__mem_fence_release
                0x00000000100023ac        0xe CMakeFiles/main.dir/home/jgettys/Development/pico-sdk/src/common/pico_sync/mutex.c.obj
 .text.save_and_disable_interrupts
                0x00000000100023ba       0x18 CMakeFiles/main.dir/home/jgettys/Development/pico-sdk/src/common/pico_sync/mutex.c.obj
 .text.restore_interrupts
                0x00000000100023d2       0x16 CMakeFiles/main.dir/home/jgettys/Development/pico-sdk/src/common/pico_sync/mutex.c.obj
 .text.spin_lock_unsafe_blocking
                0x00000000100023e8       0x24 CMakeFiles/main.dir/home/jgettys/Development/pico-sdk/src/common/pico_sync/mutex.c.obj
 .text.spin_unlock_unsafe
                0x000000001000240c       0x1a CMakeFiles/main.dir/home/jgettys/Development/pico-sdk/src/common/pico_sync/mutex.c.obj
 .text.spin_lock_blocking
                0x0000000010002426       0x22 CMakeFiles/main.dir/home/jgettys/Development/pico-sdk/src/common/pico_sync/mutex.c.obj
 .text.spin_unlock
                0x0000000010002448       0x22 CMakeFiles/main.dir/home/jgettys/Development/pico-sdk/src/common/pico_sync/mutex.c.obj
 .text.get_core_num
                0x000000001000246a       0x10 CMakeFiles/main.dir/home/jgettys/Development/pico-sdk/src/common/pico_sync/mutex.c.obj
 .text.mutex_init
                0x000000001000247a       0x2a CMakeFiles/main.dir/home/jgettys/Development/pico-sdk/src/common/pico_sync/mutex.c.obj
                0x000000001000247a                mutex_init
 .text.ph_get_node
                0x00000000100024a4       0x54 CMakeFiles/main.dir/home/jgettys/Development/pico-sdk/src/common/pico_util/pheap.c.obj
 .text.ph_add_child_node
                0x00000000100024f8       0xc4 CMakeFiles/main.dir/home/jgettys/Development/pico-sdk/src/common/pico_util/pheap.c.obj
 .text.ph_merge_nodes
                0x00000000100025bc       0x7e CMakeFiles/main.dir/home/jgettys/Development/pico-sdk/src/common/pico_util/pheap.c.obj
 .text.ph_peek_head
                0x000000001000263a       0x14 CMakeFiles/main.dir/home/jgettys/Development/pico-sdk/src/common/pico_util/pheap.c.obj
 .text.ph_remove_head
                0x000000001000264e       0x1c CMakeFiles/main.dir/home/jgettys/Development/pico-sdk/src/common/pico_util/pheap.c.obj
 .text.ph_create
                0x000000001000266a       0x50 CMakeFiles/main.dir/home/jgettys/Development/pico-sdk/src/common/pico_util/pheap.c.obj
                0x000000001000266a                ph_create
 .text.ph_clear
                0x00000000100026ba       0x6a CMakeFiles/main.dir/home/jgettys/Development/pico-sdk/src/common/pico_util/pheap.c.obj
                0x00000000100026ba                ph_clear
 .text.ph_merge_two_pass
                0x0000000010002724       0xda CMakeFiles/main.dir/home/jgettys/Development/pico-sdk/src/common/pico_util/pheap.c.obj
                0x0000000010002724                ph_merge_two_pass
 *fill*         0x00000000100027fe        0x2 
 .text.ph_remove_any_head
                0x0000000010002800      0x120 CMakeFiles/main.dir/home/jgettys/Development/pico-sdk/src/common/pico_util/pheap.c.obj
 .text.ph_remove_head_reserve
                0x0000000010002920       0x46 CMakeFiles/main.dir/home/jgettys/Development/pico-sdk/src/common/pico_util/pheap.c.obj
                0x0000000010002920                ph_remove_head_reserve
 *fill*         0x0000000010002966        0x2 
 .text.ph_delete
                0x0000000010002968      0x158 CMakeFiles/main.dir/home/jgettys/Development/pico-sdk/src/common/pico_util/pheap.c.obj
                0x0000000010002968                ph_delete
 .text.__breakpoint
                0x0000000010002ac0        0xc CMakeFiles/main.dir/home/jgettys/Development/pico-sdk/src/rp2_common/pico_runtime/runtime.c.obj
 .text.tight_loop_contents
                0x0000000010002acc        0xa CMakeFiles/main.dir/home/jgettys/Development/pico-sdk/src/rp2_common/pico_runtime/runtime.c.obj
 .text.hw_set_bits
                0x0000000010002ad6       0x1e CMakeFiles/main.dir/home/jgettys/Development/pico-sdk/src/rp2_common/pico_runtime/runtime.c.obj
 .text.hw_clear_bits
                0x0000000010002af4       0x1e CMakeFiles/main.dir/home/jgettys/Development/pico-sdk/src/rp2_common/pico_runtime/runtime.c.obj
 *fill*         0x0000000010002b12        0x2 
 .text.reset_block
                0x0000000010002b14       0x20 CMakeFiles/main.dir/home/jgettys/Development/pico-sdk/src/rp2_common/pico_runtime/runtime.c.obj
 .text.unreset_block_wait
                0x0000000010002b34       0x34 CMakeFiles/main.dir/home/jgettys/Development/pico-sdk/src/rp2_common/pico_runtime/runtime.c.obj
 .text.runtime_init
                0x0000000010002b68       0xf4 CMakeFiles/main.dir/home/jgettys/Development/pico-sdk/src/rp2_common/pico_runtime/runtime.c.obj
                0x0000000010002b68                runtime_init
 .text._exit    0x0000000010002c5c        0xe CMakeFiles/main.dir/home/jgettys/Development/pico-sdk/src/rp2_common/pico_runtime/runtime.c.obj
                0x0000000010002c5c                _exit
 *fill*         0x0000000010002c6a        0x2 
 .text._sbrk    0x0000000010002c6c       0x58 CMakeFiles/main.dir/home/jgettys/Development/pico-sdk/src/rp2_common/pico_runtime/runtime.c.obj
                0x0000000010002c6c                _sbrk
 .text.exit     0x0000000010002cc4       0x10 CMakeFiles/main.dir/home/jgettys/Development/pico-sdk/src/rp2_common/pico_runtime/runtime.c.obj
                0x0000000010002cc4                exit
 .text.__assert_func
                0x0000000010002cd4       0x4c CMakeFiles/main.dir/home/jgettys/Development/pico-sdk/src/rp2_common/pico_runtime/runtime.c.obj
                0x0000000010002cd4                __assert_func
 .text.panic    0x0000000010002d20       0x40 CMakeFiles/main.dir/home/jgettys/Development/pico-sdk/src/rp2_common/pico_runtime/runtime.c.obj
                0x0000000010002d20                panic
 .text.tight_loop_contents
                0x0000000010002d60        0xa CMakeFiles/main.dir/home/jgettys/Development/pico-sdk/src/rp2_common/hardware_clocks/clocks.c.obj
 .text.hw_set_bits
                0x0000000010002d6a       0x1e CMakeFiles/main.dir/home/jgettys/Development/pico-sdk/src/rp2_common/hardware_clocks/clocks.c.obj
 .text.hw_clear_bits
                0x0000000010002d88       0x1e CMakeFiles/main.dir/home/jgettys/Development/pico-sdk/src/rp2_common/hardware_clocks/clocks.c.obj
 .text.hw_xor_bits
                0x0000000010002da6       0x1e CMakeFiles/main.dir/home/jgettys/Development/pico-sdk/src/rp2_common/hardware_clocks/clocks.c.obj
 .text.hw_write_masked
                0x0000000010002dc4       0x2a CMakeFiles/main.dir/home/jgettys/Development/pico-sdk/src/rp2_common/hardware_clocks/clocks.c.obj
 *fill*         0x0000000010002dee        0x2 
 .text.reset_block
                0x0000000010002df0       0x20 CMakeFiles/main.dir/home/jgettys/Development/pico-sdk/src/rp2_common/hardware_clocks/clocks.c.obj
 .text.unreset_block_wait
                0x0000000010002e10       0x34 CMakeFiles/main.dir/home/jgettys/Development/pico-sdk/src/rp2_common/hardware_clocks/clocks.c.obj
 .text.has_glitchless_mux
                0x0000000010002e44       0x32 CMakeFiles/main.dir/home/jgettys/Development/pico-sdk/src/rp2_common/hardware_clocks/clocks.c.obj
 *fill*         0x0000000010002e76        0x2 
 .text.clock_configure
                0x0000000010002e78      0x1a4 CMakeFiles/main.dir/home/jgettys/Development/pico-sdk/src/rp2_common/hardware_clocks/clocks.c.obj
                0x0000000010002e78                clock_configure
 .text.clocks_init
                0x000000001000301c      0x148 CMakeFiles/main.dir/home/jgettys/Development/pico-sdk/src/rp2_common/hardware_clocks/clocks.c.obj
                0x000000001000301c                clocks_init
 .text.clock_get_hz
                0x0000000010003164       0x24 CMakeFiles/main.dir/home/jgettys/Development/pico-sdk/src/rp2_common/hardware_clocks/clocks.c.obj
                0x0000000010003164                clock_get_hz
 .text.watchdog_start_tick
                0x0000000010003188       0x20 CMakeFiles/main.dir/home/jgettys/Development/pico-sdk/src/rp2_common/hardware_watchdog/watchdog.c.obj
                0x0000000010003188                watchdog_start_tick
 .text.hw_set_bits
                0x00000000100031a8       0x1e CMakeFiles/main.dir/home/jgettys/Development/pico-sdk/src/rp2_common/hardware_xosc/xosc.c.obj
 *fill*         0x00000000100031c6        0x2 
 .text.xosc_init
                0x00000000100031c8       0x40 CMakeFiles/main.dir/home/jgettys/Development/pico-sdk/src/rp2_common/hardware_xosc/xosc.c.obj
                0x00000000100031c8                xosc_init
 .text.tight_loop_contents
                0x0000000010003208        0xa CMakeFiles/main.dir/home/jgettys/Development/pico-sdk/src/rp2_common/hardware_pll/pll.c.obj
 .text.hw_clear_bits
                0x0000000010003212       0x1e CMakeFiles/main.dir/home/jgettys/Development/pico-sdk/src/rp2_common/hardware_pll/pll.c.obj
 .text.pll_init
                0x0000000010003230      0x124 CMakeFiles/main.dir/home/jgettys/Development/pico-sdk/src/rp2_common/hardware_pll/pll.c.obj
                0x0000000010003230                pll_init
 .text.__dmb    0x0000000010003354        0xe CMakeFiles/main.dir/home/jgettys/Development/pico-sdk/src/rp2_common/hardware_irq/irq.c.obj
 .text.__mem_fence_acquire
                0x0000000010003362        0xe CMakeFiles/main.dir/home/jgettys/Development/pico-sdk/src/rp2_common/hardware_irq/irq.c.obj
 .text.__mem_fence_release
                0x0000000010003370        0xe CMakeFiles/main.dir/home/jgettys/Development/pico-sdk/src/rp2_common/hardware_irq/irq.c.obj
 .text.save_and_disable_interrupts
                0x000000001000337e       0x18 CMakeFiles/main.dir/home/jgettys/Development/pico-sdk/src/rp2_common/hardware_irq/irq.c.obj
 .text.restore_interrupts
                0x0000000010003396       0x16 CMakeFiles/main.dir/home/jgettys/Development/pico-sdk/src/rp2_common/hardware_irq/irq.c.obj
 .text.spin_lock_instance
                0x00000000100033ac       0x20 CMakeFiles/main.dir/home/jgettys/Development/pico-sdk/src/rp2_common/hardware_irq/irq.c.obj
 .text.spin_lock_unsafe_blocking
                0x00000000100033cc       0x24 CMakeFiles/main.dir/home/jgettys/Development/pico-sdk/src/rp2_common/hardware_irq/irq.c.obj
 .text.spin_unlock_unsafe
                0x00000000100033f0       0x1a CMakeFiles/main.dir/home/jgettys/Development/pico-sdk/src/rp2_common/hardware_irq/irq.c.obj
 .text.spin_lock_blocking
                0x000000001000340a       0x22 CMakeFiles/main.dir/home/jgettys/Development/pico-sdk/src/rp2_common/hardware_irq/irq.c.obj
 .text.spin_unlock
                0x000000001000342c       0x22 CMakeFiles/main.dir/home/jgettys/Development/pico-sdk/src/rp2_common/hardware_irq/irq.c.obj
 *fill*         0x000000001000344e        0x2 
 .text.get_vtable
                0x0000000010003450       0x14 CMakeFiles/main.dir/home/jgettys/Development/pico-sdk/src/rp2_common/hardware_irq/irq.c.obj
 .text.add_thumb_bit
                0x0000000010003464       0x16 CMakeFiles/main.dir/home/jgettys/Development/pico-sdk/src/rp2_common/hardware_irq/irq.c.obj
 .text.remove_thumb_bit
                0x000000001000347a       0x16 CMakeFiles/main.dir/home/jgettys/Development/pico-sdk/src/rp2_common/hardware_irq/irq.c.obj
 .text.set_raw_irq_handler_and_unlock
                0x0000000010003490       0x3c CMakeFiles/main.dir/home/jgettys/Development/pico-sdk/src/rp2_common/hardware_irq/irq.c.obj
 .text.check_irq_param
                0x00000000100034cc       0x10 CMakeFiles/main.dir/home/jgettys/Development/pico-sdk/src/rp2_common/hardware_irq/irq.c.obj
 .text.irq_set_enabled
                0x00000000100034dc       0x30 CMakeFiles/main.dir/home/jgettys/Development/pico-sdk/src/rp2_common/hardware_irq/irq.c.obj
                0x00000000100034dc                irq_set_enabled
 .text.irq_is_enabled
                0x000000001000350c       0x30 CMakeFiles/main.dir/home/jgettys/Development/pico-sdk/src/rp2_common/hardware_irq/irq.c.obj
                0x000000001000350c                irq_is_enabled
 .text.irq_set_mask_enabled
                0x000000001000353c       0x40 CMakeFiles/main.dir/home/jgettys/Development/pico-sdk/src/rp2_common/hardware_irq/irq.c.obj
                0x000000001000353c                irq_set_mask_enabled
 .text.is_shared_irq_raw_handler
                0x000000001000357c       0x24 CMakeFiles/main.dir/home/jgettys/Development/pico-sdk/src/rp2_common/hardware_irq/irq.c.obj
 .text.irq_get_vtable_handler
                0x00000000100035a0       0x28 CMakeFiles/main.dir/home/jgettys/Development/pico-sdk/src/rp2_common/hardware_irq/irq.c.obj
                0x00000000100035a0                irq_get_vtable_handler
 .text.irq_set_exclusive_handler
                0x00000000100035c8       0x74 CMakeFiles/main.dir/home/jgettys/Development/pico-sdk/src/rp2_common/hardware_irq/irq.c.obj
                0x00000000100035c8                irq_set_exclusive_handler
 .text.make_branch
                0x000000001000363c       0x58 CMakeFiles/main.dir/home/jgettys/Development/pico-sdk/src/rp2_common/hardware_irq/irq.c.obj
 .text.insert_branch_and_link
                0x0000000010003694       0x74 CMakeFiles/main.dir/home/jgettys/Development/pico-sdk/src/rp2_common/hardware_irq/irq.c.obj
 .text.resolve_branch
                0x0000000010003708       0x5c CMakeFiles/main.dir/home/jgettys/Development/pico-sdk/src/rp2_common/hardware_irq/irq.c.obj
 .text.irq_remove_handler
                0x0000000010003764      0x220 CMakeFiles/main.dir/home/jgettys/Development/pico-sdk/src/rp2_common/hardware_irq/irq.c.obj
                0x0000000010003764                irq_remove_handler
 .text.irq_set_priority
                0x0000000010003984       0x5c CMakeFiles/main.dir/home/jgettys/Development/pico-sdk/src/rp2_common/hardware_irq/irq.c.obj
                0x0000000010003984                irq_set_priority
 .text.irq_add_tail_to_free_list
                0x00000000100039e0      0x16c CMakeFiles/main.dir/home/jgettys/Development/pico-sdk/src/rp2_common/hardware_irq/irq.c.obj
                0x00000000100039e0                irq_add_tail_to_free_list
 .text.irq_init_priorities
                0x0000000010003b4c       0x2a CMakeFiles/main.dir/home/jgettys/Development/pico-sdk/src/rp2_common/hardware_irq/irq.c.obj
                0x0000000010003b4c                irq_init_priorities
 .text._out_null
                0x0000000010003b76       0x1c CMakeFiles/main.dir/home/jgettys/Development/pico-sdk/src/rp2_common/pico_printf/printf.c.obj
 .text._out_fct
                0x0000000010003b92       0x38 CMakeFiles/main.dir/home/jgettys/Development/pico-sdk/src/rp2_common/pico_printf/printf.c.obj
 .text._strnlen_s
                0x0000000010003bca       0x36 CMakeFiles/main.dir/home/jgettys/Development/pico-sdk/src/rp2_common/pico_printf/printf.c.obj
 .text._is_digit
                0x0000000010003c00       0x32 CMakeFiles/main.dir/home/jgettys/Development/pico-sdk/src/rp2_common/pico_printf/printf.c.obj
 .text._atoi    0x0000000010003c32       0x46 CMakeFiles/main.dir/home/jgettys/Development/pico-sdk/src/rp2_common/pico_printf/printf.c.obj
 .text._out_rev
                0x0000000010003c78       0x9a CMakeFiles/main.dir/home/jgettys/Development/pico-sdk/src/rp2_common/pico_printf/printf.c.obj
 .text._ntoa_format
                0x0000000010003d12      0x1ac CMakeFiles/main.dir/home/jgettys/Development/pico-sdk/src/rp2_common/pico_printf/printf.c.obj
 .text._ntoa_long
                0x0000000010003ebe       0xd4 CMakeFiles/main.dir/home/jgettys/Development/pico-sdk/src/rp2_common/pico_printf/printf.c.obj
 .text._ntoa_long_long
                0x0000000010003f92       0xec CMakeFiles/main.dir/home/jgettys/Development/pico-sdk/src/rp2_common/pico_printf/printf.c.obj
 *fill*         0x000000001000407e        0x2 
 .text._ftoa    0x0000000010004080      0x4ac CMakeFiles/main.dir/home/jgettys/Development/pico-sdk/src/rp2_common/pico_printf/printf.c.obj
 .text._etoa    0x000000001000452c      0x59c CMakeFiles/main.dir/home/jgettys/Development/pico-sdk/src/rp2_common/pico_printf/printf.c.obj
 .text._vsnprintf
                0x0000000010004ac8      0x8a0 CMakeFiles/main.dir/home/jgettys/Development/pico-sdk/src/rp2_common/pico_printf/printf.c.obj
 .text.vfctprintf
                0x0000000010005368       0x44 CMakeFiles/main.dir/home/jgettys/Development/pico-sdk/src/rp2_common/pico_printf/printf.c.obj
                0x0000000010005368                vfctprintf
 .text          0x00000000100053ac       0x10 CMakeFiles/main.dir/home/jgettys/Development/pico-sdk/src/rp2_common/pico_bit_ops/bit_ops_aeabi.S.obj
 .text.rom_func_lookup
                0x00000000100053bc       0x28 CMakeFiles/main.dir/home/jgettys/Development/pico-sdk/src/rp2_common/pico_bootrom/bootrom.c.obj
                0x00000000100053bc                rom_func_lookup
 .text.rom_data_lookup
                0x00000000100053e4       0x28 CMakeFiles/main.dir/home/jgettys/Development/pico-sdk/src/rp2_common/pico_bootrom/bootrom.c.obj
                0x00000000100053e4                rom_data_lookup
 .text.rom_funcs_lookup
                0x000000001000540c       0x66 CMakeFiles/main.dir/home/jgettys/Development/pico-sdk/src/rp2_common/pico_bootrom/bootrom.c.obj
                0x000000001000540c                rom_funcs_lookup
 *fill*         0x0000000010005472        0x2 
 .text.__wrap___aeabi_idiv
                0x0000000010005474       0x58 CMakeFiles/main.dir/home/jgettys/Development/pico-sdk/src/rp2_common/pico_divider/divider.S.obj
                0x0000000010005474                __wrap___aeabi_idivmod
                0x0000000010005474                divmod_s32s32
                0x0000000010005474                div_s32s32
                0x0000000010005474                __wrap___aeabi_idiv
                0x000000001000547c                divmod_s32s32_unsafe
                0x00000000100054a8                divmod_s32s32_savestate
 .text.__wrap___aeabi_uidiv
                0x00000000100054cc       0x54 CMakeFiles/main.dir/home/jgettys/Development/pico-sdk/src/rp2_common/pico_divider/divider.S.obj
                0x00000000100054cc                __wrap___aeabi_uidiv
                0x00000000100054cc                __wrap___aeabi_uidivmod
                0x00000000100054cc                div_u32u32
                0x00000000100054cc                divmod_u32u32
                0x00000000100054d4                divmod_u32u32_unsafe
                0x00000000100054fc                divmod_u32u32_savestate
 .text.__wrap___aeabi_ldiv
                0x0000000010005520      0x430 CMakeFiles/main.dir/home/jgettys/Development/pico-sdk/src/rp2_common/pico_divider/divider.S.obj
                0x0000000010005520                div_s64s64
                0x0000000010005520                divmod_s64s64
                0x0000000010005520                __wrap___aeabi_ldivmod
                0x0000000010005558                div_u64u64
                0x0000000010005558                divmod_u64u64
                0x0000000010005558                __wrap___aeabi_uldivmod
                0x0000000010005568                divmod_u64u64_savestate
                0x0000000010005590                divmod_s64s64_unsafe
                0x0000000010005618                divmod_u64u64_unsafe
 .text.__wrap___aeabi_darithmetic
                0x0000000010005950       0x54 CMakeFiles/main.dir/home/jgettys/Development/pico-sdk/src/rp2_common/pico_double/double_aeabi.S.obj
                0x0000000010005950                __wrap___aeabi_drsub
                0x0000000010005956                __wrap___aeabi_dsub
                0x0000000010005968                __wrap___aeabi_dadd
                0x000000001000597a                __wrap___aeabi_ddiv
                0x000000001000598c                __wrap___aeabi_dmul
 .text.__wrap___aeabi_cdcmple
                0x00000000100059a4       0x6c CMakeFiles/main.dir/home/jgettys/Development/pico-sdk/src/rp2_common/pico_double/double_aeabi.S.obj
                0x00000000100059a4                __wrap___aeabi_cdrcmple
                0x00000000100059b4                __wrap___aeabi_cdcmple
                0x00000000100059b4                __wrap___aeabi_cdcmpeq
 .text.__wrap___aeabi_dcmplt
                0x0000000010005a10        0xc CMakeFiles/main.dir/home/jgettys/Development/pico-sdk/src/rp2_common/pico_double/double_aeabi.S.obj
                0x0000000010005a10                __wrap___aeabi_dcmplt
 .text.__wrap___aeabi_dcmpge
                0x0000000010005a1c       0x10 CMakeFiles/main.dir/home/jgettys/Development/pico-sdk/src/rp2_common/pico_double/double_aeabi.S.obj
                0x0000000010005a1c                __wrap___aeabi_dcmpge
 .text.__wrap___aeabi_dcmpgt
                0x0000000010005a2c        0xa CMakeFiles/main.dir/home/jgettys/Development/pico-sdk/src/rp2_common/pico_double/double_aeabi.S.obj
                0x0000000010005a2c                __wrap___aeabi_dcmpgt
 .text.__wrap___aeabi_dcmpun
                0x0000000010005a36       0x1c CMakeFiles/main.dir/home/jgettys/Development/pico-sdk/src/rp2_common/pico_double/double_aeabi.S.obj
                0x0000000010005a36                __wrap___aeabi_dcmpun
 *fill*         0x0000000010005a52        0x2 
 .text.__wrap___aeabi_i2d
                0x0000000010005a54       0x38 CMakeFiles/main.dir/home/jgettys/Development/pico-sdk/src/rp2_common/pico_double/double_aeabi.S.obj
                0x0000000010005a54                __wrap___aeabi_ui2d
                0x0000000010005a5c                __wrap___aeabi_i2d
 .text.__wrap___aeabi_d2iz
                0x0000000010005a8c       0x48 CMakeFiles/main.dir/home/jgettys/Development/pico-sdk/src/rp2_common/pico_double/double_aeabi.S.obj
                0x0000000010005a8c                __wrap___aeabi_d2iz
                0x0000000010005a8c                double2int_z
 .text.__wrap___aeabi_d2uiz
                0x0000000010005ad4       0x18 CMakeFiles/main.dir/home/jgettys/Development/pico-sdk/src/rp2_common/pico_double/double_aeabi.S.obj
                0x0000000010005ad4                double2uint
                0x0000000010005ad4                __wrap___aeabi_d2uiz
 .text.rp2040_rom_version
                0x0000000010005aec        0xe CMakeFiles/main.dir/home/jgettys/Development/pico-sdk/src/rp2_common/pico_double/double_init_rom.c.obj
 .text.rom_table_code
                0x0000000010005afa       0x26 CMakeFiles/main.dir/home/jgettys/Development/pico-sdk/src/rp2_common/pico_double/double_init_rom.c.obj
 .text.__aeabi_double_init
                0x0000000010005b20       0xe8 CMakeFiles/main.dir/home/jgettys/Development/pico-sdk/src/rp2_common/pico_double/double_init_rom.c.obj
                0x0000000010005b20                __aeabi_double_init
 .text.double_table_shim_on_use_helper
                0x0000000010005c08       0x34 CMakeFiles/main.dir/home/jgettys/Development/pico-sdk/src/rp2_common/pico_double/double_v1_rom_shim.S.obj
                0x0000000010005c08                double_table_shim_on_use_helper
 .text.__wrap___aeabi_dsub
                0x0000000010005c3c       0x10 CMakeFiles/main.dir/home/jgettys/Development/pico-sdk/src/rp2_common/pico_double/double_v1_rom_shim.S.obj
                0x0000000010005c3c                drsub_shim
                0x0000000010005c42                dsub_shim
 .text.dadd_shim
                0x0000000010005c4c      0x15c CMakeFiles/main.dir/home/jgettys/Development/pico-sdk/src/rp2_common/pico_double/double_v1_rom_shim.S.obj
                0x0000000010005c4c                dadd_shim
 .text.dmul_shim
                0x0000000010005da8      0x15c CMakeFiles/main.dir/home/jgettys/Development/pico-sdk/src/rp2_common/pico_double/double_v1_rom_shim.S.obj
                0x0000000010005da8                dmul_shim
 .text.ddiv_shim
                0x0000000010005f04      0x1b0 CMakeFiles/main.dir/home/jgettys/Development/pico-sdk/src/rp2_common/pico_double/double_v1_rom_shim.S.obj
                0x0000000010005f04                ddiv_shim
 .text.dcordic_rot_step
                0x00000000100060b4       0x7c CMakeFiles/main.dir/home/jgettys/Development/pico-sdk/src/rp2_common/pico_double/double_v1_rom_shim.S.obj
                0x00000000100060b4                dcordic_rot_step
 .text.double2uint_shim
                0x0000000010006130        0xe CMakeFiles/main.dir/home/jgettys/Development/pico-sdk/src/rp2_common/pico_double/double_v1_rom_shim.S.obj
                0x0000000010006130                double2uint_shim
                0x0000000010006132                double2ufix_shim
 *fill*         0x000000001000613e        0x2 
 .text.double2uint64_shim
                0x0000000010006140       0x6c CMakeFiles/main.dir/home/jgettys/Development/pico-sdk/src/rp2_common/pico_double/double_v1_rom_shim.S.obj
                0x0000000010006140                double2uint64_shim
                0x0000000010006142                double2ufix64_shim
                0x000000001000615c                d2fix_a
 .text.dunpacks
                0x00000000100061ac       0x3c CMakeFiles/main.dir/home/jgettys/Development/pico-sdk/src/rp2_common/pico_double/double_v1_rom_shim.S.obj
                0x00000000100061ac                dunpacks
 .text.rp2040_rom_version
                0x00000000100061e8        0xe CMakeFiles/main.dir/home/jgettys/Development/pico-sdk/src/rp2_common/pico_float/float_init_rom.c.obj
 .text.rom_table_code
                0x00000000100061f6       0x26 CMakeFiles/main.dir/home/jgettys/Development/pico-sdk/src/rp2_common/pico_float/float_init_rom.c.obj
 .text.__aeabi_float_init
                0x000000001000621c      0x134 CMakeFiles/main.dir/home/jgettys/Development/pico-sdk/src/rp2_common/pico_float/float_init_rom.c.obj
                0x000000001000621c                __aeabi_float_init
 .text.float_table_shim_on_use_helper
                0x0000000010006350       0x34 CMakeFiles/main.dir/home/jgettys/Development/pico-sdk/src/rp2_common/pico_float/float_v1_rom_shim.S.obj
                0x0000000010006350                float_table_shim_on_use_helper
 .text.check_alloc
                0x0000000010006384       0x16 CMakeFiles/main.dir/home/jgettys/Development/pico-sdk/src/rp2_common/pico_malloc/pico_malloc.c.obj
 .text.__wrap_malloc
                0x000000001000639a       0x2c CMakeFiles/main.dir/home/jgettys/Development/pico-sdk/src/rp2_common/pico_malloc/pico_malloc.c.obj
                0x000000001000639a                __wrap_malloc
 .text.__wrap_calloc
                0x00000000100063c6       0x32 CMakeFiles/main.dir/home/jgettys/Development/pico-sdk/src/rp2_common/pico_malloc/pico_malloc.c.obj
                0x00000000100063c6                __wrap_calloc
 .text          0x00000000100063f8       0x10 CMakeFiles/main.dir/home/jgettys/Development/pico-sdk/src/rp2_common/pico_mem_ops/mem_ops_aeabi.S.obj
                0x00000000100063f8                __aeabi_mem_init
 .text.memset   0x0000000010006408        0xc CMakeFiles/main.dir/home/jgettys/Development/pico-sdk/src/rp2_common/pico_mem_ops/mem_ops_aeabi.S.obj
                0x0000000010006408                __wrap_memset
 .text.memcpy   0x0000000010006414        0xc CMakeFiles/main.dir/home/jgettys/Development/pico-sdk/src/rp2_common/pico_mem_ops/mem_ops_aeabi.S.obj
                0x0000000010006414                __wrap___aeabi_memcpy
                0x0000000010006414                __wrap_memcpy
 .text.get_core_num
                0x0000000010006420       0x10 CMakeFiles/main.dir/home/jgettys/Development/pico-sdk/src/rp2_common/pico_stdio/stdio.c.obj
 .text.stdout_serialize_begin
                0x0000000010006430       0x4c CMakeFiles/main.dir/home/jgettys/Development/pico-sdk/src/rp2_common/pico_stdio/stdio.c.obj
                0x0000000010006430                stdout_serialize_begin
 .text.stdout_serialize_end
                0x000000001000647c       0x18 CMakeFiles/main.dir/home/jgettys/Development/pico-sdk/src/rp2_common/pico_stdio/stdio.c.obj
                0x000000001000647c                stdout_serialize_end
 .text.stdio_out_chars_crlf
                0x0000000010006494       0xf8 CMakeFiles/main.dir/home/jgettys/Development/pico-sdk/src/rp2_common/pico_stdio/stdio.c.obj
 .text.stdio_put_string
                0x000000001000658c       0xb4 CMakeFiles/main.dir/home/jgettys/Development/pico-sdk/src/rp2_common/pico_stdio/stdio.c.obj
 .text.__wrap_puts
                0x0000000010006640       0x2e CMakeFiles/main.dir/home/jgettys/Development/pico-sdk/src/rp2_common/pico_stdio/stdio.c.obj
                0x0000000010006640                __wrap_puts
 *fill*         0x000000001000666e        0x2 
 .text.stdio_set_driver_enabled
                0x0000000010006670       0x7c CMakeFiles/main.dir/home/jgettys/Development/pico-sdk/src/rp2_common/pico_stdio/stdio.c.obj
                0x0000000010006670                stdio_set_driver_enabled
 .text.stdio_flush
                0x00000000100066ec       0x34 CMakeFiles/main.dir/home/jgettys/Development/pico-sdk/src/rp2_common/pico_stdio/stdio.c.obj
                0x00000000100066ec                stdio_flush
 .text.stdio_stack_buffer_flush
                0x0000000010006720       0x70 CMakeFiles/main.dir/home/jgettys/Development/pico-sdk/src/rp2_common/pico_stdio/stdio.c.obj
 .text.stdio_buffered_printer
                0x0000000010006790       0x3e CMakeFiles/main.dir/home/jgettys/Development/pico-sdk/src/rp2_common/pico_stdio/stdio.c.obj
 *fill*         0x00000000100067ce        0x2 
 .text.__wrap_vprintf
                0x00000000100067d0       0x6c CMakeFiles/main.dir/home/jgettys/Development/pico-sdk/src/rp2_common/pico_stdio/stdio.c.obj
                0x00000000100067d0                __wrap_vprintf
 .text.__wrap_printf
                0x000000001000683c       0x2e CMakeFiles/main.dir/home/jgettys/Development/pico-sdk/src/rp2_common/pico_stdio/stdio.c.obj
                0x000000001000683c                __wrap_printf
 .text.stdio_init_all
                0x000000001000686a        0xe CMakeFiles/main.dir/home/jgettys/Development/pico-sdk/src/rp2_common/pico_stdio/stdio.c.obj
                0x000000001000686a                stdio_init_all
 .text.tight_loop_contents
                0x0000000010006878        0xa CMakeFiles/main.dir/home/jgettys/Development/pico-sdk/src/rp2_common/pico_stdio_uart/stdio_uart.c.obj
 *fill*         0x0000000010006882        0x2 
 .text.uart_get_index
                0x0000000010006884       0x24 CMakeFiles/main.dir/home/jgettys/Development/pico-sdk/src/rp2_common/pico_stdio_uart/stdio_uart.c.obj
 .text.uart_get_hw
                0x00000000100068a8       0x1a CMakeFiles/main.dir/home/jgettys/Development/pico-sdk/src/rp2_common/pico_stdio_uart/stdio_uart.c.obj
 .text.uart_is_writable
                0x00000000100068c2       0x26 CMakeFiles/main.dir/home/jgettys/Development/pico-sdk/src/rp2_common/pico_stdio_uart/stdio_uart.c.obj
 .text.uart_is_readable
                0x00000000100068e8       0x26 CMakeFiles/main.dir/home/jgettys/Development/pico-sdk/src/rp2_common/pico_stdio_uart/stdio_uart.c.obj
 .text.uart_write_blocking
                0x000000001000690e       0x56 CMakeFiles/main.dir/home/jgettys/Development/pico-sdk/src/rp2_common/pico_stdio_uart/stdio_uart.c.obj
 .text.uart_read_blocking
                0x0000000010006964       0x58 CMakeFiles/main.dir/home/jgettys/Development/pico-sdk/src/rp2_common/pico_stdio_uart/stdio_uart.c.obj
 .text.uart_putc_raw
                0x00000000100069bc       0x22 CMakeFiles/main.dir/home/jgettys/Development/pico-sdk/src/rp2_common/pico_stdio_uart/stdio_uart.c.obj
 *fill*         0x00000000100069de        0x2 
 .text.uart_putc
                0x00000000100069e0       0x4c CMakeFiles/main.dir/home/jgettys/Development/pico-sdk/src/rp2_common/pico_stdio_uart/stdio_uart.c.obj
 .text.uart_getc
                0x0000000010006a2c       0x24 CMakeFiles/main.dir/home/jgettys/Development/pico-sdk/src/rp2_common/pico_stdio_uart/stdio_uart.c.obj
 .text.stdio_uart_init
                0x0000000010006a50       0x48 CMakeFiles/main.dir/home/jgettys/Development/pico-sdk/src/rp2_common/pico_stdio_uart/stdio_uart.c.obj
                0x0000000010006a50                stdio_uart_init
 .text.stdio_uart_init_full
                0x0000000010006a98       0x5c CMakeFiles/main.dir/home/jgettys/Development/pico-sdk/src/rp2_common/pico_stdio_uart/stdio_uart.c.obj
                0x0000000010006a98                stdio_uart_init_full
 .text.stdio_uart_out_chars
                0x0000000010006af4       0x3c CMakeFiles/main.dir/home/jgettys/Development/pico-sdk/src/rp2_common/pico_stdio_uart/stdio_uart.c.obj
 .text.stdio_uart_in_chars
                0x0000000010006b30       0x58 CMakeFiles/main.dir/home/jgettys/Development/pico-sdk/src/rp2_common/pico_stdio_uart/stdio_uart.c.obj
                0x0000000010006b30                stdio_uart_in_chars
 .text.tight_loop_contents
                0x0000000010006b88        0xa CMakeFiles/main.dir/home/jgettys/Development/pico-sdk/src/rp2_common/pico_multicore/multicore.c.obj
 .text.__sev    0x0000000010006b92        0xc CMakeFiles/main.dir/home/jgettys/Development/pico-sdk/src/rp2_common/pico_multicore/multicore.c.obj
 .text.__wfe    0x0000000010006b9e        0xc CMakeFiles/main.dir/home/jgettys/Development/pico-sdk/src/rp2_common/pico_multicore/multicore.c.obj
 .text.multicore_fifo_rvalid
                0x0000000010006baa       0x1a CMakeFiles/main.dir/home/jgettys/Development/pico-sdk/src/rp2_common/pico_multicore/multicore.c.obj
 .text.multicore_fifo_wready
                0x0000000010006bc4       0x1a CMakeFiles/main.dir/home/jgettys/Development/pico-sdk/src/rp2_common/pico_multicore/multicore.c.obj
 .text.multicore_fifo_drain
                0x0000000010006bde       0x1a CMakeFiles/main.dir/home/jgettys/Development/pico-sdk/src/rp2_common/pico_multicore/multicore.c.obj
 .text.multicore_fifo_push_blocking_inline
                0x0000000010006bf8       0x34 CMakeFiles/main.dir/home/jgettys/Development/pico-sdk/src/rp2_common/pico_multicore/multicore.c.obj
 .text.multicore_fifo_push_blocking
                0x0000000010006c2c       0x18 CMakeFiles/main.dir/home/jgettys/Development/pico-sdk/src/rp2_common/pico_multicore/multicore.c.obj
                0x0000000010006c2c                multicore_fifo_push_blocking
 .text.multicore_fifo_pop_blocking_inline
                0x0000000010006c44       0x28 CMakeFiles/main.dir/home/jgettys/Development/pico-sdk/src/rp2_common/pico_multicore/multicore.c.obj
 .text.multicore_fifo_pop_blocking
                0x0000000010006c6c       0x10 CMakeFiles/main.dir/home/jgettys/Development/pico-sdk/src/rp2_common/pico_multicore/multicore.c.obj
                0x0000000010006c6c                multicore_fifo_pop_blocking
 .text.core1_trampoline
                0x0000000010006c7c        0x4 CMakeFiles/main.dir/home/jgettys/Development/pico-sdk/src/rp2_common/pico_multicore/multicore.c.obj
 .text.core1_wrapper
                0x0000000010006c80       0x1c CMakeFiles/main.dir/home/jgettys/Development/pico-sdk/src/rp2_common/pico_multicore/multicore.c.obj
                0x0000000010006c80                core1_wrapper
 .text.multicore_launch_core1_with_stack
                0x0000000010006c9c       0x78 CMakeFiles/main.dir/home/jgettys/Development/pico-sdk/src/rp2_common/pico_multicore/multicore.c.obj
                0x0000000010006c9c                multicore_launch_core1_with_stack
 .text.multicore_launch_core1
                0x0000000010006d14       0x3c CMakeFiles/main.dir/home/jgettys/Development/pico-sdk/src/rp2_common/pico_multicore/multicore.c.obj
                0x0000000010006d14                multicore_launch_core1
 .text.multicore_launch_core1_raw
                0x0000000010006d50       0x8a CMakeFiles/main.dir/home/jgettys/Development/pico-sdk/src/rp2_common/pico_multicore/multicore.c.obj
                0x0000000010006d50                multicore_launch_core1_raw
 *fill*         0x0000000010006dda        0x2 
 .text          0x0000000010006ddc       0x18 /usr/lib/gcc/arm-none-eabi/6.3.1/../../../arm-none-eabi/lib/thumb/v6-m/libg.a(lib_a-calloc.o)
                0x0000000010006ddc                calloc
 .text          0x0000000010006df4       0x58 /usr/lib/gcc/arm-none-eabi/6.3.1/../../../arm-none-eabi/lib/thumb/v6-m/libg.a(lib_a-callocr.o)
                0x0000000010006df4                _calloc_r
 .text          0x0000000010006e4c       0x28 /usr/lib/gcc/arm-none-eabi/6.3.1/../../../arm-none-eabi/lib/thumb/v6-m/libg.a(lib_a-malloc.o)
                0x0000000010006e4c                malloc
                0x0000000010006e60                free
 .text          0x0000000010006e74      0x558 /usr/lib/gcc/arm-none-eabi/6.3.1/../../../arm-none-eabi/lib/thumb/v6-m/libg.a(lib_a-mallocr.o)
                0x0000000010006e74                _malloc_r
 .text          0x00000000100073cc        0x8 /usr/lib/gcc/arm-none-eabi/6.3.1/../../../arm-none-eabi/lib/thumb/v6-m/libg.a(lib_a-mlock.o)
                0x00000000100073cc                __malloc_lock
                0x00000000100073d0                __malloc_unlock
 .text          0x00000000100073d4       0x24 /usr/lib/gcc/arm-none-eabi/6.3.1/../../../arm-none-eabi/lib/thumb/v6-m/libg.a(lib_a-sbrkr.o)
                0x00000000100073d4                _sbrk_r
 .text          0x00000000100073f8       0x64 /usr/lib/gcc/arm-none-eabi/6.3.1/../../../arm-none-eabi/lib/thumb/v6-m/libg.a(lib_a-strlen-stub.o)
                0x00000000100073f8                strlen
 .text          0x000000001000745c      0x25c /usr/lib/gcc/arm-none-eabi/6.3.1/../../../arm-none-eabi/lib/thumb/v6-m/libg.a(lib_a-freer.o)
                0x000000001000745c                _malloc_trim_r
                0x00000000100074fc                _free_r
 *(.fini)
 .fini          0x00000000100076b8        0x4 /usr/lib/gcc/arm-none-eabi/6.3.1/thumb/v6-m/crti.o
                0x00000000100076b8                _fini
 *fill*         0x00000000100076bc        0x4 
 .fini.__stub   0x00000000100076c0       0x50 linker stubs
 *crtbegin.o(.ctors)
 *crtbegin?.o(.ctors)
 *(EXCLUDE_FILE(*crtend.o *crtend?.o) .ctors)
 *(SORT(.ctors.*))
 *(.ctors)
 *crtbegin.o(.dtors)
 *crtbegin?.o(.dtors)
 *(EXCLUDE_FILE(*crtend.o *crtend?.o) .dtors)
 *(SORT(.dtors.*))
 *(.dtors)
 *(.eh_frame*)
 .eh_frame      0x0000000010007710        0x0 /usr/lib/gcc/arm-none-eabi/6.3.1/thumb/v6-m/crtbegin.o
                0x0000000010007710                . = ALIGN (0x4)

.glue_7         0x0000000010007710        0x0
 .glue_7        0x0000000010007710        0x0 linker stubs

.glue_7t        0x0000000010007710        0x0
 .glue_7t       0x0000000010007710        0x0 linker stubs

.vfp11_veneer   0x0000000010007710        0x0
 .vfp11_veneer  0x0000000010007710        0x0 linker stubs

.v4_bx          0x0000000010007710        0x0
 .v4_bx         0x0000000010007710        0x0 linker stubs

.iplt           0x0000000010007710        0x0
 .iplt          0x0000000010007710        0x0 /usr/lib/gcc/arm-none-eabi/6.3.1/thumb/v6-m/crtbegin.o

.rodata         0x0000000010007710     0x1034
 *(EXCLUDE_FILE(*libm.a: *libc.a:*lib_a-mem*.o *libgcc.a:) .rodata*)
 .rodata        0x0000000010007710       0x1c CMakeFiles/main.dir/main.c.obj
 .rodata        0x000000001000772c        0xb CMakeFiles/main.dir/rp2040os.c.obj
 *fill*         0x0000000010007737        0x1 
 .rodata        0x0000000010007738      0x21f CMakeFiles/main.dir/home/jgettys/Development/pico-sdk/src/common/pico_time/time.c.obj
 *fill*         0x0000000010007957        0x1 
 .rodata.__func__.5838
                0x0000000010007958       0x12 CMakeFiles/main.dir/home/jgettys/Development/pico-sdk/src/common/pico_time/time.c.obj
 *fill*         0x000000001000796a        0x2 
 .rodata.__func__.5831
                0x000000001000796c        0xc CMakeFiles/main.dir/home/jgettys/Development/pico-sdk/src/common/pico_time/time.c.obj
 .rodata.__func__.6150
                0x0000000010007978        0xa CMakeFiles/main.dir/home/jgettys/Development/pico-sdk/src/common/pico_time/time.c.obj
 *fill*         0x0000000010007982        0x2 
 .rodata.__func__.6176
                0x0000000010007984       0x15 CMakeFiles/main.dir/home/jgettys/Development/pico-sdk/src/common/pico_time/time.c.obj
 *fill*         0x0000000010007999        0x3 
 .rodata.__func__.5853
                0x000000001000799c        0xa CMakeFiles/main.dir/home/jgettys/Development/pico-sdk/src/common/pico_time/time.c.obj
 *fill*         0x00000000100079a6        0x2 
 .rodata.__func__.6193
                0x00000000100079a8       0x1a CMakeFiles/main.dir/home/jgettys/Development/pico-sdk/src/common/pico_time/time.c.obj
 *fill*         0x00000000100079c2        0x2 
 .rodata.__func__.5875
                0x00000000100079c4       0x14 CMakeFiles/main.dir/home/jgettys/Development/pico-sdk/src/common/pico_time/time.c.obj
 .rodata.__func__.6155
                0x00000000100079d8       0x12 CMakeFiles/main.dir/home/jgettys/Development/pico-sdk/src/common/pico_time/time.c.obj
 *fill*         0x00000000100079ea        0x2 
 .rodata        0x00000000100079ec       0x91 CMakeFiles/main.dir/home/jgettys/Development/pico-sdk/src/rp2_common/hardware_timer/timer.c.obj
 *fill*         0x0000000010007a7d        0x3 
 .rodata.__func__.4474
                0x0000000010007a80       0x1a CMakeFiles/main.dir/home/jgettys/Development/pico-sdk/src/rp2_common/hardware_timer/timer.c.obj
 *fill*         0x0000000010007a9a        0x2 
 .rodata        0x0000000010007a9c       0x70 CMakeFiles/main.dir/home/jgettys/Development/pico-sdk/src/common/pico_sync/lock_core.c.obj
 .rodata.__func__.4316
                0x0000000010007b0c        0xa CMakeFiles/main.dir/home/jgettys/Development/pico-sdk/src/common/pico_sync/lock_core.c.obj
 *fill*         0x0000000010007b16        0x2 
 .rodata        0x0000000010007b18       0x64 CMakeFiles/main.dir/home/jgettys/Development/pico-sdk/src/common/pico_sync/mutex.c.obj
 .rodata.__func__.4531
                0x0000000010007b7c       0x15 CMakeFiles/main.dir/home/jgettys/Development/pico-sdk/src/common/pico_sync/mutex.c.obj
 *fill*         0x0000000010007b91        0x3 
 .rodata.__func__.4559
                0x0000000010007b94        0xb CMakeFiles/main.dir/home/jgettys/Development/pico-sdk/src/common/pico_sync/mutex.c.obj
 *fill*         0x0000000010007b9f        0x1 
 .rodata        0x0000000010007ba0      0x183 CMakeFiles/main.dir/home/jgettys/Development/pico-sdk/src/common/pico_util/pheap.c.obj
 *fill*         0x0000000010007d23        0x1 
 .rodata.__func__.5619
                0x0000000010007d24       0x12 CMakeFiles/main.dir/home/jgettys/Development/pico-sdk/src/common/pico_util/pheap.c.obj
 *fill*         0x0000000010007d36        0x2 
 .rodata.__func__.5612
                0x0000000010007d38        0xc CMakeFiles/main.dir/home/jgettys/Development/pico-sdk/src/common/pico_util/pheap.c.obj
 .rodata.__func__.5692
                0x0000000010007d44       0x13 CMakeFiles/main.dir/home/jgettys/Development/pico-sdk/src/common/pico_util/pheap.c.obj
 *fill*         0x0000000010007d57        0x1 
 .rodata.__func__.5710
                0x0000000010007d58        0xa CMakeFiles/main.dir/home/jgettys/Development/pico-sdk/src/common/pico_util/pheap.c.obj
 *fill*         0x0000000010007d62        0x2 
 .rodata        0x0000000010007d64       0x74 CMakeFiles/main.dir/home/jgettys/Development/pico-sdk/src/rp2_common/pico_runtime/runtime.c.obj
 .rodata        0x0000000010007dd8      0x103 CMakeFiles/main.dir/home/jgettys/Development/pico-sdk/src/rp2_common/hardware_clocks/clocks.c.obj
 *fill*         0x0000000010007edb        0x1 
 .rodata.__func__.4610
                0x0000000010007edc       0x10 CMakeFiles/main.dir/home/jgettys/Development/pico-sdk/src/rp2_common/hardware_clocks/clocks.c.obj
 .rodata        0x0000000010007eec       0xe3 CMakeFiles/main.dir/home/jgettys/Development/pico-sdk/src/rp2_common/hardware_pll/pll.c.obj
 *fill*         0x0000000010007fcf        0x1 
 .rodata.__func__.4344
                0x0000000010007fd0        0x9 CMakeFiles/main.dir/home/jgettys/Development/pico-sdk/src/rp2_common/hardware_pll/pll.c.obj
 *fill*         0x0000000010007fd9        0x3 
 .rodata        0x0000000010007fdc      0x1d2 CMakeFiles/main.dir/home/jgettys/Development/pico-sdk/src/rp2_common/hardware_irq/irq.c.obj
 *fill*         0x00000000100081ae        0x2 
 .rodata.__func__.4435
                0x00000000100081b0       0x1a CMakeFiles/main.dir/home/jgettys/Development/pico-sdk/src/rp2_common/hardware_irq/irq.c.obj
 *fill*         0x00000000100081ca        0x2 
 .rodata.__func__.4449
                0x00000000100081cc        0xc CMakeFiles/main.dir/home/jgettys/Development/pico-sdk/src/rp2_common/hardware_irq/irq.c.obj
 .rodata.__func__.4457
                0x00000000100081d8       0x17 CMakeFiles/main.dir/home/jgettys/Development/pico-sdk/src/rp2_common/hardware_irq/irq.c.obj
 *fill*         0x00000000100081ef        0x1 
 .rodata.__func__.4461
                0x00000000100081f0        0xf CMakeFiles/main.dir/home/jgettys/Development/pico-sdk/src/rp2_common/hardware_irq/irq.c.obj
 *fill*         0x00000000100081ff        0x1 
 .rodata.__func__.4497
                0x0000000010008200       0x13 CMakeFiles/main.dir/home/jgettys/Development/pico-sdk/src/rp2_common/hardware_irq/irq.c.obj
 *fill*         0x0000000010008213        0x1 
 .rodata.__func__.4516
                0x0000000010008214       0x1a CMakeFiles/main.dir/home/jgettys/Development/pico-sdk/src/rp2_common/hardware_irq/irq.c.obj
 *fill*         0x000000001000822e        0x2 
 .rodata        0x0000000010008230       0x18 CMakeFiles/main.dir/home/jgettys/Development/pico-sdk/src/rp2_common/pico_printf/printf.c.obj
 .rodata._vsnprintf
                0x0000000010008248      0x1e0 CMakeFiles/main.dir/home/jgettys/Development/pico-sdk/src/rp2_common/pico_printf/printf.c.obj
 .rodata.pow10.5331
                0x0000000010008428       0x50 CMakeFiles/main.dir/home/jgettys/Development/pico-sdk/src/rp2_common/pico_printf/printf.c.obj
 .rodata        0x0000000010008478       0xb0 CMakeFiles/main.dir/home/jgettys/Development/pico-sdk/src/rp2_common/pico_double/double_init_rom.c.obj
 .rodata.__func__.4588
                0x0000000010008528       0x14 CMakeFiles/main.dir/home/jgettys/Development/pico-sdk/src/rp2_common/pico_double/double_init_rom.c.obj
 .rodata        0x000000001000853c       0x86 CMakeFiles/main.dir/home/jgettys/Development/pico-sdk/src/rp2_common/pico_float/float_init_rom.c.obj
 *fill*         0x00000000100085c2        0x2 
 .rodata.__func__.4590
                0x00000000100085c4       0x13 CMakeFiles/main.dir/home/jgettys/Development/pico-sdk/src/rp2_common/pico_float/float_init_rom.c.obj
 *fill*         0x00000000100085d7        0x1 
 .rodata        0x00000000100085d8       0x2a CMakeFiles/main.dir/home/jgettys/Development/pico-sdk/src/rp2_common/pico_standard_link/binary_info.c.obj
 *fill*         0x0000000010008602        0x2 
 .rodata.__bi_40
                0x0000000010008604        0xc CMakeFiles/main.dir/home/jgettys/Development/pico-sdk/src/rp2_common/pico_standard_link/binary_info.c.obj
 .rodata.__bi_71
                0x0000000010008610        0xc CMakeFiles/main.dir/home/jgettys/Development/pico-sdk/src/rp2_common/pico_standard_link/binary_info.c.obj
 .rodata.crlf_str.5838
                0x000000001000861c        0x2 CMakeFiles/main.dir/home/jgettys/Development/pico-sdk/src/rp2_common/pico_stdio/stdio.c.obj
 *fill*         0x000000001000861e        0x2 
 .rodata.__bi_28.4661
                0x0000000010008620        0x8 CMakeFiles/main.dir/home/jgettys/Development/pico-sdk/src/rp2_common/pico_stdio_uart/stdio_uart.c.obj
 .rodata        0x0000000010008628       0x2b CMakeFiles/main.dir/home/jgettys/Development/pico-sdk/src/rp2_common/pico_stdio_uart/stdio_uart.c.obj
 *fill*         0x0000000010008653        0x1 
 .rodata.__bi_27.4657
                0x0000000010008654        0xc CMakeFiles/main.dir/home/jgettys/Development/pico-sdk/src/rp2_common/pico_stdio_uart/stdio_uart.c.obj
 .rodata        0x0000000010008660       0xbc CMakeFiles/main.dir/home/jgettys/Development/pico-sdk/src/rp2_common/pico_multicore/multicore.c.obj
 .rodata.__func__.5076
                0x000000001000871c       0x22 CMakeFiles/main.dir/home/jgettys/Development/pico-sdk/src/rp2_common/pico_multicore/multicore.c.obj
 *fill*         0x000000001000873e        0x2 
 .rodata.str1.4
                0x0000000010008740        0x4 /usr/lib/gcc/arm-none-eabi/6.3.1/../../../arm-none-eabi/lib/thumb/v6-m/libg.a(lib_a-impure.o)
                                          0x2 (size before relaxing)
                0x0000000010008744                . = ALIGN (0x4)
 *(SORT(.flashdata*))
                0x0000000010008744                . = ALIGN (0x4)

.rel.dyn        0x0000000010008744        0x0
 .rel.iplt      0x0000000010008744        0x0 /usr/lib/gcc/arm-none-eabi/6.3.1/thumb/v6-m/crtbegin.o

.ARM.extab
 *(.ARM.extab* .gnu.linkonce.armextab.*)
                0x0000000010008744                __exidx_start = .

.ARM.exidx
 *(.ARM.exidx* .gnu.linkonce.armexidx.*)
                0x0000000010008744                __exidx_end = .
                0x0000000010008744                . = ALIGN (0x4)
                0x0000000010008744                __binary_info_start = .

.binary_info    0x0000000010008744       0x20
 *(.binary_info.keep.*)
 .binary_info.keep.__bi_ptr18
                0x0000000010008744        0x4 CMakeFiles/main.dir/home/jgettys/Development/pico-sdk/src/rp2_common/pico_standard_link/binary_info.c.obj
 .binary_info.keep.__bi_ptr26
                0x0000000010008748        0x4 CMakeFiles/main.dir/home/jgettys/Development/pico-sdk/src/rp2_common/pico_standard_link/binary_info.c.obj
 .binary_info.keep.__bi_ptr34
                0x000000001000874c        0x4 CMakeFiles/main.dir/home/jgettys/Development/pico-sdk/src/rp2_common/pico_standard_link/binary_info.c.obj
 .binary_info.keep.__bi_ptr40
                0x0000000010008750        0x4 CMakeFiles/main.dir/home/jgettys/Development/pico-sdk/src/rp2_common/pico_standard_link/binary_info.c.obj
 .binary_info.keep.__bi_ptr46
                0x0000000010008754        0x4 CMakeFiles/main.dir/home/jgettys/Development/pico-sdk/src/rp2_common/pico_standard_link/binary_info.c.obj
 .binary_info.keep.__bi_ptr71
                0x0000000010008758        0x4 CMakeFiles/main.dir/home/jgettys/Development/pico-sdk/src/rp2_common/pico_standard_link/binary_info.c.obj
 *(.binary_info.*)
 .binary_info.__bi_ptr27
                0x000000001000875c        0x4 CMakeFiles/main.dir/home/jgettys/Development/pico-sdk/src/rp2_common/pico_stdio_uart/stdio_uart.c.obj
 .binary_info.__bi_ptr28
                0x0000000010008760        0x4 CMakeFiles/main.dir/home/jgettys/Development/pico-sdk/src/rp2_common/pico_stdio_uart/stdio_uart.c.obj
                0x0000000010008764                __binary_info_end = .
                0x0000000010008764                . = ALIGN (0x4)
                0x0000000010008764                __etext = .

.ram_vector_table
                0x0000000020000000       0xc0
 *(.ram_vector_table)
 .ram_vector_table
                0x0000000020000000       0xc0 CMakeFiles/main.dir/home/jgettys/Development/pico-sdk/src/rp2_common/pico_runtime/runtime.c.obj
                0x0000000020000000                ram_vector_table

.data           0x00000000200000c0      0xaa4 load address 0x0000000010008764
                0x00000000200000c0                __data_start__ = .
 *(vtable)
 *(.time_critical*)
 .time_critical.mutex_enter_blocking
                0x00000000200000c0       0x8c CMakeFiles/main.dir/home/jgettys/Development/pico-sdk/src/common/pico_sync/mutex.c.obj
                0x00000000200000c0                mutex_enter_blocking
 .time_critical.mutex_try_enter
                0x000000002000014c       0x6e CMakeFiles/main.dir/home/jgettys/Development/pico-sdk/src/common/pico_sync/mutex.c.obj
                0x000000002000014c                mutex_try_enter
 *fill*         0x00000000200001ba        0x2 
 .time_critical.mutex_exit
                0x00000000200001bc       0x58 CMakeFiles/main.dir/home/jgettys/Development/pico-sdk/src/common/pico_sync/mutex.c.obj
                0x00000000200001bc                mutex_exit
 *(.text*)
 .text          0x0000000020000214        0x4 /usr/lib/gcc/arm-none-eabi/6.3.1/thumb/v6-m/libgcc.a(_dvmd_tls.o)
                0x0000000020000214                __aeabi_ldiv0
                0x0000000020000214                __aeabi_idiv0
 .text.__stub   0x0000000020000218       0x60 linker stubs
                0x0000000020000278                . = ALIGN (0x4)
 *(.rodata*)
                0x0000000020000278                . = ALIGN (0x4)
 *(.data*)
 .data.threadCount
                0x0000000020000278        0x1 CMakeFiles/main.dir/rp2040os.c.obj
                0x0000000020000278                threadCount
 .data.striped_spin_lock_num
                0x0000000020000279        0x1 CMakeFiles/main.dir/home/jgettys/Development/pico-sdk/src/rp2_common/hardware_sync/sync.c.obj
 *fill*         0x000000002000027a        0x2 
 .data          0x000000002000027c       0x48 CMakeFiles/main.dir/home/jgettys/Development/pico-sdk/src/rp2_common/hardware_irq/irq_handler_chain.S.obj
                0x000000002000027c                irq_handler_chain_slots
                0x00000000200002ac                irq_handler_chain_first_slot
                0x00000000200002b6                irq_handler_chain_remove_tail
 *fill*         0x00000000200002c4        0xc 
 .data.aeabi_bits_funcs
                0x00000000200002d0       0x10 CMakeFiles/main.dir/home/jgettys/Development/pico-sdk/src/rp2_common/pico_bit_ops/bit_ops_aeabi.S.obj
                0x00000000200002d0                aeabi_bits_funcs
                0x00000000200002e0                aeabi_bits_funcs_end
 .data.aeabi_mem_funcs
                0x00000000200002e0       0x10 CMakeFiles/main.dir/home/jgettys/Development/pico-sdk/src/rp2_common/pico_mem_ops/mem_ops_aeabi.S.obj
                0x00000000200002e0                aeabi_mem_funcs
                0x00000000200002f0                aeabi_mem_funcs_end
 .data.stdio_uart
                0x00000000200002f0       0x14 CMakeFiles/main.dir/home/jgettys/Development/pico-sdk/src/rp2_common/pico_stdio_uart/stdio_uart.c.obj
                0x00000000200002f0                stdio_uart
 *fill*         0x0000000020000304        0x4 
 .data          0x0000000020000308      0x430 /usr/lib/gcc/arm-none-eabi/6.3.1/../../../arm-none-eabi/lib/thumb/v6-m/libg.a(lib_a-impure.o)
                0x0000000020000308                _impure_ptr
 .data          0x0000000020000738      0x410 /usr/lib/gcc/arm-none-eabi/6.3.1/../../../arm-none-eabi/lib/thumb/v6-m/libg.a(lib_a-mallocr.o)
                0x0000000020000738                __malloc_av_
                0x0000000020000b40                __malloc_sbrk_base
                0x0000000020000b44                __malloc_trim_threshold
                0x0000000020000b48                . = ALIGN (0x4)
 *(.after_data.*)
                0x0000000020000b48                . = ALIGN (0x4)
                0x0000000020000b48                PROVIDE (__mutex_array_start, .)
 *(SORT(.mutex_array.*))
 *(.mutex_array)
 .mutex_array   0x0000000020000b48        0x8 CMakeFiles/main.dir/home/jgettys/Development/pico-sdk/src/rp2_common/pico_stdio/stdio.c.obj
                0x0000000020000b50                PROVIDE (__mutex_array_end, .)
                0x0000000020000b50                . = ALIGN (0x4)
                0x0000000020000b50                PROVIDE (__preinit_array_start, .)
 *(SORT(.preinit_array.*))
 .preinit_array.00001
                0x0000000020000b50        0x4 CMakeFiles/main.dir/home/jgettys/Development/pico-sdk/src/rp2_common/pico_mem_ops/mem_ops_aeabi.S.obj
 .preinit_array.00010
                0x0000000020000b54        0x4 CMakeFiles/main.dir/home/jgettys/Development/pico-sdk/src/rp2_common/pico_bit_ops/bit_ops_aeabi.S.obj
 .preinit_array.00020
                0x0000000020000b58        0x4 CMakeFiles/main.dir/home/jgettys/Development/pico-sdk/src/rp2_common/pico_double/double_aeabi.S.obj
 .preinit_array.00020
                0x0000000020000b5c        0x4 CMakeFiles/main.dir/home/jgettys/Development/pico-sdk/src/rp2_common/pico_float/float_aeabi.S.obj
 *(.preinit_array)
                0x0000000020000b60                PROVIDE (__preinit_array_end, .)
                0x0000000020000b60                . = ALIGN (0x4)
                0x0000000020000b60                PROVIDE (__init_array_start, .)
 *(SORT(.init_array.*))
 *(.init_array)
 .init_array    0x0000000020000b60        0x4 /usr/lib/gcc/arm-none-eabi/6.3.1/thumb/v6-m/crtbegin.o
                0x0000000020000b64                PROVIDE (__init_array_end, .)
                0x0000000020000b64                . = ALIGN (0x4)
                0x0000000020000b64                PROVIDE (__fini_array_start, .)
 *(SORT(.fini_array.*))
 *(.fini_array)
                0x0000000020000b64                PROVIDE (__fini_array_end, .)
 *(.jcr)
 .jcr           0x0000000020000b64        0x0 /usr/lib/gcc/arm-none-eabi/6.3.1/thumb/v6-m/crtbegin.o
                0x0000000020000b64                . = ALIGN (0x4)
                0x0000000020000b64                __data_end__ = .

.tm_clone_table
                0x0000000020000b64        0x0 load address 0x0000000010009208
 .tm_clone_table
                0x0000000020000b64        0x0 /usr/lib/gcc/arm-none-eabi/6.3.1/thumb/v6-m/crtbegin.o
 .tm_clone_table
                0x0000000020000b64        0x0 /usr/lib/gcc/arm-none-eabi/6.3.1/thumb/v6-m/crtend.o

.igot.plt       0x0000000020000b64        0x0 load address 0x0000000010009208
 .igot.plt      0x0000000020000b64        0x0 /usr/lib/gcc/arm-none-eabi/6.3.1/thumb/v6-m/crtbegin.o

.uninitialized_data
                0x0000000020000b64        0x0 load address 0x0000000010009208
                0x0000000020000b64                . = ALIGN (0x4)
 *(.uninitialized_data*)

.scratch_x      0x0000000020040000        0x0 load address 0x0000000010009208
                0x0000000020040000                __scratch_x_start__ = .
 *(.scratch_x.*)
                0x0000000020040000                . = ALIGN (0x4)
                0x0000000020040000                __scratch_x_end__ = .
                0x0000000010009208                __scratch_x_source__ = LOADADDR (.scratch_x)

.scratch_y      0x0000000020041000        0x0 load address 0x0000000010009208
                0x0000000020041000                __scratch_y_start__ = .
 *(.scratch_y.*)
                0x0000000020041000                . = ALIGN (0x4)
                0x0000000020041000                __scratch_y_end__ = .
                0x0000000010009208                __scratch_y_source__ = LOADADDR (.scratch_y)

.bss            0x0000000020000b68      0xcec
                0x0000000020000b68                . = ALIGN (0x4)
                0x0000000020000b68                __bss_start__ = .
 *(SORT(.bss*))
 .bss           0x0000000020000b68       0x1c /usr/lib/gcc/arm-none-eabi/6.3.1/thumb/v6-m/crtbegin.o
 .bss           0x0000000020000b84       0x34 /usr/lib/gcc/arm-none-eabi/6.3.1/../../../arm-none-eabi/lib/thumb/v6-m/libg.a(lib_a-mallocr.o)
                0x0000000020000b84                __malloc_top_pad
                0x0000000020000b88                __malloc_current_mallinfo
                0x0000000020000bb0                __malloc_max_sbrked_mem
                0x0000000020000bb4                __malloc_max_total_mem
 .bss.alarm_callbacks
                0x0000000020000bb8       0x10 CMakeFiles/main.dir/home/jgettys/Development/pico-sdk/src/rp2_common/hardware_timer/timer.c.obj
 .bss.blink2Stack
                0x0000000020000bc8      0x200 CMakeFiles/main.dir/main.c.obj
 .bss.blinkStack
                0x0000000020000dc8      0x200 CMakeFiles/main.dir/main.c.obj
 .bss.configured_freq
                0x0000000020000fc8       0x28 CMakeFiles/main.dir/home/jgettys/Development/pico-sdk/src/rp2_common/hardware_clocks/clocks.c.obj
 .bss.default_alarm_pool
                0x0000000020000ff0        0x4 CMakeFiles/main.dir/home/jgettys/Development/pico-sdk/src/common/pico_time/time.c.obj
 .bss.drivers   0x0000000020000ff4        0x4 CMakeFiles/main.dir/home/jgettys/Development/pico-sdk/src/rp2_common/pico_stdio/stdio.c.obj
 .bss.filter    0x0000000020000ff8        0x4 CMakeFiles/main.dir/home/jgettys/Development/pico-sdk/src/rp2_common/pico_stdio/stdio.c.obj
 .bss.heap_end.5676
                0x0000000020000ffc        0x4 CMakeFiles/main.dir/home/jgettys/Development/pico-sdk/src/rp2_common/pico_runtime/runtime.c.obj
 .bss.idleStack
                0x0000000020001000      0x320 CMakeFiles/main.dir/rp2040os.c.obj
 .bss.pools     0x0000000020001320       0x10 CMakeFiles/main.dir/home/jgettys/Development/pico-sdk/src/common/pico_time/time.c.obj
 .bss.spinnerStack
                0x0000000020001330      0x200 CMakeFiles/main.dir/main.c.obj
 .bss.target_hi
                0x0000000020001530       0x10 CMakeFiles/main.dir/home/jgettys/Development/pico-sdk/src/rp2_common/hardware_timer/timer.c.obj
 .bss.uart_instance
                0x0000000020001540        0x4 CMakeFiles/main.dir/home/jgettys/Development/pico-sdk/src/rp2_common/pico_stdio_uart/stdio_uart.c.obj
 .bss.claimed   0x0000000020001544        0x1 CMakeFiles/main.dir/home/jgettys/Development/pico-sdk/src/rp2_common/hardware_timer/timer.c.obj
 .bss.irq_hander_chain_free_slot_head
                0x0000000020001545        0x1 CMakeFiles/main.dir/home/jgettys/Development/pico-sdk/src/rp2_common/hardware_irq/irq.c.obj
 .bss.timer_callbacks_pending
                0x0000000020001546        0x1 CMakeFiles/main.dir/home/jgettys/Development/pico-sdk/src/rp2_common/hardware_timer/timer.c.obj
 *(COMMON)
 *fill*         0x0000000020001547        0x1 
 COMMON         0x0000000020001548      0x100 CMakeFiles/main.dir/rp2040os.c.obj
                0x0000000020001548                threads
                0x0000000020001628                lastThread
                0x000000002000162c                currentThread
                0x0000000020001638                cpuStats
 COMMON         0x0000000020001648        0x4 CMakeFiles/main.dir/home/jgettys/Development/pico-sdk/src/rp2_common/hardware_uart/uart.c.obj
                0x0000000020001648                uart_char_to_line_feed
 COMMON         0x000000002000164c      0x100 CMakeFiles/main.dir/home/jgettys/Development/pico-sdk/src/rp2_common/pico_double/double_init_rom.c.obj
                0x000000002000164c                sd_table
 COMMON         0x000000002000174c      0x104 CMakeFiles/main.dir/home/jgettys/Development/pico-sdk/src/rp2_common/pico_float/float_init_rom.c.obj
                0x000000002000174c                sf_table
                0x000000002000184c                sf_clz_func
 COMMON         0x0000000020001850        0x4 /usr/lib/gcc/arm-none-eabi/6.3.1/../../../arm-none-eabi/lib/thumb/v6-m/libg.a(lib_a-reent.o)
                0x0000000020001850                errno
                0x0000000020001854                . = ALIGN (0x4)
                0x0000000020001854                __bss_end__ = .

.heap           0x0000000020001854      0x800
                0x0000000020001854                __end__ = .
                0x0000000020001854                end = __end__
 *(.heap*)
 .heap          0x0000000020001854      0x800 CMakeFiles/main.dir/home/jgettys/Development/pico-sdk/src/rp2_common/pico_standard_link/crt0.S.obj
                0x0000000020002054                __HeapLimit = .

.stack1_dummy   0x0000000020040000      0x800
 *(.stack1*)
 .stack1        0x0000000020040000      0x800 CMakeFiles/main.dir/home/jgettys/Development/pico-sdk/src/rp2_common/pico_multicore/multicore.c.obj

.stack_dummy    0x0000000020041000      0x800
 *(.stack*)
 .stack         0x0000000020041000      0x800 CMakeFiles/main.dir/home/jgettys/Development/pico-sdk/src/rp2_common/pico_standard_link/crt0.S.obj

.flash_end      0x0000000010009208        0x0
                0x0000000010009208                __flash_binary_end = .
                0x0000000020040000                __StackLimit = (ORIGIN (RAM) + LENGTH (RAM))
                0x0000000020041000                __StackOneTop = (ORIGIN (SCRATCH_X) + LENGTH (SCRATCH_X))
                0x0000000020042000                __StackTop = (ORIGIN (SCRATCH_Y) + LENGTH (SCRATCH_Y))
                0x0000000020040800                __StackOneBottom = (__StackOneTop - SIZEOF (.stack1_dummy))
                0x0000000020041800                __StackBottom = (__StackTop - SIZEOF (.stack_dummy))
                0x0000000020042000                PROVIDE (__stack, __StackTop)
                0x0000000000000001                ASSERT ((__StackLimit >= __HeapLimit), region RAM overflowed)
                0x0000000000000001                ASSERT (((__binary_info_header_end - __logical_binary_start) <= 0x100), Binary info must be in first 256 bytes of the binary)
LOAD CMakeFiles/main.dir/main.c.obj
LOAD CMakeFiles/main.dir/rp2040os.c.obj
LOAD CMakeFiles/main.dir/func.s.obj
LOAD CMakeFiles/main.dir/home/jgettys/Development/pico-sdk/src/rp2_common/pico_stdlib/stdlib.c.obj
LOAD CMakeFiles/main.dir/home/jgettys/Development/pico-sdk/src/rp2_common/hardware_gpio/gpio.c.obj
LOAD CMakeFiles/main.dir/home/jgettys/Development/pico-sdk/src/rp2_common/hardware_claim/claim.c.obj
LOAD CMakeFiles/main.dir/home/jgettys/Development/pico-sdk/src/rp2_common/hardware_sync/sync.c.obj
LOAD CMakeFiles/main.dir/home/jgettys/Development/pico-sdk/src/rp2_common/pico_platform/platform.c.obj
LOAD CMakeFiles/main.dir/home/jgettys/Development/pico-sdk/src/rp2_common/hardware_uart/uart.c.obj
LOAD CMakeFiles/main.dir/home/jgettys/Development/pico-sdk/src/rp2_common/hardware_divider/divider.S.obj
LOAD CMakeFiles/main.dir/home/jgettys/Development/pico-sdk/src/common/pico_time/time.c.obj
LOAD CMakeFiles/main.dir/home/jgettys/Development/pico-sdk/src/common/pico_time/timeout_helper.c.obj
LOAD CMakeFiles/main.dir/home/jgettys/Development/pico-sdk/src/rp2_common/hardware_timer/timer.c.obj
LOAD CMakeFiles/main.dir/home/jgettys/Development/pico-sdk/src/common/pico_sync/sem.c.obj
LOAD CMakeFiles/main.dir/home/jgettys/Development/pico-sdk/src/common/pico_sync/lock_core.c.obj
LOAD CMakeFiles/main.dir/home/jgettys/Development/pico-sdk/src/common/pico_sync/mutex.c.obj
LOAD CMakeFiles/main.dir/home/jgettys/Development/pico-sdk/src/common/pico_sync/critical_section.c.obj
LOAD CMakeFiles/main.dir/home/jgettys/Development/pico-sdk/src/common/pico_util/datetime.c.obj
LOAD CMakeFiles/main.dir/home/jgettys/Development/pico-sdk/src/common/pico_util/pheap.c.obj
LOAD CMakeFiles/main.dir/home/jgettys/Development/pico-sdk/src/common/pico_util/queue.c.obj
LOAD CMakeFiles/main.dir/home/jgettys/Development/pico-sdk/src/rp2_common/pico_runtime/runtime.c.obj
LOAD CMakeFiles/main.dir/home/jgettys/Development/pico-sdk/src/rp2_common/hardware_clocks/clocks.c.obj
LOAD CMakeFiles/main.dir/home/jgettys/Development/pico-sdk/src/rp2_common/hardware_watchdog/watchdog.c.obj
LOAD CMakeFiles/main.dir/home/jgettys/Development/pico-sdk/src/rp2_common/hardware_xosc/xosc.c.obj
LOAD CMakeFiles/main.dir/home/jgettys/Development/pico-sdk/src/rp2_common/hardware_pll/pll.c.obj
LOAD CMakeFiles/main.dir/home/jgettys/Development/pico-sdk/src/rp2_common/hardware_vreg/vreg.c.obj
LOAD CMakeFiles/main.dir/home/jgettys/Development/pico-sdk/src/rp2_common/hardware_irq/irq.c.obj
LOAD CMakeFiles/main.dir/home/jgettys/Development/pico-sdk/src/rp2_common/hardware_irq/irq_handler_chain.S.obj
LOAD CMakeFiles/main.dir/home/jgettys/Development/pico-sdk/src/rp2_common/pico_printf/printf.c.obj
LOAD CMakeFiles/main.dir/home/jgettys/Development/pico-sdk/src/rp2_common/pico_bit_ops/bit_ops_aeabi.S.obj
LOAD CMakeFiles/main.dir/home/jgettys/Development/pico-sdk/src/rp2_common/pico_bootrom/bootrom.c.obj
LOAD CMakeFiles/main.dir/home/jgettys/Development/pico-sdk/src/rp2_common/pico_divider/divider.S.obj
LOAD CMakeFiles/main.dir/home/jgettys/Development/pico-sdk/src/rp2_common/pico_double/double_aeabi.S.obj
LOAD CMakeFiles/main.dir/home/jgettys/Development/pico-sdk/src/rp2_common/pico_double/double_init_rom.c.obj
LOAD CMakeFiles/main.dir/home/jgettys/Development/pico-sdk/src/rp2_common/pico_double/double_math.c.obj
LOAD CMakeFiles/main.dir/home/jgettys/Development/pico-sdk/src/rp2_common/pico_double/double_v1_rom_shim.S.obj
LOAD CMakeFiles/main.dir/home/jgettys/Development/pico-sdk/src/rp2_common/pico_int64_ops/pico_int64_ops_aeabi.S.obj
LOAD CMakeFiles/main.dir/home/jgettys/Development/pico-sdk/src/rp2_common/pico_float/float_aeabi.S.obj
LOAD CMakeFiles/main.dir/home/jgettys/Development/pico-sdk/src/rp2_common/pico_float/float_init_rom.c.obj
LOAD CMakeFiles/main.dir/home/jgettys/Development/pico-sdk/src/rp2_common/pico_float/float_math.c.obj
LOAD CMakeFiles/main.dir/home/jgettys/Development/pico-sdk/src/rp2_common/pico_float/float_v1_rom_shim.S.obj
LOAD CMakeFiles/main.dir/home/jgettys/Development/pico-sdk/src/rp2_common/pico_malloc/pico_malloc.c.obj
LOAD CMakeFiles/main.dir/home/jgettys/Development/pico-sdk/src/rp2_common/pico_mem_ops/mem_ops_aeabi.S.obj
LOAD CMakeFiles/main.dir/home/jgettys/Development/pico-sdk/src/rp2_common/pico_standard_link/crt0.S.obj
LOAD CMakeFiles/main.dir/home/jgettys/Development/pico-sdk/src/rp2_common/pico_standard_link/new_delete.cpp.obj
LOAD CMakeFiles/main.dir/home/jgettys/Development/pico-sdk/src/rp2_common/pico_standard_link/binary_info.c.obj
LOAD CMakeFiles/main.dir/home/jgettys/Development/pico-sdk/src/rp2_common/pico_stdio/stdio.c.obj
LOAD CMakeFiles/main.dir/home/jgettys/Development/pico-sdk/src/rp2_common/pico_stdio_uart/stdio_uart.c.obj